15:05:34.661 T:140364906031232    INFO: * Adding remote mapping for device 'PinnacleSysPCTVRemote'
15:05:34.661 T:140364906031232    INFO: * Adding remote mapping for device 'anysee'
15:05:34.661 T:140364906031232    INFO: * Adding remote mapping for device 'iMON-PAD'
15:05:34.661 T:140364906031232    INFO: * Adding remote mapping for device 'Antec_Veris_RM200'
15:05:34.661 T:140364906031232    INFO: * Adding remote mapping for device 'MCE_via_iMON'
15:05:34.661 T:140364906031232    INFO: * Adding remote mapping for device 'TwinHanRemote'
15:05:34.661 T:140364906031232    INFO: * Adding remote mapping for device 'linux-input-layer'
15:05:34.661 T:140364906031232    INFO: * Linking remote mapping for 'linux-input-layer' to 'cx23885_remote'
15:05:34.661 T:140364906031232    INFO: * Adding remote mapping for device 'mediacenter'
15:05:34.661 T:140364906031232    INFO: * Adding remote mapping for device 'devinput'
15:05:34.662 T:140364906031232   DEBUG: CButtonTranslator::Load - no userdata Lircmap.xml found, skipping
15:05:34.662 T:140364906031232    INFO: GUI format 4096x2160, Display 4096x2160@ 24.00 - Full Screen
15:05:34.662 T:140364906031232   DEBUG: guilib: Fill viewport on change for solving rendering passes
15:05:34.662 T:140364906031232    INFO: CLangInfo: loading resource.language.en_gb language information...
15:05:34.662 T:140364906031232   DEBUG: trying to set locale to en_US.UTF-8
15:05:34.662 T:140364906031232    INFO: global locale set to C
15:05:34.663 T:140364906031232    INFO: CLangInfo: loading resource.language.en_gb language strings...
15:05:34.670 T:140364906031232   DEBUG: LocalizeStrings: loaded 3789 strings from file resource://resource.language.en_gb/strings.po
15:05:34.675 T:140364906031232   DEBUG: LocalizeStrings: loaded 1 strings from file /usr/share/kodi/addons/audioencoder.xbmc.builtin.aac/resources/language/English/strings.po
15:05:34.675 T:140364906031232   DEBUG: LocalizeStrings: loaded 1 strings from file /usr/share/kodi/addons/audioencoder.xbmc.builtin.wma/resources/language/English/strings.po
15:05:34.675 T:140364906031232   DEBUG: LocalizeStrings: loaded 18 strings from file /usr/share/kodi/addons/game.controller.default/resources/language/resource.language.en_gb/strings.po
15:05:34.675 T:140364906031232   DEBUG: LocalizeStrings: loaded 13 strings from file /storage/.kodi/addons/metadata.album.universal/resources/language/English/strings.po
15:05:34.675 T:140364906031232   DEBUG: LocalizeStrings: loaded 26 strings from file /storage/.kodi/addons/metadata.artists.universal/resources/language/English/strings.po
15:05:34.676 T:140364906031232   DEBUG: LocalizeStrings: loaded 9 strings from file /storage/.kodi/addons/metadata.themoviedb.org/resources/language/resource.language.en_gb/strings.po
15:05:34.676 T:140364906031232   DEBUG: LocalizeStrings: loaded 10 strings from file /storage/.kodi/addons/metadata.tvdb.com/resources/language/resource.language.en_gb/strings.po
15:05:34.677 T:140364906031232   DEBUG: LocalizeStrings: loaded 1 strings from file /usr/share/kodi/addons/screensaver.xbmc.builtin.dim/resources/language/resource.language.en_gb/strings.po
15:05:34.678 T:140364906031232   DEBUG: LocalizeStrings: loaded 206 strings from file /usr/share/kodi/addons/service.libreelec.settings/resources/language/English/strings.po
15:05:34.679 T:140364906031232   DEBUG: LocalizeStrings: loaded 45 strings from file /storage/.kodi/addons/script.module.youtube.dl/resources/language/English/strings.po
15:05:34.680 T:140364906031232   DEBUG: LocalizeStrings: loaded 167 strings from file /storage/.kodi/addons/script.extendedinfo/resources/language/resource.language.en_gb/strings.po
15:05:34.681 T:140364906031232   DEBUG: LocalizeStrings: loaded 51 strings from file /storage/.kodi/addons/script.module.metadatautils/resources/language/resource.language.en_gb/strings.po
15:05:34.681 T:140364906031232   DEBUG: LocalizeStrings: loaded 26 strings from file /storage/.kodi/addons/script.skin.helper.service/resources/language/resource.language.en_gb/strings.po
15:05:34.681 T:140364906031232   DEBUG: LocalizeStrings: loaded 69 strings from file /storage/.kodi/addons/script.skin.helper.widgets/resources/language/resource.language.en_gb/strings.po
15:05:34.681 T:140364906031232   DEBUG: LocalizeStrings: loaded 120 strings from file /storage/.kodi/addons/script.skinshortcuts/resources/language/English/strings.po
15:05:34.681 T:140364906031232   DEBUG: LocalizeStrings: loaded 24 strings from file /storage/.kodi/addons/service.library.data.provider/resources/language/resource.language.en_gb/strings.po
15:05:34.681 T:140364906031232   DEBUG: LocalizeStrings: loaded 7 strings from file /storage/.kodi/addons/script.common.plugin.cache/resources/language/resource.language.en_gb/strings.po
15:05:34.682 T:140364906031232   DEBUG: LocalizeStrings: loaded 100 strings from file /storage/.kodi/addons/script.artwork.downloader/resources/language/English/strings.po
15:05:34.682 T:140364906031232   DEBUG: LocalizeStrings: loaded 297 strings from file /storage/.kodi/addons/plugin.video.youtube/resources/language/resource.language.en_gb/strings.po
15:05:34.683 T:140364906031232   DEBUG: LocalizeStrings: loaded 22 strings from file /storage/.kodi/addons/script.module.buggalo/resources/language/English/strings.xml
15:05:34.683 T:140364906031232   DEBUG: LocalizeStrings: loaded 18 strings from file /storage/.kodi/addons/script.module.simple.downloader/resources/language/English/strings.xml
15:05:34.684 T:140364906031232   DEBUG: LocalizeStrings: loaded 12 strings from file /storage/.kodi/addons/script.keymap/resources/language/English/strings.xml
15:05:34.684 T:140364906031232   DEBUG: LocalizeStrings: loaded 3 strings from file /storage/.kodi/addons/plugin.program.autocompletion/resources/language/English/strings.po
15:05:34.685 T:140364906031232   DEBUG: LocalizeStrings: loaded 3 strings from file /storage/.kodi/addons/script.favourites/resources/language/resource.language.en_GB/strings.po
15:05:34.685 T:140364906031232   DEBUG: LocalizeStrings: loaded 25 strings from file /storage/.kodi/addons/script.service.alarmclock/resources/language/English/strings.po
15:05:34.685 T:140364906031232   DEBUG: LocalizeStrings: loaded 62 strings from file /storage/.kodi/addons/weather.gismeteo/resources/language/resource.language.en_gb/strings.po
15:05:34.685 T:140364906031232   DEBUG: LocalizeStrings: loaded 54 strings from file /storage/.kodi/addons/weather.weatherbit.io/resources/language/English/strings.po
15:05:34.686 T:140364906031232   DEBUG: LocalizeStrings: loaded 48 strings from file /storage/.kodi/addons/service.system.docker/resources/language/English/strings.po
15:05:34.686 T:140364906031232   DEBUG: LocalizeStrings: loaded 46 strings from file /storage/.kodi/addons/script.paragontv/resources/language/resource.language.en_gb/strings.po
15:05:34.687 T:140364906031232   DEBUG: LoadMappings - loaded node "Motorola Nyxboard Hybrid"
15:05:34.687 T:140364906031232   DEBUG: LoadMappings - loaded node "CEC Adapter"
15:05:34.687 T:140364906031232   DEBUG: LoadMappings - loaded node "Pulse-Eight CEC Adapter"
15:05:34.687 T:140364906031232   DEBUG: LoadMappings - loaded node "iMON HID device"
15:05:34.687 T:140364906031232   DEBUG: LoadMappings - loaded node "WETEK Play remote"
15:05:34.687 T:140364906031232   DEBUG: LoadMappings - loaded node ""
15:05:34.687 T:140364906031232   DEBUG: CPeripheralBusUSB - initialised udev monitor
15:05:34.687 T:140364906031232   DEBUG: SECTION:LoadDLL(libcec.so.4)
15:05:34.687 T:140364906031232   DEBUG: Loading: libcec.so.4
15:05:34.696 T:140364906031232   DEBUG: Add-on bus: Registering add-on peripheral.joystick
15:05:34.696 T:140364906031232   DEBUG: PERIPHERAL - CreateAddon - creating peripheral add-on instance 'Joystick Support'
15:05:34.696 T:140364906031232   DEBUG: ADDON: Dll Initializing - Joystick Support
15:05:34.696 T:140364906031232   DEBUG: SECTION:LoadDLL(/usr/lib/kodi/addons/peripheral.joystick/peripheral.joystick.so.1.3.4)
15:05:34.696 T:140364906031232   DEBUG: Loading: /usr/lib/kodi/addons/peripheral.joystick/peripheral.joystick.so.1.3.4
15:05:34.700 T:140364906031232   DEBUG: AddOnLog: Joystick Support: Loaded 14 joystick families with 97 total joysticks
15:05:34.700 T:140364906031232   DEBUG: Calling TransferSettings for: Joystick Support
15:05:34.700 T:140364740011776   DEBUG: Thread PeripBusUSBUdev start, auto delete: false
15:05:34.700 T:140364731619072   DEBUG: Thread PeripBusCEC start, auto delete: false
15:05:34.701 T:140364723226368   DEBUG: Thread PeripBusAddon start, auto delete: false
15:05:34.701 T:140364906031232   DEBUG: SECTION:LoadDLL(libcurl.so.4)
15:05:34.701 T:140364714833664   DEBUG: Thread PeripEventScanner start, auto delete: false
15:05:34.702 T:140364906031232   DEBUG: Loading: libcurl.so.4
15:05:34.704 T:140364887099136  NOTICE: Running database version Addons27
15:05:34.704 T:140364887099136   DEBUG: Initialize, updating databases...
15:05:34.704 T:140364887099136  NOTICE: Running database version ViewModes6
15:05:34.706 T:140364887099136  NOTICE: Running database version Textures13
15:05:34.710 T:140364887099136    INFO: MYSQL: Connected to version 5.5.5-10.3.39-MariaDB-1:10.3.39+maria~ubu2004
15:05:34.711 T:140364887099136  NOTICE: Running database version MyMusic60
15:05:34.713 T:140364887099136  NOTICE: Running database version MyVideos107
15:05:34.714 T:140364887099136  NOTICE: Running database version TV29
15:05:34.714 T:140364887099136  NOTICE: Running database version Epg11
15:05:34.715 T:140364887099136   DEBUG: Initialize, updating databases... DONE
15:05:34.717 T:140364906031232  NOTICE: start dvd mediatype detection
15:05:34.717 T:140364835591936   DEBUG: Thread DetectDVDMedia start, auto delete: false
15:05:34.717 T:140364835591936   DEBUG: Compiled with libcdio Version 0.94
15:05:34.717 T:140364906031232   DEBUG: DPMS: supported power-saving modes: SUSPEND OFF STANDBY
15:05:34.718 T:140364835591936   DEBUG: Thread DetectDVDMedia 140364835591936 terminating
15:05:34.731 T:140364906026752   DEBUG: CAnnouncementManager - Announcement: OnClear from xbmc
15:05:34.731 T:140364906026752   DEBUG: GOT ANNOUNCEMENT, type: 2, from xbmc, message OnClear
15:05:34.740 T:140364906031232    INFO: Unloading old skin ...
15:05:34.741 T:140364906031232    INFO:   load skin from: /storage/.kodi/addons/skin.paragon (version: 6.1.0)
15:05:34.741 T:140364906031232    INFO:   load fonts for skin...
15:05:34.743 T:140364906031232    INFO: Loading fonts from /storage/.kodi/addons/skin.paragon/720p/Font.xml
15:05:34.838 T:140364906031232   ERROR: Couldn't load font name: FontSize_150BH(birth_of_a_hero.ttf), trying to substitute arial.ttf
15:05:34.863 T:140364906031232   ERROR: Couldn't load font name: FontSize_180L(lcdml___.ttf), trying to substitute arial.ttf
15:05:34.953 T:140364906031232   ERROR: Couldn't load font name: font10(roboto-regular.ttf), trying to substitute arial.ttf
15:05:34.954 T:140364906031232   ERROR: Couldn't load font name: font12(roboto-regular.ttf), trying to substitute arial.ttf
15:05:34.955 T:140364906031232   ERROR: Couldn't load font name: font13(roboto-regular.ttf), trying to substitute arial.ttf
15:05:34.957 T:140364906031232   ERROR: Couldn't load font name: font14(roboto-regular.ttf), trying to substitute arial.ttf
15:05:34.958 T:140364906031232   ERROR: Couldn't load font name: font16(roboto-regular.ttf), trying to substitute arial.ttf
15:05:34.959 T:140364906031232   ERROR: Couldn't load font name: font30(roboto-regular.ttf), trying to substitute arial.ttf
15:05:34.961 T:140364906031232   ERROR: Couldn't load font name: fontContextMenu(roboto-regular.ttf), trying to substitute arial.ttf
15:05:34.966 T:140364906031232   ERROR: Couldn't load font name: font_MainMenu(dejavusans-bold-caps.ttf), trying to substitute arial.ttf
15:05:34.969 T:140364906031232   ERROR: Couldn't load font name: PTVL10(poppins-medium.ttf), trying to substitute arial.ttf
15:05:34.969 T:140364906031232   ERROR: Couldn't load font name: PTVL12(poppins-medium.ttf), trying to substitute arial.ttf
15:05:34.971 T:140364906031232   ERROR: Couldn't load font name: PTVL13(poppins-medium.ttf), trying to substitute arial.ttf
15:05:34.971 T:140364906031232   ERROR: Couldn't load font name: PTVL14(poppins-medium.ttf), trying to substitute arial.ttf
15:05:34.973 T:140364906031232   DEBUG: POParser: PO file has Win Style Line Endings. Converted in memory to Linux LF for file: /storage/.kodi/addons/skin.paragon/language/English/strings.po
15:05:34.974 T:140364906031232   DEBUG: LocalizeStrings: loaded 258 strings from file /storage/.kodi/addons/skin.paragon/language/English/strings.po
15:05:34.974 T:140364906031232    INFO: Loading skin includes from /storage/.kodi/addons/skin.paragon/720p/includes.xml
15:05:35.064 T:140364906031232    INFO:   load new skin...
15:05:35.064 T:140364906031232    INFO: Loading user windows, path /storage/.kodi/addons/skin.paragon/720p
15:05:35.074 T:140364906031232   DEBUG: Load Skin XML: 10.13ms
15:05:35.074 T:140364906031232    INFO:   initialize new skin...
15:05:35.074 T:140364906031232   DEBUG: guilib: Fill viewport on change for solving rendering passes
15:05:35.074 T:140364906031232    INFO: Loading skin file: Pointer.xml, load type: LOAD_ON_GUI_INIT
15:05:35.075 T:140364906031232    INFO: Loading skin file: DialogVolumeBar.xml, load type: LOAD_ON_GUI_INIT
15:05:35.076 T:140364906031232    INFO: Loading skin file: DialogNotification.xml, load type: LOAD_ON_GUI_INIT
15:05:35.076 T:140364906031232    INFO: Loading skin file: DialogSeekBar.xml, load type: LOAD_ON_GUI_INIT
15:05:35.077 T:140364906031232    INFO: Loading skin file: DialogBusy.xml, load type: LOAD_ON_GUI_INIT
15:05:35.077 T:140364906031232    INFO: Loading skin file: DialogExtendedProgressBar.xml, load type: LOAD_ON_GUI_INIT
15:05:35.078 T:140364906031232    INFO: Loading resource://resource.uisounds.kodi/sounds.xml
15:05:35.093 T:140364906031232    INFO:   skin loaded...
15:05:35.093 T:140364906031232   DEBUG: Activating window ID: 12997
15:05:35.093 T:140364906031232   DEBUG: ------ Window Init () ------
15:05:35.093 T:140364906031232    INFO: load splash image: /usr/share/kodi/media/Splash.png
15:05:35.103 T:140364906031232   DEBUG: JSONRPC: JSON schema type definition references an unknown type Setting.Details.Setting
15:05:35.103 T:140364906031232 WARNING: JSONRPC: Could not parse type "Setting.Details.SettingList"
15:05:35.103 T:140364906031232    INFO: JSONRPC: Adding type "Setting.Details.SettingList" to list of incomplete definitions (waiting for "Setting.Details.Setting")
15:05:35.103 T:140364906031232    INFO: JSONRPC: Resolving incomplete types/methods referencing Setting.Details.Setting
15:05:35.116 T:140364906031232    INFO: JSONRPC v8.0.0: Successfully initialized
15:05:35.116 T:140364906031232   DEBUG: ADDON: Starting service addons.
15:05:35.117 T:140363600123648   DEBUG: Thread LanguageInvoker start, auto delete: false
15:05:35.117 T:140363600123648    INFO: initializing python engine.
15:05:35.117 T:140363591730944   DEBUG: Thread LanguageInvoker start, auto delete: false
15:05:35.117 T:140363591730944   DEBUG: Previous line repeats 1 times.
15:05:35.117 T:140363591730944    INFO: initializing python engine.
15:05:35.117 T:140363490653952    INFO: Previous line repeats 1 times.
15:05:35.117 T:140363490653952   DEBUG: Thread LanguageInvoker start, auto delete: false
15:05:35.117 T:140363490653952   DEBUG: Previous line repeats 1 times.
15:05:35.117 T:140363490653952    INFO: initializing python engine.
15:05:35.117 T:140363566552832    INFO: Previous line repeats 1 times.
15:05:35.117 T:140363566552832   DEBUG: Thread LanguageInvoker start, auto delete: false
15:05:35.117 T:140363566552832    INFO: initializing python engine.
15:05:35.117 T:140363482261248   DEBUG: Thread LanguageInvoker start, auto delete: false
15:05:35.117 T:140364906031232   DEBUG: Activating window ID: 12999
15:05:35.117 T:140363482261248    INFO: initializing python engine.
15:05:35.117 T:140364906031232   DEBUG: ------ Window Init (Startup.xml) ------
15:05:35.117 T:140364906031232    INFO: Loading skin file: Startup.xml, load type: LOAD_EVERY_TIME
15:05:35.118 T:140364906031232   DEBUG: Activating window ID: 11114
15:05:35.118 T:140364906031232   DEBUG: ------ Window Init (Custom_StartExit.xml) ------
15:05:35.118 T:140364906031232    INFO: Loading skin file: Custom_StartExit.xml, load type: KEEP_IN_MEMORY
15:05:35.118 T:140364906031232 WARNING: Label Formating: $VAR[Custom_ExitSubLabels] is not defined
15:05:35.119 T:140364906031232 WARNING: Previous line repeats 1 times.
15:05:35.119 T:140364906031232   DEBUG: [Warning] CGUITextureManager::GetTexturePath: could not find texture 'buttons/catbullet_nf.png'
15:05:35.119 T:140363473868544   DEBUG: Previous line repeats 1 times.
15:05:35.119 T:140363473868544   DEBUG: Thread AlarmClock start, auto delete: false
15:05:35.119 T:140364906031232   DEBUG: started alarm with name: close
15:05:35.119 T:140364906031232   DEBUG: started alarm with name: starting
15:05:35.119 T:140364906031232   DEBUG: NetworkMessage - Starting network services
15:05:35.121 T:140364906031232   DEBUG: CZeroconfAvahi::clientCallback: client is up and running
15:05:35.121 T:140364906031232  NOTICE: starting zeroconf publishing
15:05:35.121 T:140364906031232  NOTICE: CWebServer[8080]: Started
15:05:35.121 T:140364887099136   DEBUG: CZeroconfAvahi::doPublishService identifier: servers.webserver type: _http._tcp name:Kodi (office) port:8080
15:05:35.121 T:140364906031232  NOTICE: starting upnp client
15:05:35.121 T:140363440297728   DEBUG: Thread JobWorker start, auto delete: true
15:05:35.121 T:140364887099136   DEBUG: CZeroconfAvahi::addService() named: Kodi (office) type: _http._tcp port:8080
15:05:35.121 T:140363440297728   DEBUG: CZeroconfAvahi::doPublishService identifier: servers.jsonrpc-http type: _xbmc-jsonrpc-h._tcp name:Kodi (office) port:8080
15:05:35.122 T:140364906031232  NOTICE: starting upnp renderer
15:05:35.122 T:140363440297728   DEBUG: CZeroconfAvahi::addService() named: Kodi (office) type: _xbmc-jsonrpc-h._tcp port:8080
15:05:35.139 T:140364906031232    INFO: JSONRPC Server: Successfully initialized
15:05:35.139 T:140362744063744   DEBUG: Thread EventServer start, auto delete: false
15:05:35.139 T:140362744063744  NOTICE: ES: Starting UDP Event server on port 9777
15:05:35.139 T:140364887099136   DEBUG: CZeroconfAvahi::doPublishService identifier: servers.jsonrpc-tpc type: _xbmc-jsonrpc._tcp name:Kodi (office) port:9090
15:05:35.139 T:140362735671040   DEBUG: Thread TCPServer start, auto delete: false
15:05:35.139 T:140362744063744  NOTICE: UDP: Listening on port 9777 (ipv6 : true)
15:05:35.139 T:140364906031232   DEBUG: SECTION:LoadDLL(libshairplay.so.0)
15:05:35.139 T:140364887099136   DEBUG: CZeroconfAvahi::addService() named: Kodi (office) type: _xbmc-jsonrpc._tcp port:9090
15:05:35.139 T:140363440297728   DEBUG: CZeroconfAvahi::doPublishService identifier: servers.eventserver type: _xbmc-events._udp name:Kodi (office) port:9777
15:05:35.140 T:140364906031232   DEBUG: Loading: libshairplay.so.0
15:05:35.141 T:140364906031232    INFO: AIRPLAY: Cleaning up photoassetcache
15:05:35.141 T:140362718885632   DEBUG: Thread JobWorker start, auto delete: true
15:05:35.141 T:140362718885632   DEBUG: CZeroconfAvahi::doPublishService identifier: servers.airtunes type: _raop._tcp name:9C5C8E2076E0@Kodi (office) port:36666
15:05:35.141 T:140363440297728   DEBUG: CZeroconfAvahi::addService() named: Kodi (office) type: _xbmc-events._udp port:9777
15:05:35.142 T:140364906031232    INFO: AIRPLAY Server: Successfully initialized
15:05:35.142 T:140364887099136   DEBUG: CZeroconfAvahi::doPublishService identifier: servers.airplay type: _airplay._tcp name:Kodi (office) port:36667
15:05:35.142 T:140362710492928   DEBUG: Thread AirPlayServer start, auto delete: false
15:05:35.143 T:140364906031232   DEBUG: ------ Window Init () ------
15:05:35.143 T:140362718885632   DEBUG: CZeroconfAvahi::addService() named: 9C5C8E2076E0@Kodi (office) type: _raop._tcp port:36666
15:05:35.145 T:140364887099136   DEBUG: CZeroconfAvahi::addService() named: Kodi (office) type: _airplay._tcp port:36667
15:05:35.146 T:140363600123648   DEBUG: CPythonInvoker(0, /storage/.kodi/addons/script.skin.helper.service/service.py): start processing
15:05:35.146 T:140363591730944   DEBUG: CPythonInvoker(1, /storage/.kodi/addons/script.skin.helper.widgets/service.py): start processing
15:05:35.146 T:140363583338240   DEBUG: CPythonInvoker(2, /storage/.kodi/addons/service.library.data.provider/service.py): start processing
15:05:35.146 T:140363490653952   DEBUG: CPythonInvoker(3, /storage/.kodi/addons/plugin.video.youtube/resources/lib/startup.py): start processing
15:05:35.146 T:140363574945536   DEBUG: CPythonInvoker(4, /storage/.kodi/addons/script.module.simple.downloader/default.py): start processing
15:05:35.146 T:140363566552832   DEBUG: CPythonInvoker(5, /storage/.kodi/addons/script.grab.fanart/service.py): start processing
15:05:35.146 T:140363482261248   DEBUG: CPythonInvoker(6, /storage/.kodi/addons/service.system.docker/default.py): start processing
15:05:35.168 T:140363600123648   DEBUG: -->Python Interpreter Initialized<--
15:05:35.168 T:140363600123648   DEBUG: CPythonInvoker(0, /storage/.kodi/addons/script.skin.helper.service/service.py): the source file to load is "/storage/.kodi/addons/script.skin.helper.service/service.py"
15:05:35.196 T:140363490653952   DEBUG: -->Python Interpreter Initialized<--
15:05:35.196 T:140363490653952   DEBUG: CPythonInvoker(3, /storage/.kodi/addons/plugin.video.youtube/resources/lib/startup.py): the source file to load is "/storage/.kodi/addons/plugin.video.youtube/resources/lib/startup.py"
15:05:35.196 T:140363600123648   DEBUG: CPythonInvoker(0, /storage/.kodi/addons/script.skin.helper.service/service.py): setting the Python path to /storage/.kodi/addons/script.skin.helper.service:/storage/.kodi/addons/script.module.arrow/lib:/storage/.kodi/addons/script.module.backports.functools_lru_cache/lib:/storage/.kodi/addons/script.module.beautifulsoup/lib:/storage/.kodi/addons/script.module.certifi/lib:/storage/.kodi/addons/script.module.chardet/lib:/storage/.kodi/addons/script.module.dateutil/lib:/storage/.kodi/addons/script.module.idna/lib:/storage/.kodi/addons/script.module.metadatautils/lib:/storage/.kodi/addons/script.module.musicbrainz/lib:/storage/.kodi/addons/script.module.requests/lib:/storage/.kodi/addons/script.module.simplecache/lib:/storage/.kodi/addons/script.module.simplejson/lib:/storage/.kodi/addons/script.module.six/lib:/storage/.kodi/addons/script.module.thetvdb/lib:/storage/.kodi/addons/script.module.urllib3/lib:/usr/lib/python27.zip:/usr/lib/python2.7:/usr/lib/python2.7/plat-linux2:/usr/lib/python2.7/lib-tk:/usr/lib/python2.7/lib-old:/usr/lib/python2.7/lib-dynload:/usr/lib/python2.7/site-packages:/usr/lib/python2.7/site-packages/gtk-2.0
15:05:35.196 T:140363600123648   DEBUG: CPythonInvoker(0, /storage/.kodi/addons/script.skin.helper.service/service.py): entering source directory /storage/.kodi/addons/script.skin.helper.service
15:05:35.196 T:140363583338240   DEBUG: -->Python Interpreter Initialized<--
15:05:35.196 T:140363583338240   DEBUG: CPythonInvoker(2, /storage/.kodi/addons/service.library.data.provider/service.py): the source file to load is "/storage/.kodi/addons/service.library.data.provider/service.py"
15:05:35.196 T:140363600123648   DEBUG: CPythonInvoker(0, /storage/.kodi/addons/script.skin.helper.service/service.py): instantiating addon using automatically obtained id of "script.skin.helper.service" dependent on version 2.13.0 of the xbmc.python api
15:05:35.196 T:140363574945536   DEBUG: -->Python Interpreter Initialized<--
15:05:35.196 T:140363574945536   DEBUG: CPythonInvoker(4, /storage/.kodi/addons/script.module.simple.downloader/default.py): the source file to load is "/storage/.kodi/addons/script.module.simple.downloader/default.py"
15:05:35.197 T:140363566552832   DEBUG: -->Python Interpreter Initialized<--
15:05:35.197 T:140363566552832   DEBUG: CPythonInvoker(5, /storage/.kodi/addons/script.grab.fanart/service.py): the source file to load is "/storage/.kodi/addons/script.grab.fanart/service.py"
15:05:35.197 T:140363591730944   DEBUG: -->Python Interpreter Initialized<--
15:05:35.197 T:140363591730944   DEBUG: CPythonInvoker(1, /storage/.kodi/addons/script.skin.helper.widgets/service.py): the source file to load is "/storage/.kodi/addons/script.skin.helper.widgets/service.py"
15:05:35.197 T:140363490653952   DEBUG: CPythonInvoker(3, /storage/.kodi/addons/plugin.video.youtube/resources/lib/startup.py): setting the Python path to /storage/.kodi/addons/plugin.video.youtube/resources/lib:/storage/.kodi/addons/script.module.certifi/lib:/storage/.kodi/addons/script.module.chardet/lib:/storage/.kodi/addons/script.module.idna/lib:/storage/.kodi/addons/script.module.requests/lib:/storage/.kodi/addons/script.module.six/lib:/storage/.kodi/addons/script.module.urllib3/lib:/usr/lib/python27.zip:/usr/lib/python2.7:/usr/lib/python2.7/plat-linux2:/usr/lib/python2.7/lib-tk:/usr/lib/python2.7/lib-old:/usr/lib/python2.7/lib-dynload:/usr/lib/python2.7/site-packages:/usr/lib/python2.7/site-packages/gtk-2.0
15:05:35.197 T:140363490653952   DEBUG: CPythonInvoker(3, /storage/.kodi/addons/plugin.video.youtube/resources/lib/startup.py): entering source directory /storage/.kodi/addons/plugin.video.youtube/resources/lib
15:05:35.197 T:140363583338240   DEBUG: CPythonInvoker(2, /storage/.kodi/addons/service.library.data.provider/service.py): setting the Python path to /storage/.kodi/addons/service.library.data.provider:/storage/.kodi/addons/script.module.routing/lib:/storage/.kodi/addons/script.module.simplejson/lib:/usr/lib/python27.zip:/usr/lib/python2.7:/usr/lib/python2.7/plat-linux2:/usr/lib/python2.7/lib-tk:/usr/lib/python2.7/lib-old:/usr/lib/python2.7/lib-dynload:/usr/lib/python2.7/site-packages:/usr/lib/python2.7/site-packages/gtk-2.0
15:05:35.197 T:140363583338240   DEBUG: CPythonInvoker(2, /storage/.kodi/addons/service.library.data.provider/service.py): entering source directory /storage/.kodi/addons/service.library.data.provider
15:05:35.197 T:140363490653952   DEBUG: CPythonInvoker(3, /storage/.kodi/addons/plugin.video.youtube/resources/lib/startup.py): instantiating addon using automatically obtained id of "plugin.video.youtube" dependent on version 2.20.0 of the xbmc.python api
15:05:35.197 T:140363583338240   DEBUG: CPythonInvoker(2, /storage/.kodi/addons/service.library.data.provider/service.py): instantiating addon using automatically obtained id of "service.library.data.provider" dependent on version 2.25.0 of the xbmc.python api
15:05:35.198 T:140363591730944   DEBUG: CPythonInvoker(1, /storage/.kodi/addons/script.skin.helper.widgets/service.py): setting the Python path to /storage/.kodi/addons/script.skin.helper.widgets:/storage/.kodi/addons/script.module.arrow/lib:/storage/.kodi/addons/script.module.backports.functools_lru_cache/lib:/storage/.kodi/addons/script.module.beautifulsoup/lib:/storage/.kodi/addons/script.module.certifi/lib:/storage/.kodi/addons/script.module.chardet/lib:/storage/.kodi/addons/script.module.dateutil/lib:/storage/.kodi/addons/script.module.idna/lib:/storage/.kodi/addons/script.module.metadatautils/lib:/storage/.kodi/addons/script.module.musicbrainz/lib:/storage/.kodi/addons/script.module.requests/lib:/storage/.kodi/addons/script.module.simplecache/lib:/storage/.kodi/addons/script.module.simplejson/lib:/storage/.kodi/addons/script.module.six/lib:/storage/.kodi/addons/script.module.thetvdb/lib:/storage/.kodi/addons/script.module.urllib3/lib:/usr/lib/python27.zip:/usr/lib/python2.7:/usr/lib/python2.7/plat-linux2:/usr/lib/python2.7/lib-tk:/usr/lib/python2.7/lib-old:/usr/lib/python2.7/lib-dynload:/usr/lib/python2.7/site-packages:/usr/lib/python2.7/site-packages/gtk-2.0
15:05:35.198 T:140363591730944   DEBUG: CPythonInvoker(1, /storage/.kodi/addons/script.skin.helper.widgets/service.py): entering source directory /storage/.kodi/addons/script.skin.helper.widgets
15:05:35.216 T:140363591730944   DEBUG: CPythonInvoker(1, /storage/.kodi/addons/script.skin.helper.widgets/service.py): instantiating addon using automatically obtained id of "script.skin.helper.widgets" dependent on version 2.24.0 of the xbmc.python api
15:05:35.339 T:140363600123648   DEBUG: Skin Helper Simplecache --> Initialized
15:05:35.340 T:140363600123648   DEBUG: Previous line repeats 1 times.
15:05:35.340 T:140363600123648   DEBUG: script.module.thetvdb --> Initialized
15:05:35.474 T:140363490653952   DEBUG: [plugin.video.youtube] send_notification: |check_settings| -> |{"httpd_address": "0.0.0.0", "use_httpd": false, "whitelist": "", "httpd_port": 50152}|
15:05:35.474 T:140363490653952   DEBUG: [plugin.video.youtube] JSONStore Load |/storage/.kodi/userdata/addon_data/plugin.video.youtube/api_keys.json|
15:05:35.474 T:140363490653952   DEBUG: [plugin.video.youtube] JSONStore Load |/storage/.kodi/userdata/addon_data/plugin.video.youtube/access_manager.json|
15:05:35.479 T:140364906026752   DEBUG: CAnnouncementManager - Announcement: check_settings from plugin.video.youtube
15:05:35.479 T:140364906026752   DEBUG: GOT ANNOUNCEMENT, type: 512, from plugin.video.youtube, message check_settings
15:05:35.481 T:140363490653952   DEBUG: [plugin.video.youtube] User: |0| Using API key set: |own|
15:05:35.484 T:140363490653952   DEBUG: [plugin.video.youtube] YouTube service initialization...
15:05:35.487 T:140363574945536   DEBUG: CPythonInvoker(4, /storage/.kodi/addons/script.module.simple.downloader/default.py): setting the Python path to /storage/.kodi/addons/script.module.simple.downloader:/storage/.kodi/addons/script.common.plugin.cache/resources/lib/storage_server/:/storage/.kodi/addons/script.module.parsedom/lib:/usr/lib/python27.zip:/usr/lib/python2.7:/usr/lib/python2.7/plat-linux2:/usr/lib/python2.7/lib-tk:/usr/lib/python2.7/lib-old:/usr/lib/python2.7/lib-dynload:/usr/lib/python2.7/site-packages:/usr/lib/python2.7/site-packages/gtk-2.0
15:05:35.487 T:140363574945536   DEBUG: CPythonInvoker(4, /storage/.kodi/addons/script.module.simple.downloader/default.py): entering source directory /storage/.kodi/addons/script.module.simple.downloader
15:05:35.487 T:140363574945536   DEBUG: CPythonInvoker(4, /storage/.kodi/addons/script.module.simple.downloader/default.py): instantiating addon using automatically obtained id of "script.module.simple.downloader" dependent on version 2.1.0 of the xbmc.python api
15:05:35.488 T:140363566552832   DEBUG: CPythonInvoker(5, /storage/.kodi/addons/script.grab.fanart/service.py): setting the Python path to /storage/.kodi/addons/script.grab.fanart:/usr/lib/python27.zip:/usr/lib/python2.7:/usr/lib/python2.7/plat-linux2:/usr/lib/python2.7/lib-tk:/usr/lib/python2.7/lib-old:/usr/lib/python2.7/lib-dynload:/usr/lib/python2.7/site-packages:/usr/lib/python2.7/site-packages/gtk-2.0
15:05:35.488 T:140363566552832   DEBUG: CPythonInvoker(5, /storage/.kodi/addons/script.grab.fanart/service.py): entering source directory /storage/.kodi/addons/script.grab.fanart
15:05:35.488 T:140363566552832   DEBUG: CPythonInvoker(5, /storage/.kodi/addons/script.grab.fanart/service.py): instantiating addon using automatically obtained id of "script.grab.fanart" dependent on version 2.19.0 of the xbmc.python api
15:05:35.490 T:140363482261248   DEBUG: -->Python Interpreter Initialized<--
15:05:35.490 T:140363482261248   DEBUG: CPythonInvoker(6, /storage/.kodi/addons/service.system.docker/default.py): the source file to load is "/storage/.kodi/addons/service.system.docker/default.py"
15:05:35.503 T:140363600123648   DEBUG: Skin Helper Simplecache --> Initialized
15:05:35.503 T:140363591730944  NOTICE: Skin Helper Widgets --> Backgroundservice started
15:05:35.503 T:140363482261248   DEBUG: CPythonInvoker(6, /storage/.kodi/addons/service.system.docker/default.py): setting the Python path to /storage/.kodi/addons/service.system.docker:/usr/lib/python27.zip:/usr/lib/python2.7:/usr/lib/python2.7/plat-linux2:/usr/lib/python2.7/lib-tk:/usr/lib/python2.7/lib-old:/usr/lib/python2.7/lib-dynload:/usr/lib/python2.7/site-packages:/usr/lib/python2.7/site-packages/gtk-2.0
15:05:35.503 T:140363482261248   DEBUG: CPythonInvoker(6, /storage/.kodi/addons/service.system.docker/default.py): entering source directory /storage/.kodi/addons/service.system.docker
15:05:35.503 T:140363482261248   DEBUG: CPythonInvoker(6, /storage/.kodi/addons/service.system.docker/default.py): instantiating addon using automatically obtained id of "service.system.docker" dependent on version 2.1.0 of the xbmc.python api
15:05:35.505 T:140363600123648   DEBUG: Skin Helper Simplecache --> Initialized
15:05:35.535 T:140363574945536    INFO: CPythonInvoker(4, /storage/.kodi/addons/script.module.simple.downloader/default.py): script successfully run
15:05:35.569 T:140363566552832  NOTICE: script.grab.fanart: Grab Fanart Service Started
15:05:35.573 T:140363600123648   DEBUG: Skin Helper Simplecache --> Initialized
15:05:35.573 T:140363600123648   DEBUG: Metadata and Artwork module --> Initialized
15:05:35.573 T:140363566552832   DEBUG: script.grab.fanart: media type is: random
15:05:35.592 T:140363566552832   DEBUG: RunQuery took 17 ms for 389 items query: select * from movie_view
15:05:35.593 T:140363574945536    INFO: Python script stopped
15:05:35.593 T:140363574945536   DEBUG: Thread LanguageInvoker 140363574945536 terminating
15:05:35.612 T:140363600123648   DEBUG: Skin Helper Simplecache --> Initialized
15:05:35.630 T:140362215323392   DEBUG: Skin Helper Service --> ListItemMonitor - started
15:05:35.630 T:140362081367808  NOTICE: Skin Helper Service --> WebService - start helper webservice on port 52307
15:05:35.630 T:140363600123648  NOTICE: Skin Helper Service --> Skin Helper Service version 1.1.3 started
15:05:35.632 T:140363482261248   DEBUG: ## LibreELEC Addon ## 8.2.0
15:05:35.636 T:140363583338240   DEBUG: Library Data Provider: service version 0.3.2 started
15:05:35.667 T:140363583338240   DEBUG: RunQuery took 20 ms for 362 items query: select * from movie_view  WHERE ((movie_view.playCount IS NULL OR movie_view.playCount < 1))
15:05:35.688 T:140362047796992   DEBUG: Thread Timer start, auto delete: false
15:05:35.690 T:140362047796992   DEBUG: Thread Timer 140362047796992 terminating
15:05:35.690 T:140362039404288   DEBUG: Thread Timer start, auto delete: false
15:05:35.692 T:140362039404288   DEBUG: Thread Timer 140362039404288 terminating
15:05:35.692 T:140362047796992   DEBUG: Thread Timer start, auto delete: false
15:05:35.699 T:140362047796992   DEBUG: Thread Timer 140362047796992 terminating
15:05:35.701 T:140362031011584   DEBUG: Thread Timer start, auto delete: false
15:05:35.701 T:140362031011584   DEBUG: Thread Timer 140362031011584 terminating
15:05:35.702 T:140362047796992   DEBUG: Thread Timer start, auto delete: false
15:05:35.741 T:140363566552832   DEBUG: script.grab.fanart: found 389 movies files
15:05:35.844 T:140363566552832   DEBUG: RunQuery took 102 ms for 541 items query: SELECT * FROM tvshow_view
15:05:35.951 T:140363465475840   DEBUG: CZeroconfAvahi::groupCallback: Service successfully established
15:05:35.980 T:140363566552832   DEBUG: Previous line repeats 5 times.
15:05:35.980 T:140363566552832   DEBUG: script.grab.fanart: found 430 tv files
15:05:35.982 T:140363566552832   DEBUG: GetArtistsByWhere query: SELECT artistview.* FROM artistview  WHERE (EXISTS (SELECT 1 FROM album_artist WHERE album_artist.idArtist = artistview.idArtist)) AND (artistview.strArtist != '')
15:05:36.001 T:140363566552832   DEBUG: Time to retrieve artists from dataset = 19
15:05:36.033 T:140363566552832   DEBUG: script.grab.fanart: found 147 music files
15:05:36.137 T:140363583338240   DEBUG: RunQuery took 379 ms for 22117 items query: select * from episode_view  WHERE ((episode_view.playCount IS NULL OR episode_view.playCount < 1))
15:05:36.203 T:140362047796992   DEBUG: Thread Timer 140362047796992 terminating
15:05:36.328 T:140363583338240   DEBUG: GetSongsFullByWhere query = SELECT sv.*, songartistview.* FROM (SELECT songview.* FROM songview  WHERE ((CAST(songview.iTimesPlayed as DECIMAL(5,1)) < 1)) ORDER BY RAND() LIMIT 20) AS sv JOIN songartistview ON songartistview.idsong = sv.idsong  ORDER BY songartistview.idsong, songartistview.idRole, songartistview.iOrder
15:05:36.347 T:140363583338240   DEBUG: GetSongsFullByWhere() - took 19 ms
15:05:36.364 T:140363583338240   DEBUG: GetAlbumsByWhere query: SELECT albumview.*, albumartistview.* FROM albumview JOIN albumartistview ON albumartistview.idalbum = albumview.idalbum  WHERE albumview.strReleaseType = 'album'
15:05:36.365 T:140363583338240   DEBUG: GetAlbumsByWhere - query took 1 ms
15:05:36.381 T:140363583338240   DEBUG: RunQuery took 1 ms for 0 items query: select * from musicvideo_view  WHERE ((musicvideo_view.playCount IS NULL OR musicvideo_view.playCount < 1))
15:05:36.400 T:140363583338240   DEBUG: RunQuery took 16 ms for 362 items query: select * from movie_view  WHERE ((movie_view.playCount IS NULL OR movie_view.playCount < 1))
15:05:36.825 T:140363583338240   DEBUG: RunQuery took 351 ms for 22117 items query: select * from episode_view  WHERE ((episode_view.playCount IS NULL OR episode_view.playCount < 1))
15:05:37.315 T:140363583338240   DEBUG: GetAlbumsByWhere query: SELECT albumview.*, albumartistview.* FROM albumview JOIN albumartistview ON albumartistview.idalbum = albumview.idalbum  WHERE albumview.strReleaseType = 'album'
15:05:37.315 T:140363583338240   DEBUG: GetAlbumsByWhere - query took 1 ms
15:05:37.331 T:140363583338240   DEBUG: RunQuery took 0 ms for 0 items query: select * from musicvideo_view  WHERE ((musicvideo_view.playCount IS NULL OR musicvideo_view.playCount < 1))
15:05:37.335 T:140363583338240   DEBUG: RunQuery took 2 ms for 21 items query: select * from movie_view  WHERE (movie_view.idFile  IN (SELECT DISTINCT idFile FROM bookmark WHERE type = 1))
15:05:37.481 T:140363583338240   DEBUG: RunQuery took 90 ms for 177 items query: SELECT * FROM tvshow_view  WHERE ((CASE WHEN COALESCE(tvshow_view.totalCount - tvshow_view.watchedcount, 0) > 0 THEN 0 ELSE 1 END  < 1)) AND ( ((tvshow_view.watchedcount > 0 AND tvshow_view.watchedcount < tvshow_view.totalCount) OR (tvshow_view.watchedcount = 0 AND EXISTS (SELECT 1 FROM episode_view WHERE episode_view.idShow = tvshow_view.idShow AND episode_view.resumeTimeInSeconds > 0))))
15:05:37.493 T:140363583338240   DEBUG: RunQuery took 2 ms for 48 items query: select * from episode_view  WHERE (episode_view.idShow = 1018) AND (((episode_view.playCount IS NULL OR episode_view.playCount < 1)))
15:05:37.493 T:140363583338240   DEBUG: DatabaseUtils::GetSortFieldList: unknown field 30
15:05:37.501 T:140363583338240   DEBUG: RunQuery took 2 ms for 42 items query: select * from episode_view  WHERE (episode_view.idShow = 665) AND (((episode_view.playCount IS NULL OR episode_view.playCount < 1)))
15:05:37.501 T:140363583338240   DEBUG: DatabaseUtils::GetSortFieldList: unknown field 30
15:05:37.508 T:140363583338240   DEBUG: RunQuery took 1 ms for 40 items query: select * from episode_view  WHERE (episode_view.idShow = 832) AND (((episode_view.playCount IS NULL OR episode_view.playCount < 1)))
15:05:37.508 T:140363583338240   DEBUG: DatabaseUtils::GetSortFieldList: unknown field 30
15:05:37.515 T:140363583338240   DEBUG: RunQuery took 2 ms for 110 items query: select * from episode_view  WHERE (episode_view.idShow = 666) AND (((episode_view.playCount IS NULL OR episode_view.playCount < 1)))
15:05:37.515 T:140363583338240   DEBUG: DatabaseUtils::GetSortFieldList: unknown field 30
15:05:37.523 T:140363583338240   DEBUG: RunQuery took 2 ms for 50 items query: select * from episode_view  WHERE (episode_view.idShow = 1021) AND (((episode_view.playCount IS NULL OR episode_view.playCount < 1)))
15:05:37.523 T:140363583338240   DEBUG: DatabaseUtils::GetSortFieldList: unknown field 30
15:05:37.530 T:140363583338240   DEBUG: RunQuery took 1 ms for 2 items query: select * from episode_view  WHERE (episode_view.idShow = 990) AND (((episode_view.playCount IS NULL OR episode_view.playCount < 1)))
15:05:37.530 T:140363583338240   DEBUG: DatabaseUtils::GetSortFieldList: unknown field 30
15:05:37.536 T:140363583338240   DEBUG: RunQuery took 1 ms for 21 items query: select * from episode_view  WHERE (episode_view.idShow = 667) AND (((episode_view.playCount IS NULL OR episode_view.playCount < 1)))
15:05:37.536 T:140363583338240   DEBUG: DatabaseUtils::GetSortFieldList: unknown field 30
15:05:37.545 T:140363583338240   DEBUG: RunQuery took 4 ms for 218 items query: select * from episode_view  WHERE (episode_view.idShow = 1147) AND (((episode_view.playCount IS NULL OR episode_view.playCount < 1)))
15:05:37.545 T:140363583338240   DEBUG: DatabaseUtils::GetSortFieldList: unknown field 30
15:05:37.553 T:140363583338240   DEBUG: RunQuery took 1 ms for 3 items query: select * from episode_view  WHERE (episode_view.idShow = 740) AND (((episode_view.playCount IS NULL OR episode_view.playCount < 1)))
15:05:37.553 T:140363583338240   DEBUG: DatabaseUtils::GetSortFieldList: unknown field 30
15:05:37.560 T:140363583338240   DEBUG: RunQuery took 2 ms for 83 items query: select * from episode_view  WHERE (episode_view.idShow = 1130) AND (((episode_view.playCount IS NULL OR episode_view.playCount < 1)))
15:05:37.560 T:140363583338240   DEBUG: DatabaseUtils::GetSortFieldList: unknown field 30
15:05:37.568 T:140363583338240   DEBUG: RunQuery took 2 ms for 105 items query: select * from episode_view  WHERE (episode_view.idShow = 669) AND (((episode_view.playCount IS NULL OR episode_view.playCount < 1)))
15:05:37.568 T:140363583338240   DEBUG: DatabaseUtils::GetSortFieldList: unknown field 30
15:05:37.575 T:140363583338240   DEBUG: RunQuery took 1 ms for 24 items query: select * from episode_view  WHERE (episode_view.idShow = 1069) AND (((episode_view.playCount IS NULL OR episode_view.playCount < 1)))
15:05:37.575 T:140363583338240   DEBUG: DatabaseUtils::GetSortFieldList: unknown field 30
15:05:37.581 T:140363583338240   DEBUG: RunQuery took 1 ms for 3 items query: select * from episode_view  WHERE (episode_view.idShow = 739) AND (((episode_view.playCount IS NULL OR episode_view.playCount < 1)))
15:05:37.581 T:140363583338240   DEBUG: DatabaseUtils::GetSortFieldList: unknown field 30
15:05:37.587 T:140363583338240   DEBUG: RunQuery took 1 ms for 14 items query: select * from episode_view  WHERE (episode_view.idShow = 989) AND (((episode_view.playCount IS NULL OR episode_view.playCount < 1)))
15:05:37.587 T:140363583338240   DEBUG: DatabaseUtils::GetSortFieldList: unknown field 30
15:05:37.593 T:140363583338240   DEBUG: RunQuery took 1 ms for 37 items query: select * from episode_view  WHERE (episode_view.idShow = 680) AND (((episode_view.playCount IS NULL OR episode_view.playCount < 1)))
15:05:37.593 T:140363583338240   DEBUG: DatabaseUtils::GetSortFieldList: unknown field 30
15:05:37.600 T:140363583338240   DEBUG: RunQuery took 2 ms for 103 items query: select * from episode_view  WHERE (episode_view.idShow = 711) AND (((episode_view.playCount IS NULL OR episode_view.playCount < 1)))
15:05:37.600 T:140363583338240   DEBUG: DatabaseUtils::GetSortFieldList: unknown field 30
15:05:37.608 T:140363583338240   DEBUG: RunQuery took 2 ms for 112 items query: select * from episode_view  WHERE (episode_view.idShow = 838) AND (((episode_view.playCount IS NULL OR episode_view.playCount < 1)))
15:05:37.608 T:140363583338240   DEBUG: DatabaseUtils::GetSortFieldList: unknown field 30
15:05:37.616 T:140363583338240   DEBUG: RunQuery took 2 ms for 47 items query: select * from episode_view  WHERE (episode_view.idShow = 1072) AND (((episode_view.playCount IS NULL OR episode_view.playCount < 1)))
15:05:37.616 T:140363583338240   DEBUG: DatabaseUtils::GetSortFieldList: unknown field 30
15:05:37.623 T:140363583338240   DEBUG: RunQuery took 2 ms for 85 items query: select * from episode_view  WHERE (episode_view.idShow = 992) AND (((episode_view.playCount IS NULL OR episode_view.playCount < 1)))
15:05:37.623 T:140363583338240   DEBUG: DatabaseUtils::GetSortFieldList: unknown field 30
15:05:37.630 T:140363583338240   DEBUG: RunQuery took 1 ms for 63 items query: select * from episode_view  WHERE (episode_view.idShow = 974) AND (((episode_view.playCount IS NULL OR episode_view.playCount < 1)))
15:05:37.630 T:140363583338240   DEBUG: DatabaseUtils::GetSortFieldList: unknown field 30
15:05:37.636 T:140363583338240   DEBUG: GetAlbumsByWhere query: SELECT albumview.*, albumartistview.* FROM albumview JOIN albumartistview ON albumartistview.idalbum = albumview.idalbum  WHERE albumview.strReleaseType = 'album'
15:05:37.636 T:140363583338240   DEBUG: GetAlbumsByWhere - query took 1 ms
15:05:37.649 T:140363583338240   DEBUG: CFavourites::Load - no system favourites found, skipping
15:05:37.738 T:140363583338240   DEBUG: RunQuery took 86 ms for 487 items query: SELECT * FROM tvshow_view  WHERE ((CASE WHEN COALESCE(tvshow_view.totalCount - tvshow_view.watchedcount, 0) > 0 THEN 0 ELSE 1 END  < 1))
15:05:37.878 T:140363583338240   DEBUG: RunQuery took 3 ms for 189 items query: select * from episode_view  WHERE (episode_view.idShow = 996) AND (((episode_view.playCount IS NULL OR episode_view.playCount < 1)) AND ((episode_view.playCount IS NULL OR episode_view.playCount < 1)))
15:05:37.878 T:140363583338240   DEBUG: DatabaseUtils::GetSortFieldList: unknown field 30
15:05:37.889 T:140363583338240   DEBUG: RunQuery took 4 ms for 218 items query: select * from episode_view  WHERE (episode_view.idShow = 1147) AND (((episode_view.playCount IS NULL OR episode_view.playCount < 1)) AND ((episode_view.playCount IS NULL OR episode_view.playCount < 1)))
15:05:37.889 T:140363583338240   DEBUG: DatabaseUtils::GetSortFieldList: unknown field 30
15:05:37.901 T:140363583338240   DEBUG: RunQuery took 4 ms for 200 items query: select * from episode_view  WHERE (episode_view.idShow = 1044) AND (((episode_view.playCount IS NULL OR episode_view.playCount < 1)) AND ((episode_view.playCount IS NULL OR episode_view.playCount < 1)))
15:05:37.901 T:140363583338240   DEBUG: DatabaseUtils::GetSortFieldList: unknown field 30
15:05:37.910 T:140363583338240   DEBUG: RunQuery took 1 ms for 10 items query: select * from episode_view  WHERE (episode_view.idShow = 690) AND (((episode_view.playCount IS NULL OR episode_view.playCount < 1)) AND ((episode_view.playCount IS NULL OR episode_view.playCount < 1)))
15:05:37.910 T:140363583338240   DEBUG: DatabaseUtils::GetSortFieldList: unknown field 30
15:05:37.917 T:140363583338240   DEBUG: RunQuery took 2 ms for 90 items query: select * from episode_view  WHERE (episode_view.idShow = 821) AND (((episode_view.playCount IS NULL OR episode_view.playCount < 1)) AND ((episode_view.playCount IS NULL OR episode_view.playCount < 1)))
15:05:37.917 T:140363583338240   DEBUG: DatabaseUtils::GetSortFieldList: unknown field 30
15:05:37.924 T:140363583338240   DEBUG: RunQuery took 1 ms for 3 items query: select * from episode_view  WHERE (episode_view.idShow = 739) AND (((episode_view.playCount IS NULL OR episode_view.playCount < 1)) AND ((episode_view.playCount IS NULL OR episode_view.playCount < 1)))
15:05:37.924 T:140363583338240   DEBUG: DatabaseUtils::GetSortFieldList: unknown field 30
15:05:37.932 T:140363583338240   DEBUG: RunQuery took 3 ms for 127 items query: select * from episode_view  WHERE (episode_view.idShow = 1116) AND (((episode_view.playCount IS NULL OR episode_view.playCount < 1)) AND ((episode_view.playCount IS NULL OR episode_view.playCount < 1)))
15:05:37.932 T:140363583338240   DEBUG: DatabaseUtils::GetSortFieldList: unknown field 30
15:05:37.944 T:140363583338240   DEBUG: RunQuery took 5 ms for 295 items query: select * from episode_view  WHERE (episode_view.idShow = 1024) AND (((episode_view.playCount IS NULL OR episode_view.playCount < 1)) AND ((episode_view.playCount IS NULL OR episode_view.playCount < 1)))
15:05:37.944 T:140363583338240   DEBUG: DatabaseUtils::GetSortFieldList: unknown field 30
15:05:37.954 T:140363583338240   DEBUG: RunQuery took 1 ms for 20 items query: select * from episode_view  WHERE (episode_view.idShow = 986) AND (((episode_view.playCount IS NULL OR episode_view.playCount < 1)) AND ((episode_view.playCount IS NULL OR episode_view.playCount < 1)))
15:05:37.954 T:140363583338240   DEBUG: DatabaseUtils::GetSortFieldList: unknown field 30
15:05:37.963 T:140363583338240   DEBUG: RunQuery took 4 ms for 188 items query: select * from episode_view  WHERE (episode_view.idShow = 700) AND (((episode_view.playCount IS NULL OR episode_view.playCount < 1)) AND ((episode_view.playCount IS NULL OR episode_view.playCount < 1)))
15:05:37.963 T:140363583338240   DEBUG: DatabaseUtils::GetSortFieldList: unknown field 30
15:05:37.971 T:140363583338240   DEBUG: RunQuery took 1 ms for 56 items query: select * from episode_view  WHERE (episode_view.idShow = 911) AND (((episode_view.playCount IS NULL OR episode_view.playCount < 1)) AND ((episode_view.playCount IS NULL OR episode_view.playCount < 1)))
15:05:37.971 T:140363583338240   DEBUG: DatabaseUtils::GetSortFieldList: unknown field 30
15:05:37.975 T:140363583338240   DEBUG: Library Data Provider: Total time needed for all queries: 0:00:02.339044
15:05:39.938 T:140364906031232   DEBUG: ------ Window Deinit (Custom_StartExit.xml) ------
15:05:39.939 T:140364906031232 WARNING: CApplication::Initialize - startup.xml taints init process
15:05:39.945 T:140364906031232   DEBUG: ContextMenuManager: addon menus reloaded.
15:05:39.945 T:140364906031232    INFO: removing tempfiles
15:05:39.947 T:140364906031232   DEBUG: ADDON: Starting service addons.
15:05:39.956 T:140363574945536   DEBUG: Thread LanguageInvoker start, auto delete: false
15:05:39.956 T:140363574945536    INFO: initializing python engine.
15:05:39.957 T:140362047796992   DEBUG: Thread LanguageInvoker start, auto delete: false
