14:54:18.120 T:139669386405632   ERROR: Traceback (most recent call last):
                                              File "/home/chewitt/LibreELEC.82-images/build.LibreELEC-Generic.x86_64-8.2.5/LibreELEC-settings-0768930/.install_pkg/usr/share/kodi/addons/service.libreelec.settings/resources/lib/oeWindows.py", line 385, in onFocus
                                            RuntimeError: Non-Existent Control 1900
14:54:18.192 T:139669386405632   ERROR: EXCEPTION: Non-Existent Control 1900
14:54:18.192 T:139669386405632   ERROR: ## LibreELEC Addon ## oeWindows.mainWindow::onFocus(1000) ## ERROR: (RuntimeError('Non-Existent Control 1900',))
14:54:18.193 T:139669386405632   ERROR: Traceback (most recent call last):
                                              File "/home/chewitt/LibreELEC.82-images/build.LibreELEC-Generic.x86_64-8.2.5/LibreELEC-settings-0768930/.install_pkg/usr/share/kodi/addons/service.libreelec.settings/resources/lib/oeWindows.py", line 385, in onFocus
                                            RuntimeError: Non-Existent Control 1900
14:54:18.233 T:139672691595392   DEBUG: Keyboard: scancode: 0x71, sym: 0x0114, unicode: 0x0000, modifier: 0x0
14:54:18.795 T:139672691595392   DEBUG: Keyboard: scancode: 0x74, sym: 0x0112, unicode: 0x0000, modifier: 0x0
14:54:18.795 T:139672691595392   DEBUG: OnKey: down (0xf081) pressed, action is Down
14:54:18.859 T:139669386405632   ERROR: EXCEPTION: Non-Existent Control 1900
14:54:18.859 T:139669386405632   ERROR: ## LibreELEC Addon ## oeWindows.mainWindow::onFocus(1000) ## ERROR: (RuntimeError('Non-Existent Control 1900',))
14:54:18.859 T:139669386405632   ERROR: Traceback (most recent call last):
                                              File "/home/chewitt/LibreELEC.82-images/build.LibreELEC-Generic.x86_64-8.2.5/LibreELEC-settings-0768930/.install_pkg/usr/share/kodi/addons/service.libreelec.settings/resources/lib/oeWindows.py", line 385, in onFocus
                                            RuntimeError: Non-Existent Control 1900
14:54:18.982 T:139672691595392   DEBUG: Keyboard: scancode: 0x74, sym: 0x0112, unicode: 0x0000, modifier: 0x0
14:54:19.130 T:139669618538240   ERROR: [PTV Shutdown Timer] Checking schedule 'Bedtime'
14:54:19.130 T:139669618538240   ERROR: [PTV Shutdown Timer] Current time: 14:54
14:54:19.130 T:139669618538240   ERROR: [PTV Shutdown Timer] Shutdown time: 0:15
14:54:19.130 T:139669618538240   ERROR: [PTV Shutdown Timer] Minutes from midnight - Current: 894, Shutdown: 15
14:54:19.130 T:139669618538240   ERROR: [PTV Shutdown Timer] Time match (within window): False
14:54:19.130 T:139669618538240   ERROR: [PTV Shutdown Timer] Current day index: 6
14:54:19.130 T:139669618538240   ERROR: [PTV Shutdown Timer] Day match: False
14:54:19.131 T:139669618538240   ERROR: [PTV Shutdown Timer] Shutdown should trigger: False (Action: 1)
14:54:19.131 T:139669618538240   ERROR: [PTV Shutdown Timer] Checking schedule 'Late Night'
14:54:19.131 T:139669618538240   ERROR: [PTV Shutdown Timer] Current time: 14:54
14:54:19.131 T:139669618538240   ERROR: [PTV Shutdown Timer] Shutdown time: 3:30
14:54:19.131 T:139669618538240   ERROR: [PTV Shutdown Timer] Minutes from midnight - Current: 894, Shutdown: 210
14:54:19.131 T:139669618538240   ERROR: [PTV Shutdown Timer] Time match (within window): False
14:54:19.131 T:139669618538240   ERROR: [PTV Shutdown Timer] Current day index: 6
14:54:19.131 T:139669618538240   ERROR: [PTV Shutdown Timer] Day match: True
14:54:19.131 T:139669618538240   ERROR: [PTV Shutdown Timer] Shutdown should trigger: False (Action: 1)
14:54:19.483 T:139672691595392   DEBUG: Keyboard: scancode: 0x72, sym: 0x0113, unicode: 0x0000, modifier: 0x0
14:54:19.483 T:139672691595392   DEBUG: OnKey: right (0xf083) pressed, action is Right
14:54:19.649 T:139672691595392   DEBUG: Keyboard: scancode: 0x72, sym: 0x0113, unicode: 0x0000, modifier: 0x0
14:54:20.277 T:139672691595392   DEBUG: Keyboard: scancode: 0x74, sym: 0x0112, unicode: 0x0000, modifier: 0x0
14:54:20.278 T:139672691595392   DEBUG: OnKey: down (0xf081) pressed, action is Down
14:54:20.404 T:139672691595392   DEBUG: Keyboard: scancode: 0x74, sym: 0x0112, unicode: 0x0000, modifier: 0x0
14:54:20.525 T:139672691595392   DEBUG: Previous line repeats 1 times.
14:54:20.525 T:139672691595392   DEBUG: OnKey: down (0xf081) pressed, action is Down
14:54:20.566 T:139672691595392   DEBUG: Keyboard: scancode: 0x74, sym: 0x0112, unicode: 0x0000, modifier: 0x0
14:54:20.653 T:139672691595392   DEBUG: Previous line repeats 1 times.
14:54:20.653 T:139672691595392   DEBUG: OnKey: down (0xf081) pressed, action is Down
14:54:20.781 T:139672691595392   DEBUG: Keyboard: scancode: 0x74, sym: 0x0112, unicode: 0x0000, modifier: 0x0
14:54:20.823 T:139672691595392   DEBUG: Previous line repeats 1 times.
14:54:20.823 T:139672691595392   DEBUG: OnKey: down (0xf081) pressed, action is Down
14:54:20.917 T:139672691595392   DEBUG: Keyboard: scancode: 0x74, sym: 0x0112, unicode: 0x0000, modifier: 0x0
14:54:20.983 T:139672691595392   DEBUG: Previous line repeats 1 times.
14:54:20.983 T:139672691595392   DEBUG: OnKey: down (0xf081) pressed, action is Down
14:54:21.111 T:139672691595392   DEBUG: Keyboard: scancode: 0x74, sym: 0x0112, unicode: 0x0000, modifier: 0x0
14:54:21.524 T:139672691595392   DEBUG: Keyboard: scancode: 0x71, sym: 0x0114, unicode: 0x0000, modifier: 0x0
14:54:21.524 T:139672691595392   DEBUG: OnKey: left (0xf082) pressed, action is Left
14:54:21.567 T:139669386405632   ERROR: EXCEPTION: Non-Existent Control 1900
14:54:21.568 T:139669386405632   ERROR: ## LibreELEC Addon ## oeWindows.mainWindow::onFocus(1000) ## ERROR: (RuntimeError('Non-Existent Control 1900',))
14:54:21.568 T:139669386405632   ERROR: Traceback (most recent call last):
                                              File "/home/chewitt/LibreELEC.82-images/build.LibreELEC-Generic.x86_64-8.2.5/LibreELEC-settings-0768930/.install_pkg/usr/share/kodi/addons/service.libreelec.settings/resources/lib/oeWindows.py", line 385, in onFocus
                                            RuntimeError: Non-Existent Control 1900
14:54:21.609 T:139669386405632   ERROR: EXCEPTION: Non-Existent Control 1900
14:54:21.610 T:139669386405632   ERROR: ## LibreELEC Addon ## oeWindows.mainWindow::onFocus(1000) ## ERROR: (RuntimeError('Non-Existent Control 1900',))
14:54:21.610 T:139669386405632   ERROR: Traceback (most recent call last):
                                              File "/home/chewitt/LibreELEC.82-images/build.LibreELEC-Generic.x86_64-8.2.5/LibreELEC-settings-0768930/.install_pkg/usr/share/kodi/addons/service.libreelec.settings/resources/lib/oeWindows.py", line 385, in onFocus
                                            RuntimeError: Non-Existent Control 1900
14:54:21.691 T:139672691595392   DEBUG: Keyboard: scancode: 0x71, sym: 0x0114, unicode: 0x0000, modifier: 0x0
14:54:22.279 T:139669610145536  NOTICE: [PTV Preset Timer] DEBUG: Today is Sunday (weekday=6)
14:54:22.279 T:139669610145536  NOTICE: [PTV Preset Timer] DEBUG: Setting name: SundayPreset
14:54:22.280 T:139669610145536  NOTICE: [PTV Preset Timer] DEBUG: Raw preset value: '3' (int: 3)
14:54:22.280 T:139669610145536  NOTICE: [PTV Preset Timer] DEBUG: Available presets: ['Alpha', 'Omega', 'Delta', 'Epsilon', 'Gamma', 'Sigma', 'Omicron', 'Theta', 'Lambda']
14:54:22.280 T:139669610145536  NOTICE: [PTV Preset Timer] Today's preset for Sunday: Delta (index=2)
14:54:22.946 T:139672691595392   DEBUG: Keyboard: scancode: 0xa6, sym: 0x00a6, unicode: 0x0000, modifier: 0x0
14:54:23.108 T:139672691595392   DEBUG: OnKey: browser_back (0xf0b0) pressed, action is Back
14:54:23.108 T:139672691595392   DEBUG: Keyboard: scancode: 0xa6, sym: 0x00a6, unicode: 0x0000, modifier: 0x0
14:54:23.399 T:139672691595392   DEBUG: ------ Window Deinit (/storage/.kodi/addons/skin.paragon/720p/service-LibreELEC-Settings-mainWindow.xml) ------
14:54:24.106 T:139672691595392   DEBUG: Keyboard: scancode: 0xa6, sym: 0x00a6, unicode: 0x0000, modifier: 0x0
14:54:24.273 T:139672691595392   DEBUG: OnKey: browser_back (0xf0b0) pressed, action is Back
14:54:24.273 T:139672691595392   DEBUG: CGUIMediaWindow::GetDirectory (addons://user/)
14:54:24.273 T:139672691595392   DEBUG:   ParentPath = []
14:54:24.299 T:139672470681344   DEBUG: [Warning] CGUITextureManager::GetTexturePath: could not find texture 'DefaultAddonInfoProvider.png'
14:54:24.300 T:139672470681344   DEBUG: [Warning] CGUITextureManager::GetTexturePath: could not find texture 'DefaultAddonLookAndFeel.png'
14:54:24.300 T:139672470681344   DEBUG: [Warning] CGUITextureManager::GetTexturePath: could not find texture 'DefaultGameAddons.png'
14:54:24.301 T:139672470681344   DEBUG: [Warning] CGUITextureManager::GetTexturePath: could not find texture 'DefaultAddonPeripheral.png'
14:54:24.302 T:139672470681344   DEBUG: [Warning] CGUITextureManager::GetTexturePath: could not find texture 'DefaultAddonWeather.png'
14:54:24.302 T:139672470681344   DEBUG: [Warning] CGUITextureManager::GetTexturePath: could not find texture 'DefaultAddonRepository.png'
14:54:24.303 T:139672470681344   DEBUG: [Warning] CGUITextureManager::GetTexturePath: could not find texture 'DefaultAddonWebSkin.png'
14:54:24.304 T:139672470681344   DEBUG: [Warning] CGUITextureManager::GetTexturePath: could not find texture 'DefaultAddonService.png'
14:54:24.304 T:139672470681344   DEBUG: [Warning] CGUITextureManager::GetTexturePath: could not find texture 'DefaultAddonAudioEncoder.png'
14:54:24.305 T:139672470681344   DEBUG: [Warning] CGUITextureManager::GetTexturePath: could not find texture 'DefaultAddonContextItem.png'
14:54:24.305 T:139672470681344   DEBUG: [Warning] CGUITextureManager::GetTexturePath: could not find texture 'DefaultAddonVideo.png'
14:54:24.305 T:139672470681344   DEBUG: [Warning] CGUITextureManager::GetTexturePath: could not find texture 'DefaultAddonMusic.png'
14:54:24.306 T:139672470681344   DEBUG: [Warning] CGUITextureManager::GetTexturePath: could not find texture 'DefaultAddonProgram.png'
14:54:24.311 T:139669428369152   DEBUG: Thread BackgroundLoader start, auto delete: false
14:54:24.311 T:139672691595392   DEBUG: Keyboard: scancode: 0xa6, sym: 0x00a6, unicode: 0x0000, modifier: 0x0
14:54:24.312 T:139672691595392   DEBUG: CDirectoryProvider[plugin://script.skin.helper.service/?action=alphabet&reload=14]: refreshing..
14:54:24.313 T:139671283590912   DEBUG: Previous line repeats 1 times.
14:54:24.313 T:139671283590912   DEBUG: StartScript - calling plugin Skin Helper Service('plugin://script.skin.helper.service/','13','?action=alphabet&reload=14')
14:54:24.313 T:139672470681344   DEBUG: StartScript - calling plugin Skin Helper Service('plugin://script.skin.helper.service/','14','?action=alphabet&reload=14')
14:54:24.314 T:139669386405632   DEBUG: Thread LanguageInvoker start, auto delete: false
14:54:24.314 T:139669386405632   DEBUG: Previous line repeats 1 times.
14:54:24.314 T:139669386405632    INFO: initializing python engine.
14:54:24.314 T:139669386405632    INFO: Previous line repeats 1 times.
14:54:24.314 T:139669386405632   DEBUG: CPythonInvoker(29, /storage/.kodi/addons/script.skin.helper.service/plugin.py): start processing
14:54:24.314 T:139669378012928   DEBUG: CPythonInvoker(30, /storage/.kodi/addons/script.skin.helper.service/plugin.py): start processing
14:54:24.321 T:139669428369152   DEBUG: Thread BackgroundLoader 139669428369152 terminating
14:54:24.333 T:139669386405632   DEBUG: -->Python Interpreter Initialized<--
14:54:24.333 T:139669386405632   DEBUG: CPythonInvoker(29, /storage/.kodi/addons/script.skin.helper.service/plugin.py): the source file to load is "/storage/.kodi/addons/script.skin.helper.service/plugin.py"
14:54:24.334 T:139669378012928   DEBUG: -->Python Interpreter Initialized<--
14:54:24.334 T:139669378012928   DEBUG: CPythonInvoker(30, /storage/.kodi/addons/script.skin.helper.service/plugin.py): the source file to load is "/storage/.kodi/addons/script.skin.helper.service/plugin.py"
14:54:24.335 T:139669378012928   DEBUG: CPythonInvoker(30, /storage/.kodi/addons/script.skin.helper.service/plugin.py): setting the Python path to /storage/.kodi/addons/script.skin.helper.service:/storage/.kodi/addons/script.module.arrow/lib:/storage/.kodi/addons/script.module.backports.functools_lru_cache/lib:/storage/.kodi/addons/script.module.beautifulsoup/lib:/storage/.kodi/addons/script.module.certifi/lib:/storage/.kodi/addons/script.module.chardet/lib:/storage/.kodi/addons/script.module.dateutil/lib:/storage/.kodi/addons/script.module.idna/lib:/storage/.kodi/addons/script.module.metadatautils/lib:/storage/.kodi/addons/script.module.musicbrainz/lib:/storage/.kodi/addons/script.module.requests/lib:/storage/.kodi/addons/script.module.simplecache/lib:/storage/.kodi/addons/script.module.simplejson/lib:/storage/.kodi/addons/script.module.six/lib:/storage/.kodi/addons/script.module.thetvdb/lib:/storage/.kodi/addons/script.module.urllib3/lib:/usr/lib/python27.zip:/usr/lib/python2.7:/usr/lib/python2.7/plat-linux2:/usr/lib/python2.7/lib-tk:/usr/lib/python2.7/lib-old:/usr/lib/python2.7/lib-dynload:/usr/lib/python2.7/site-packages:/usr/lib/python2.7/site-packages/gtk-2.0
14:54:24.335 T:139669378012928   DEBUG: CPythonInvoker(30, /storage/.kodi/addons/script.skin.helper.service/plugin.py): entering source directory /storage/.kodi/addons/script.skin.helper.service
14:54:24.335 T:139669378012928   DEBUG: CPythonInvoker(30, /storage/.kodi/addons/script.skin.helper.service/plugin.py): instantiating addon using automatically obtained id of "script.skin.helper.service" dependent on version 2.13.0 of the xbmc.python api
14:54:24.335 T:139669386405632   DEBUG: CPythonInvoker(29, /storage/.kodi/addons/script.skin.helper.service/plugin.py): setting the Python path to /storage/.kodi/addons/script.skin.helper.service:/storage/.kodi/addons/script.module.arrow/lib:/storage/.kodi/addons/script.module.backports.functools_lru_cache/lib:/storage/.kodi/addons/script.module.beautifulsoup/lib:/storage/.kodi/addons/script.module.certifi/lib:/storage/.kodi/addons/script.module.chardet/lib:/storage/.kodi/addons/script.module.dateutil/lib:/storage/.kodi/addons/script.module.idna/lib:/storage/.kodi/addons/script.module.metadatautils/lib:/storage/.kodi/addons/script.module.musicbrainz/lib:/storage/.kodi/addons/script.module.requests/lib:/storage/.kodi/addons/script.module.simplecache/lib:/storage/.kodi/addons/script.module.simplejson/lib:/storage/.kodi/addons/script.module.six/lib:/storage/.kodi/addons/script.module.thetvdb/lib:/storage/.kodi/addons/script.module.urllib3/lib:/usr/lib/python27.zip:/usr/lib/python2.7:/usr/lib/python2.7/plat-linux2:/usr/lib/python2.7/lib-tk:/usr/lib/python2.7/lib-old:/usr/lib/python2.7/lib-dynload:/usr/lib/python2.7/site-packages:/usr/lib/python2.7/site-packages/gtk-2.0
14:54:24.335 T:139669386405632   DEBUG: CPythonInvoker(29, /storage/.kodi/addons/script.skin.helper.service/plugin.py): entering source directory /storage/.kodi/addons/script.skin.helper.service
14:54:24.345 T:139669386405632   DEBUG: CPythonInvoker(29, /storage/.kodi/addons/script.skin.helper.service/plugin.py): instantiating addon using automatically obtained id of "script.skin.helper.service" dependent on version 2.13.0 of the xbmc.python api
14:54:24.489 T:139669378012928   DEBUG: Skin Helper Simplecache --> Initialized
14:54:24.489 T:139669378012928   DEBUG: Skin Helper Service --> plugin called with parameters: {u'action': u'alphabet', u'reload': u'14'}
14:54:24.591 T:139669386405632   DEBUG: Skin Helper Simplecache --> Initialized
14:54:24.591 T:139669386405632   DEBUG: Skin Helper Service --> plugin called with parameters: {u'action': u'alphabet', u'reload': u'14'}
14:54:24.605 T:139669378012928   DEBUG: Skin Helper Simplecache --> Closed
14:54:24.605 T:139669378012928    INFO: CPythonInvoker(30, /storage/.kodi/addons/script.skin.helper.service/plugin.py): script successfully run
14:54:24.611 T:139669378012928    INFO: Python script stopped
14:54:24.611 T:139669378012928   DEBUG: Thread LanguageInvoker 139669378012928 terminating
14:54:24.646 T:139669386405632   DEBUG: Skin Helper Simplecache --> Closed
14:54:24.646 T:139669386405632    INFO: CPythonInvoker(29, /storage/.kodi/addons/script.skin.helper.service/plugin.py): script successfully run
14:54:24.651 T:139669386405632    INFO: Python script stopped
14:54:24.651 T:139669386405632   DEBUG: Thread LanguageInvoker 139669386405632 terminating
14:54:25.090 T:139672691595392   DEBUG: Keyboard: scancode: 0xa6, sym: 0x00a6, unicode: 0x0000, modifier: 0x0
14:54:25.273 T:139672691595392   DEBUG: OnKey: browser_back (0xf0b0) pressed, action is Back
14:54:25.273 T:139672691595392   DEBUG: CGUIMediaWindow::GetDirectory (addons://)
14:54:25.273 T:139672691595392   DEBUG:   ParentPath = []
14:54:25.318 T:139669453547264   DEBUG: CAddonMgr::GetAvailableUpdates took 44 ms
14:54:25.322 T:139669378012928   DEBUG: Thread BackgroundLoader start, auto delete: false
14:54:25.322 T:139672691595392   DEBUG: Keyboard: scancode: 0xa6, sym: 0x00a6, unicode: 0x0000, modifier: 0x0
14:54:25.325 T:139669378012928   DEBUG: Thread BackgroundLoader 139669378012928 terminating
14:54:25.338 T:139672691595392   DEBUG: CDirectoryProvider[plugin://script.skin.helper.service/?action=alphabet&reload=5]: refreshing..
14:54:25.339 T:139672470681344   DEBUG: Previous line repeats 1 times.
14:54:25.339 T:139672470681344   DEBUG: StartScript - calling plugin Skin Helper Service('plugin://script.skin.helper.service/','15','?action=alphabet&reload=5')
14:54:25.339 T:139671283590912   DEBUG: StartScript - calling plugin Skin Helper Service('plugin://script.skin.helper.service/','16','?action=alphabet&reload=5')
14:54:25.339 T:139669361227520   DEBUG: Thread LanguageInvoker start, auto delete: false
14:54:25.339 T:139669361227520    INFO: initializing python engine.
14:54:25.339 T:139669361227520   DEBUG: CPythonInvoker(31, /storage/.kodi/addons/script.skin.helper.service/plugin.py): start processing
14:54:25.339 T:139669352834816   DEBUG: Thread LanguageInvoker start, auto delete: false
14:54:25.339 T:139669352834816    INFO: initializing python engine.
14:54:25.339 T:139669352834816   DEBUG: CPythonInvoker(32, /storage/.kodi/addons/script.skin.helper.service/plugin.py): start processing
14:54:25.350 T:139669361227520   DEBUG: -->Python Interpreter Initialized<--
14:54:25.350 T:139669361227520   DEBUG: CPythonInvoker(31, /storage/.kodi/addons/script.skin.helper.service/plugin.py): the source file to load is "/storage/.kodi/addons/script.skin.helper.service/plugin.py"
14:54:25.351 T:139669352834816   DEBUG: -->Python Interpreter Initialized<--
14:54:25.351 T:139669352834816   DEBUG: CPythonInvoker(32, /storage/.kodi/addons/script.skin.helper.service/plugin.py): the source file to load is "/storage/.kodi/addons/script.skin.helper.service/plugin.py"
14:54:25.352 T:139669361227520   DEBUG: CPythonInvoker(31, /storage/.kodi/addons/script.skin.helper.service/plugin.py): setting the Python path to /storage/.kodi/addons/script.skin.helper.service:/storage/.kodi/addons/script.module.arrow/lib:/storage/.kodi/addons/script.module.backports.functools_lru_cache/lib:/storage/.kodi/addons/script.module.beautifulsoup/lib:/storage/.kodi/addons/script.module.certifi/lib:/storage/.kodi/addons/script.module.chardet/lib:/storage/.kodi/addons/script.module.dateutil/lib:/storage/.kodi/addons/script.module.idna/lib:/storage/.kodi/addons/script.module.metadatautils/lib:/storage/.kodi/addons/script.module.musicbrainz/lib:/storage/.kodi/addons/script.module.requests/lib:/storage/.kodi/addons/script.module.simplecache/lib:/storage/.kodi/addons/script.module.simplejson/lib:/storage/.kodi/addons/script.module.six/lib:/storage/.kodi/addons/script.module.thetvdb/lib:/storage/.kodi/addons/script.module.urllib3/lib:/usr/lib/python27.zip:/usr/lib/python2.7:/usr/lib/python2.7/plat-linux2:/usr/lib/python2.7/lib-tk:/usr/lib/python2.7/lib-old:/usr/lib/python2.7/lib-dynload:/usr/lib/python2.7/site-packages:/usr/lib/python2.7/site-packages/gtk-2.0
14:54:25.352 T:139669361227520   DEBUG: CPythonInvoker(31, /storage/.kodi/addons/script.skin.helper.service/plugin.py): entering source directory /storage/.kodi/addons/script.skin.helper.service
14:54:25.352 T:139669352834816   DEBUG: CPythonInvoker(32, /storage/.kodi/addons/script.skin.helper.service/plugin.py): setting the Python path to /storage/.kodi/addons/script.skin.helper.service:/storage/.kodi/addons/script.module.arrow/lib:/storage/.kodi/addons/script.module.backports.functools_lru_cache/lib:/storage/.kodi/addons/script.module.beautifulsoup/lib:/storage/.kodi/addons/script.module.certifi/lib:/storage/.kodi/addons/script.module.chardet/lib:/storage/.kodi/addons/script.module.dateutil/lib:/storage/.kodi/addons/script.module.idna/lib:/storage/.kodi/addons/script.module.metadatautils/lib:/storage/.kodi/addons/script.module.musicbrainz/lib:/storage/.kodi/addons/script.module.requests/lib:/storage/.kodi/addons/script.module.simplecache/lib:/storage/.kodi/addons/script.module.simplejson/lib:/storage/.kodi/addons/script.module.six/lib:/storage/.kodi/addons/script.module.thetvdb/lib:/storage/.kodi/addons/script.module.urllib3/lib:/usr/lib/python27.zip:/usr/lib/python2.7:/usr/lib/python2.7/plat-linux2:/usr/lib/python2.7/lib-tk:/usr/lib/python2.7/lib-old:/usr/lib/python2.7/lib-dynload:/usr/lib/python2.7/site-packages:/usr/lib/python2.7/site-packages/gtk-2.0
14:54:25.352 T:139669352834816   DEBUG: CPythonInvoker(32, /storage/.kodi/addons/script.skin.helper.service/plugin.py): entering source directory /storage/.kodi/addons/script.skin.helper.service
14:54:25.352 T:139669361227520   DEBUG: CPythonInvoker(31, /storage/.kodi/addons/script.skin.helper.service/plugin.py): instantiating addon using automatically obtained id of "script.skin.helper.service" dependent on version 2.13.0 of the xbmc.python api
14:54:25.357 T:139669352834816   DEBUG: CPythonInvoker(32, /storage/.kodi/addons/script.skin.helper.service/plugin.py): instantiating addon using automatically obtained id of "script.skin.helper.service" dependent on version 2.13.0 of the xbmc.python api
14:54:25.494 T:139669361227520   DEBUG: Skin Helper Simplecache --> Initialized
14:54:25.494 T:139669361227520   DEBUG: Skin Helper Service --> plugin called with parameters: {u'action': u'alphabet', u'reload': u'5'}
14:54:25.603 T:139672691595392   DEBUG: Keyboard: scancode: 0xa6, sym: 0x00a6, unicode: 0x0000, modifier: 0x0
14:54:25.658 T:139669352834816   DEBUG: Skin Helper Simplecache --> Initialized
14:54:25.658 T:139669352834816   DEBUG: Skin Helper Service --> plugin called with parameters: {u'action': u'alphabet', u'reload': u'5'}
14:54:25.773 T:139672691595392   DEBUG: OnKey: browser_back (0xf0b0) pressed, action is Back
14:54:25.773 T:139672691595392   DEBUG: CGUIWindowManager::PreviousWindow: Deactivate
14:54:26.063 T:139672691595392   DEBUG: ------ Window Deinit (AddonBrowser.xml) ------
14:54:26.065 T:139672691595392   DEBUG: CGUIWindowManager::PreviousWindow: Activate new
14:54:26.065 T:139672691595392   DEBUG: ------ Window Init (Settings.xml) ------
14:54:26.070 T:139672691595392   DEBUG: Keyboard: scancode: 0xa6, sym: 0x00a6, unicode: 0x0000, modifier: 0x0
14:54:26.071 T:139672691595392   DEBUG: Previous line repeats 1 times.
14:54:26.071 T:139672691595392   DEBUG: OnKey: browser_back (0xf0b0) pressed, action is Back
14:54:26.071 T:139672691595392   DEBUG: CGUIWindowManager::PreviousWindow: Deactivate
14:54:26.105 T:139672691595392   DEBUG: ------ Window Deinit (Settings.xml) ------
14:54:26.106 T:139672691595392   DEBUG: CGUIWindowManager::PreviousWindow: Activate new
14:54:26.106 T:139672691595392   DEBUG: ------ Window Init (Home.xml) ------
14:54:26.117 T:139669436761856   DEBUG: Thread Timer start, auto delete: false
14:54:26.130 T:139669399004928   DEBUG: Thread LanguageInvoker start, auto delete: false
14:54:26.130 T:139672691595392   DEBUG: started alarm with name: clear
14:54:26.130 T:139669399004928    INFO: initializing python engine.
14:54:26.130 T:139672691595392   DEBUG: Keyboard: scancode: 0xa6, sym: 0x00a6, unicode: 0x0000, modifier: 0x0
14:54:26.130 T:139669399004928   DEBUG: CPythonInvoker(33, /storage/.kodi/addons/script.skinshortcuts/default.py): start processing
14:54:26.130 T:139672691595392   DEBUG: Keyboard: scancode: 0xa6, sym: 0x00a6, unicode: 0x0000, modifier: 0x0
14:54:26.131 T:139669453547264   DEBUG: CRecentlyAddedJob::UpdateMusic() - Running RecentlyAdded home screen update
14:54:26.131 T:139672691595392   DEBUG: OnKey: browser_back (0xf0b0) pressed, action is Back
14:54:26.131 T:139672691595392   DEBUG: CGUIWindowManager::PreviousWindow: Deactivate
14:54:26.131 T:139672691595392   DEBUG: Keyboard: scancode: 0xa6, sym: 0x00a6, unicode: 0x0000, modifier: 0x0
14:54:26.138 T:139669453547264   DEBUG: GetRecentlyAddedAlbumSongs() query: SELECT songview.*, songartistview.* FROM (SELECT idAlbum FROM album ORDER BY idAlbum DESC LIMIT 10) AS recentalbums JOIN songview ON songview.idAlbum = recentalbums.idAlbum JOIN songartistview ON songview.idSong = songartistview.idSong ORDER BY songview.idAlbum DESC, songview.idSong, songartistview.idRole, songartistview.iOrder
14:54:26.142 T:139669399004928   DEBUG: -->Python Interpreter Initialized<--
14:54:26.142 T:139669399004928   DEBUG: CPythonInvoker(33, /storage/.kodi/addons/script.skinshortcuts/default.py): the source file to load is "/storage/.kodi/addons/script.skinshortcuts/default.py"
14:54:26.142 T:139669399004928   DEBUG: CPythonInvoker(33, /storage/.kodi/addons/script.skinshortcuts/default.py): setting the Python path to /storage/.kodi/addons/script.skinshortcuts:/storage/.kodi/addons/script.module.simplejson/lib:/storage/.kodi/addons/script.module.unidecode/lib:/usr/lib/python27.zip:/usr/lib/python2.7:/usr/lib/python2.7/plat-linux2:/usr/lib/python2.7/lib-tk:/usr/lib/python2.7/lib-old:/usr/lib/python2.7/lib-dynload:/usr/lib/python2.7/site-packages:/usr/lib/python2.7/site-packages/gtk-2.0
14:54:26.142 T:139669399004928   DEBUG: CPythonInvoker(33, /storage/.kodi/addons/script.skinshortcuts/default.py): entering source directory /storage/.kodi/addons/script.skinshortcuts
14:54:26.142 T:139669399004928   DEBUG: CPythonInvoker(33, /storage/.kodi/addons/script.skinshortcuts/default.py): instantiating addon using automatically obtained id of "script.skinshortcuts" dependent on version 2.20.0 of the xbmc.python api
14:54:26.148 T:139669453547264   DEBUG: GetRecentlyAddedAlbums query: SELECT albumview.*, albumartistview.* FROM (SELECT idAlbum FROM album WHERE strAlbum != '' ORDER BY idAlbum DESC LIMIT 10) AS recentalbums JOIN albumview ON albumview.idAlbum = recentalbums.idAlbum JOIN albumartistview ON albumview.idAlbum = albumartistview.idAlbum ORDER BY albumview.idAlbum desc, albumartistview.iOrder
14:54:26.179 T:139672691595392   DEBUG: ------ Window Init (Custom_RSS.xml) ------
14:54:26.179 T:139672691595392   DEBUG: ------ Window Init (Custom_Refresh.xml) ------
14:54:26.179 T:139669453547264   DEBUG: CRecentlyAddedJob::UpdateVideos() - Running RecentlyAdded home screen update
14:54:26.186 T:139669399004928    INFO: CPythonInvoker(33, /storage/.kodi/addons/script.skinshortcuts/default.py): script successfully run
14:54:26.190 T:139669436761856   DEBUG: Thread Timer 139669436761856 terminating
14:54:26.191 T:139669445154560   DEBUG: Thread Timer start, auto delete: false
14:54:26.193 T:139669445154560   DEBUG: Thread Timer 139669445154560 terminating
14:54:26.193 T:139669436761856   DEBUG: Thread Timer start, auto delete: false
14:54:26.196 T:139672691595392   DEBUG: Keyboard: scancode: 0xa6, sym: 0x00a6, unicode: 0x0000, modifier: 0x0
14:54:26.209 T:139669453547264   DEBUG: RunQuery took 25 ms for 10 items query: select * from movie_view  ORDER BY dateAdded desc, idMovie desc LIMIT 10
14:54:26.215 T:139669453547264   DEBUG: RunQuery took 0 ms for 10 items query: select * from episode_view  ORDER BY dateAdded desc, idEpisode desc LIMIT 10
14:54:26.223 T:139669453547264   DEBUG: RunQuery took 0 ms for 0 items query: select * from musicvideo_view  ORDER BY dateAdded desc, idMVideo desc LIMIT 10
14:54:26.224 T:139669453547264   DEBUG: CRecentlyAddedJob::UpdateTotal() - Running RecentlyAdded home screen update
14:54:26.225 T:139669453547264   DEBUG: GetArtistsByWhere query: SELECT COUNT(DISTINCT artistview.idArtist) FROM artistview  WHERE (EXISTS (SELECT 1 FROM album_artist WHERE album_artist.idArtist = artistview.idArtist)) AND (artistview.strArtist != '')
14:54:26.230 T:139669399004928    INFO: Python script stopped
14:54:26.230 T:139669399004928   DEBUG: Thread LanguageInvoker 139669399004928 terminating
14:54:26.270 T:139672691595392   DEBUG: ------ Window Deinit (Custom_Refresh.xml) ------
14:54:26.271 T:139669361227520   DEBUG: Skin Helper Simplecache --> Closed
14:54:26.271 T:139669361227520    INFO: CPythonInvoker(31, /storage/.kodi/addons/script.skin.helper.service/plugin.py): script successfully run
14:54:26.277 T:139669361227520    INFO: Python script stopped
14:54:26.277 T:139669361227520   DEBUG: Thread LanguageInvoker 139669361227520 terminating
14:54:26.313 T:139672691595392   DEBUG: OnKey: browser_back (0xf0b0) pressed, action is Back
14:54:26.313 T:139672691595392   DEBUG: CGUIWindowManager::PreviousWindow: Deactivate
14:54:26.313 T:139672691595392   DEBUG: Keyboard: scancode: 0xa6, sym: 0x00a6, unicode: 0x0000, modifier: 0x0
14:54:26.314 T:139669352834816   DEBUG: Skin Helper Simplecache --> Closed
14:54:26.314 T:139669352834816    INFO: CPythonInvoker(32, /storage/.kodi/addons/script.skin.helper.service/plugin.py): script successfully run
14:54:26.324 T:139669352834816    INFO: Python script stopped
14:54:26.324 T:139669352834816   DEBUG: Thread LanguageInvoker 139669352834816 terminating
14:54:26.698 T:139669436761856   DEBUG: Thread Timer 139669436761856 terminating
14:54:29.132 T:139669618538240   ERROR: [PTV Shutdown Timer] Checking schedule 'Bedtime'
14:54:29.132 T:139669618538240   ERROR: [PTV Shutdown Timer] Current time: 14:54
14:54:29.132 T:139669618538240   ERROR: [PTV Shutdown Timer] Shutdown time: 0:15
14:54:29.132 T:139669618538240   ERROR: [PTV Shutdown Timer] Minutes from midnight - Current: 894, Shutdown: 15
14:54:29.132 T:139669618538240   ERROR: [PTV Shutdown Timer] Time match (within window): False
14:54:29.132 T:139669618538240   ERROR: [PTV Shutdown Timer] Current day index: 6
14:54:29.132 T:139669618538240   ERROR: [PTV Shutdown Timer] Day match: False
14:54:29.133 T:139669618538240   ERROR: [PTV Shutdown Timer] Shutdown should trigger: False (Action: 1)
14:54:29.133 T:139669618538240   ERROR: [PTV Shutdown Timer] Checking schedule 'Late Night'
14:54:29.133 T:139669618538240   ERROR: [PTV Shutdown Timer] Current time: 14:54
14:54:29.133 T:139669618538240   ERROR: [PTV Shutdown Timer] Shutdown time: 3:30
14:54:29.133 T:139669618538240   ERROR: [PTV Shutdown Timer] Minutes from midnight - Current: 894, Shutdown: 210
14:54:29.133 T:139669618538240   ERROR: [PTV Shutdown Timer] Time match (within window): False
14:54:29.133 T:139669618538240   ERROR: [PTV Shutdown Timer] Current day index: 6
14:54:29.133 T:139669618538240   ERROR: [PTV Shutdown Timer] Day match: True
14:54:29.133 T:139669618538240   ERROR: [PTV Shutdown Timer] Shutdown should trigger: False (Action: 1)
14:54:32.281 T:139669610145536  NOTICE: [PTV Preset Timer] DEBUG: Today is Sunday (weekday=6)
14:54:32.281 T:139669610145536  NOTICE: [PTV Preset Timer] DEBUG: Setting name: SundayPreset
14:54:32.281 T:139669610145536  NOTICE: [PTV Preset Timer] DEBUG: Raw preset value: '3' (int: 3)
14:54:32.281 T:139669610145536  NOTICE: [PTV Preset Timer] DEBUG: Available presets: ['Alpha', 'Omega', 'Delta', 'Epsilon', 'Gamma', 'Sigma', 'Omicron', 'Theta', 'Lambda']
14:54:32.281 T:139669610145536  NOTICE: [PTV Preset Timer] Today's preset for Sunday: Delta (index=2)
14:54:39.134 T:139669618538240   ERROR: [PTV Shutdown Timer] Checking schedule 'Bedtime'
14:54:39.134 T:139669618538240   ERROR: [PTV Shutdown Timer] Current time: 14:54
14:54:39.134 T:139669618538240   ERROR: [PTV Shutdown Timer] Shutdown time: 0:15
14:54:39.134 T:139669618538240   ERROR: [PTV Shutdown Timer] Minutes from midnight - Current: 894, Shutdown: 15
14:54:39.134 T:139669618538240   ERROR: [PTV Shutdown Timer] Time match (within window): False
14:54:39.134 T:139669618538240   ERROR: [PTV Shutdown Timer] Current day index: 6
14:54:39.134 T:139669618538240   ERROR: [PTV Shutdown Timer] Day match: False
14:54:39.134 T:139669618538240   ERROR: [PTV Shutdown Timer] Shutdown should trigger: False (Action: 1)
14:54:39.134 T:139669618538240   ERROR: [PTV Shutdown Timer] Checking schedule 'Late Night'
14:54:39.134 T:139669618538240   ERROR: [PTV Shutdown Timer] Current time: 14:54
14:54:39.134 T:139669618538240   ERROR: [PTV Shutdown Timer] Shutdown time: 3:30
14:54:39.134 T:139669618538240   ERROR: [PTV Shutdown Timer] Minutes from midnight - Current: 894, Shutdown: 210
14:54:39.134 T:139669618538240   ERROR: [PTV Shutdown Timer] Time match (within window): False
14:54:39.134 T:139669618538240   ERROR: [PTV Shutdown Timer] Current day index: 6
14:54:39.134 T:139669618538240   ERROR: [PTV Shutdown Timer] Day match: True
14:54:39.134 T:139669618538240   ERROR: [PTV Shutdown Timer] Shutdown should trigger: False (Action: 1)
14:54:42.283 T:139669610145536  NOTICE: [PTV Preset Timer] DEBUG: Today is Sunday (weekday=6)
14:54:42.283 T:139669610145536  NOTICE: [PTV Preset Timer] DEBUG: Setting name: SundayPreset
14:54:42.283 T:139669610145536  NOTICE: [PTV Preset Timer] DEBUG: Raw preset value: '3' (int: 3)
14:54:42.283 T:139669610145536  NOTICE: [PTV Preset Timer] DEBUG: Available presets: ['Alpha', 'Omega', 'Delta', 'Epsilon', 'Gamma', 'Sigma', 'Omicron', 'Theta', 'Lambda']
14:54:42.283 T:139669610145536  NOTICE: [PTV Preset Timer] Today's preset for Sunday: Delta (index=2)
14:54:49.135 T:139669618538240   ERROR: [PTV Shutdown Timer] Checking schedule 'Bedtime'
14:54:49.135 T:139669618538240   ERROR: [PTV Shutdown Timer] Current time: 14:54
14:54:49.135 T:139669618538240   ERROR: [PTV Shutdown Timer] Shutdown time: 0:15
14:54:49.135 T:139669618538240   ERROR: [PTV Shutdown Timer] Minutes from midnight - Current: 894, Shutdown: 15
14:54:49.135 T:139669618538240   ERROR: [PTV Shutdown Timer] Time match (within window): False
14:54:49.135 T:139669618538240   ERROR: [PTV Shutdown Timer] Current day index: 6
14:54:49.135 T:139669618538240   ERROR: [PTV Shutdown Timer] Day match: False
14:54:49.135 T:139669618538240   ERROR: [PTV Shutdown Timer] Shutdown should trigger: False (Action: 1)
14:54:49.135 T:139669618538240   ERROR: [PTV Shutdown Timer] Checking schedule 'Late Night'
14:54:49.135 T:139669618538240   ERROR: [PTV Shutdown Timer] Current time: 14:54
14:54:49.135 T:139669618538240   ERROR: [PTV Shutdown Timer] Shutdown time: 3:30
14:54:49.135 T:139669618538240   ERROR: [PTV Shutdown Timer] Minutes from midnight - Current: 894, Shutdown: 210
14:54:49.135 T:139669618538240   ERROR: [PTV Shutdown Timer] Time match (within window): False
14:54:49.135 T:139669618538240   ERROR: [PTV Shutdown Timer] Current day index: 6
14:54:49.135 T:139669618538240   ERROR: [PTV Shutdown Timer] Day match: True
14:54:49.135 T:139669618538240   ERROR: [PTV Shutdown Timer] Shutdown should trigger: False (Action: 1)
14:54:52.285 T:139669610145536  NOTICE: [PTV Preset Timer] DEBUG: Today is Sunday (weekday=6)
14:54:52.285 T:139669610145536  NOTICE: [PTV Preset Timer] DEBUG: Setting name: SundayPreset
14:54:52.285 T:139669610145536  NOTICE: [PTV Preset Timer] DEBUG: Raw preset value: '3' (int: 3)
14:54:52.285 T:139669610145536  NOTICE: [PTV Preset Timer] DEBUG: Available presets: ['Alpha', 'Omega', 'Delta', 'Epsilon', 'Gamma', 'Sigma', 'Omicron', 'Theta', 'Lambda']
14:54:52.285 T:139669610145536  NOTICE: [PTV Preset Timer] Today's preset for Sunday: Delta (index=2)
14:54:55.082 T:139672691595392  NOTICE: NFS is idle. Closing the remaining connections.
14:54:56.227 T:139669453547264   DEBUG: Thread JobWorker 139669453547264 terminating (autodelete)
14:54:56.277 T:139672470681344   DEBUG: Thread JobWorker 139672470681344 terminating (autodelete)
14:54:56.325 T:139671283590912   DEBUG: Thread JobWorker 139671283590912 terminating (autodelete)
14:54:59.136 T:139669618538240   ERROR: [PTV Shutdown Timer] Checking schedule 'Bedtime'
14:54:59.136 T:139669618538240   ERROR: [PTV Shutdown Timer] Current time: 14:54
14:54:59.136 T:139669618538240   ERROR: [PTV Shutdown Timer] Shutdown time: 0:15
14:54:59.136 T:139669618538240   ERROR: [PTV Shutdown Timer] Minutes from midnight - Current: 894, Shutdown: 15
14:54:59.136 T:139669618538240   ERROR: [PTV Shutdown Timer] Time match (within window): False
14:54:59.136 T:139669618538240   ERROR: [PTV Shutdown Timer] Current day index: 6
14:54:59.136 T:139669618538240   ERROR: [PTV Shutdown Timer] Day match: False
14:54:59.136 T:139669618538240   ERROR: [PTV Shutdown Timer] Shutdown should trigger: False (Action: 1)
14:54:59.136 T:139669618538240   ERROR: [PTV Shutdown Timer] Checking schedule 'Late Night'
14:54:59.136 T:139669618538240   ERROR: [PTV Shutdown Timer] Current time: 14:54
14:54:59.136 T:139669618538240   ERROR: [PTV Shutdown Timer] Shutdown time: 3:30
14:54:59.136 T:139669618538240   ERROR: [PTV Shutdown Timer] Minutes from midnight - Current: 894, Shutdown: 210
14:54:59.136 T:139669618538240   ERROR: [PTV Shutdown Timer] Time match (within window): False
14:54:59.136 T:139669618538240   ERROR: [PTV Shutdown Timer] Current day index: 6
14:54:59.136 T:139669618538240   ERROR: [PTV Shutdown Timer] Day match: True
14:54:59.136 T:139669618538240   ERROR: [PTV Shutdown Timer] Shutdown should trigger: False (Action: 1)
14:55:02.287 T:139669610145536  NOTICE: [PTV Preset Timer] DEBUG: Today is Sunday (weekday=6)
14:55:02.287 T:139669610145536  NOTICE: [PTV Preset Timer] DEBUG: Setting name: SundayPreset
14:55:02.287 T:139669610145536  NOTICE: [PTV Preset Timer] DEBUG: Raw preset value: '3' (int: 3)
14:55:02.287 T:139669610145536  NOTICE: [PTV Preset Timer] DEBUG: Available presets: ['Alpha', 'Omega', 'Delta', 'Epsilon', 'Gamma', 'Sigma', 'Omicron', 'Theta', 'Lambda']
14:55:02.287 T:139669610145536  NOTICE: [PTV Preset Timer] Today's preset for Sunday: Delta (index=2)
