14:53:18.692 T:139672691595392   DEBUG: ContextMenuManager: addon menus reloaded.
14:53:18.693 T:139672691595392    INFO: removing tempfiles
14:53:18.694 T:139672691595392   DEBUG: ADDON: Starting service addons.
14:53:18.699 T:139671359092480   DEBUG: Thread LanguageInvoker start, auto delete: false
14:53:18.699 T:139671359092480   DEBUG: Previous line repeats 2 times.
14:53:18.699 T:139671359092480    INFO: initializing python engine.
14:53:18.699 T:139671359092480    INFO: Previous line repeats 2 times.
14:53:18.699 T:139671359092480   DEBUG: CPythonInvoker(7, /usr/share/kodi/addons/service.libreelec.settings/service.py): start processing
14:53:18.699 T:139670078568192   DEBUG: Thread LanguageInvoker start, auto delete: false
14:53:18.699 T:139670111385344   DEBUG: CPythonInvoker(8, /storage/.kodi/addons/script.common.plugin.cache/resources/lib/entry_point.py): start processing
14:53:18.699 T:139670087223040   DEBUG: CPythonInvoker(9, /storage/.kodi/addons/script.service.alarmclock/default.py): start processing
14:53:18.699 T:139672691595392  NOTICE: initialize done
14:53:18.699 T:139670078568192    INFO: initializing python engine.
14:53:18.699 T:139672691595392  NOTICE: Running the application...
14:53:18.699 T:139670078568192   DEBUG: CPythonInvoker(10, /storage/.kodi/addons/script.paragontv/service.py): start processing
14:53:18.699 T:139672691595392   DEBUG: no profile autoexec.py (/storage/.kodi/userdata/autoexec.py) found, skipping
14:53:18.704 T:139671359092480   DEBUG: -->Python Interpreter Initialized<--
14:53:18.704 T:139671359092480   DEBUG: CPythonInvoker(7, /usr/share/kodi/addons/service.libreelec.settings/service.py): the source file to load is "/usr/share/kodi/addons/service.libreelec.settings/service.py"
14:53:18.709 T:139671359092480   DEBUG: CPythonInvoker(7, /usr/share/kodi/addons/service.libreelec.settings/service.py): setting the Python path to /usr/share/kodi/addons/service.libreelec.settings:/usr/lib/python27.zip:/usr/lib/python2.7:/usr/lib/python2.7/plat-linux2:/usr/lib/python2.7/lib-tk:/usr/lib/python2.7/lib-old:/usr/lib/python2.7/lib-dynload:/usr/lib/python2.7/site-packages:/usr/lib/python2.7/site-packages/gtk-2.0
14:53:18.709 T:139671359092480   DEBUG: CPythonInvoker(7, /usr/share/kodi/addons/service.libreelec.settings/service.py): entering source directory /usr/share/kodi/addons/service.libreelec.settings
14:53:18.709 T:139671359092480   DEBUG: CPythonInvoker(7, /usr/share/kodi/addons/service.libreelec.settings/service.py): instantiating addon using automatically obtained id of "service.libreelec.settings" dependent on version 2.1.0 of the xbmc.python api
14:53:18.735 T:139671359092480   DEBUG: ## LibreELEC Addon ## 8.2.0
14:53:18.745 T:139670087223040   DEBUG: -->Python Interpreter Initialized<--
14:53:18.745 T:139670087223040   DEBUG: CPythonInvoker(9, /storage/.kodi/addons/script.service.alarmclock/default.py): the source file to load is "/storage/.kodi/addons/script.service.alarmclock/default.py"
14:53:18.745 T:139670111385344   DEBUG: -->Python Interpreter Initialized<--
14:53:18.745 T:139670111385344   DEBUG: CPythonInvoker(8, /storage/.kodi/addons/script.common.plugin.cache/resources/lib/entry_point.py): the source file to load is "/storage/.kodi/addons/script.common.plugin.cache/resources/lib/entry_point.py"
14:53:18.745 T:139670078568192   DEBUG: -->Python Interpreter Initialized<--
14:53:18.745 T:139670078568192   DEBUG: CPythonInvoker(10, /storage/.kodi/addons/script.paragontv/service.py): the source file to load is "/storage/.kodi/addons/script.paragontv/service.py"
14:53:18.745 T:139670087223040   DEBUG: CPythonInvoker(9, /storage/.kodi/addons/script.service.alarmclock/default.py): setting the Python path to /storage/.kodi/addons/script.service.alarmclock:/usr/lib/python27.zip:/usr/lib/python2.7:/usr/lib/python2.7/plat-linux2:/usr/lib/python2.7/lib-tk:/usr/lib/python2.7/lib-old:/usr/lib/python2.7/lib-dynload:/usr/lib/python2.7/site-packages:/usr/lib/python2.7/site-packages/gtk-2.0
14:53:18.745 T:139670087223040   DEBUG: CPythonInvoker(9, /storage/.kodi/addons/script.service.alarmclock/default.py): entering source directory /storage/.kodi/addons/script.service.alarmclock
14:53:18.745 T:139670087223040   DEBUG: CPythonInvoker(9, /storage/.kodi/addons/script.service.alarmclock/default.py): instantiating addon using automatically obtained id of "script.service.alarmclock" dependent on version 2.1.0 of the xbmc.python api
14:53:18.747 T:139670078568192   DEBUG: CPythonInvoker(10, /storage/.kodi/addons/script.paragontv/service.py): setting the Python path to /storage/.kodi/addons/script.paragontv:/usr/share/kodi/addons/script.module.pil/lib:/usr/lib/python27.zip:/usr/lib/python2.7:/usr/lib/python2.7/plat-linux2:/usr/lib/python2.7/lib-tk:/usr/lib/python2.7/lib-old:/usr/lib/python2.7/lib-dynload:/usr/lib/python2.7/site-packages:/usr/lib/python2.7/site-packages/gtk-2.0
14:53:18.747 T:139670078568192   DEBUG: CPythonInvoker(10, /storage/.kodi/addons/script.paragontv/service.py): entering source directory /storage/.kodi/addons/script.paragontv
14:53:18.747 T:139670078568192   DEBUG: CPythonInvoker(10, /storage/.kodi/addons/script.paragontv/service.py): instantiating addon using automatically obtained id of "script.paragontv" dependent on version 2.14.0 of the xbmc.python api
14:53:18.749 T:139670111385344   DEBUG: CPythonInvoker(8, /storage/.kodi/addons/script.common.plugin.cache/resources/lib/entry_point.py): setting the Python path to /storage/.kodi/addons/script.common.plugin.cache/resources/lib:/usr/lib/python27.zip:/usr/lib/python2.7:/usr/lib/python2.7/plat-linux2:/usr/lib/python2.7/lib-tk:/usr/lib/python2.7/lib-old:/usr/lib/python2.7/lib-dynload:/usr/lib/python2.7/site-packages:/usr/lib/python2.7/site-packages/gtk-2.0
14:53:18.749 T:139670111385344   DEBUG: CPythonInvoker(8, /storage/.kodi/addons/script.common.plugin.cache/resources/lib/entry_point.py): entering source directory /storage/.kodi/addons/script.common.plugin.cache/resources/lib
14:53:18.749 T:139670111385344   DEBUG: CPythonInvoker(8, /storage/.kodi/addons/script.common.plugin.cache/resources/lib/entry_point.py): instantiating addon using automatically obtained id of "script.common.plugin.cache" dependent on version 2.24.0 of the xbmc.python api
14:53:18.761 T:139670078568192   DEBUG: script.paragontv-Paragon TV-Paragon TV Service Started
14:53:18.761 T:139670078568192   DEBUG: script.paragontv-Paragon TV-Version: 2.4.4
14:53:18.762 T:139669652109056   DEBUG: script.paragontv-Paragon TV-Settings monitor started
14:53:18.765 T:139670078568192   DEBUG: script.paragontv-Paragon TV-Starting Maintenance Timer Service
14:53:18.765 T:139670078568192   DEBUG: script.paragontv-Paragon TV-Starting Startup Timer Service
14:53:18.765 T:139670078568192   DEBUG: script.paragontv-Paragon TV-Starting Shutdown Scheduler Service
14:53:18.765 T:139670078568192  NOTICE: script.paragontv-Paragon TV-Starting Preset System Timer Service
14:53:18.769 T:139669635323648   DEBUG: Thread LanguageInvoker start, auto delete: false
14:53:18.769 T:139669635323648    INFO: initializing python engine.
14:53:18.769 T:139669626930944   DEBUG: Thread LanguageInvoker start, auto delete: false
14:53:18.769 T:139669635323648   DEBUG: CPythonInvoker(11, /storage/.kodi/addons/script.paragontv/resources/lib/ptv_maintenance_timer.py): start processing
14:53:18.769 T:139669618538240   DEBUG: Thread LanguageInvoker start, auto delete: false
14:53:18.769 T:139669626930944    INFO: initializing python engine.
14:53:18.769 T:139669610145536   DEBUG: Thread LanguageInvoker start, auto delete: false
14:53:18.769 T:139669618538240    INFO: initializing python engine.
14:53:18.769 T:139669626930944   DEBUG: CPythonInvoker(12, /storage/.kodi/addons/script.paragontv/resources/lib/ptv_startup_timer.py): start processing
14:53:18.769 T:139669618538240   DEBUG: CPythonInvoker(13, /storage/.kodi/addons/script.paragontv/resources/lib/ptv_shutdown_timer.py): start processing
14:53:18.769 T:139669610145536    INFO: initializing python engine.
14:53:18.769 T:139669610145536   DEBUG: CPythonInvoker(14, /storage/.kodi/addons/script.paragontv/resources/lib/ptv_preset_timer.py): start processing
14:53:18.852 T:139672691595392   DEBUG: Activating window ID: 10000
14:53:18.852 T:139672691595392   DEBUG: ------ Window Deinit (Startup.xml) ------
14:53:18.852 T:139672691595392   DEBUG: ------ Window Init (Home.xml) ------
14:53:18.852 T:139672691595392    INFO: Loading skin file: Home.xml, load type: KEEP_IN_MEMORY
14:53:18.853 T:139672691595392 WARNING: Skin has invalid include:
14:53:18.855 T:139672691595392 WARNING: Previous line repeats 11 times.
14:53:18.855 T:139672691595392 WARNING: Skin has invalid include: TopHomeMenu
14:53:18.855 T:139672691595392 WARNING: Skin has invalid include:
14:53:18.855 T:139672691595392 WARNING: Skin has invalid include: TopHomeMenu
14:53:18.855 T:139670087223040   DEBUG: events fetched: []
14:53:18.855 T:139670087223040   DEBUG: Starting alarm clock..
14:53:18.857 T:139672691595392 WARNING: Skin has invalid include: skinshortcuts-template-widget
14:53:18.880 T:139669635323648   DEBUG: -->Python Interpreter Initialized<--
14:53:18.880 T:139669635323648   DEBUG: CPythonInvoker(11, /storage/.kodi/addons/script.paragontv/resources/lib/ptv_maintenance_timer.py): the source file to load is "/storage/.kodi/addons/script.paragontv/resources/lib/ptv_maintenance_timer.py"
14:53:18.880 T:139669635323648 WARNING: CPythonInvoker(11): Script invoked without an addon. Adding all addon modules installed to python path as fallback. This behaviour will be removed in future version.
14:53:18.882 T:139669618538240   DEBUG: -->Python Interpreter Initialized<--
14:53:18.882 T:139669618538240   DEBUG: CPythonInvoker(13, /storage/.kodi/addons/script.paragontv/resources/lib/ptv_shutdown_timer.py): the source file to load is "/storage/.kodi/addons/script.paragontv/resources/lib/ptv_shutdown_timer.py"
14:53:18.882 T:139669618538240 WARNING: CPythonInvoker(13): Script invoked without an addon. Adding all addon modules installed to python path as fallback. This behaviour will be removed in future version.
14:53:18.902 T:139669601752832   DEBUG: Thread Timer start, auto delete: false
14:53:18.902 T:139669635323648   DEBUG: CPythonInvoker(11, /storage/.kodi/addons/script.paragontv/resources/lib/ptv_maintenance_timer.py): setting the Python path to /storage/.kodi/addons/script.paragontv/resources/lib:/usr/share/kodi/addons/script.module.pil/lib:/storage/.kodi/addons/script.module.simplejson/lib:/storage/.kodi/addons/script.module.autocompletion/lib:/storage/.kodi/addons/script.module.certifi/lib:/storage/.kodi/addons/script.module.chardet/lib:/storage/.kodi/addons/script.module.idna/lib:/storage/.kodi/addons/script.module.urllib3/lib:/storage/.kodi/addons/script.module.requests/lib:/storage/.kodi/addons/script.module.addon.signals/lib:/storage/.kodi/addons/script.module.youtube.dl/lib:/storage/.kodi/addons/script.module.kodi65/lib:/storage/.kodi/addons/script.module.routing/lib:/storage/.kodi/addons/script.module.backports.functools_lru_cache/lib:/storage/.kodi/addons/script.module.six/lib:/storage/.kodi/addons/script.module.dateutil/lib:/storage/.kodi/addons/script.module.arrow/lib:/storage/.kodi/addons/script.module.beautifulsoup/lib:/storage/.kodi/addons/script.module.musicbrainz/lib:/storage/.kodi/addons/script.module.simplecache/lib:/storage/.kodi/addons/script.module.thetvdb/lib:/storage/.kodi/addons/script.module.metadatautils/lib:/storage/.kodi/addons/script.module.unidecode/lib:/storage/.kodi/addons/script.common.plugin.cache/resources/lib/storage_server/:/storage/.kodi/addons/script.module.future/libs:/storage/.kodi/addons/plugin.video.youtube/resources/lib/:/storage/.kodi/addons/script.module.buggalo/lib:/storage/.kodi/addons/script.module.feedparser/lib:/storage/.kodi/addons/script.module.addon.common/lib:/storage/.kodi/addons/script.module.myconnpy/lib:/storage/.kodi/addons/script.module.metahandler/lib:/storage/.kodi/addons/script.module.pyfscache/lib:/storage/.kodi/addons/script.module.parsedom/lib:/storage/.kodi/addons/script.module.simple.downloader/lib:/storage/.kodi/addons/script.module.t0mm0.common/lib:/storage/.kodi/addons/script.module.urlresolver/lib:/storage/.kodi/addons/script.module.simpleplugin3/libs:/usr/lib/python27.zip:/usr/lib/python2.7:/usr/lib/python2.7/plat-linux2:/usr/lib/python2.7/lib-tk:/usr/lib/python2.7/lib-old:/usr/lib/python2.7/lib-dynload:/usr/lib/python2.7/site-packages:/usr/lib/python2.7/site-packages/gtk-2.0
14:53:18.902 T:139669635323648   DEBUG: CPythonInvoker(11, /storage/.kodi/addons/script.paragontv/resources/lib/ptv_maintenance_timer.py): entering source directory /storage/.kodi/addons/script.paragontv/resources/lib
14:53:18.904 T:139669593360128   DEBUG: Thread LanguageInvoker start, auto delete: false
14:53:18.904 T:139669593360128    INFO: initializing python engine.
14:53:18.904 T:139669593360128   DEBUG: CPythonInvoker(15, /storage/.kodi/addons/script.skinshortcuts/default.py): start processing
14:53:18.904 T:139672691595392   DEBUG: started alarm with name: clear
14:53:18.904 T:139671283590912   DEBUG: CRecentlyAddedJob::UpdateMusic() - Running RecentlyAdded home screen update
14:53:18.905 T:139669618538240   DEBUG: CPythonInvoker(13, /storage/.kodi/addons/script.paragontv/resources/lib/ptv_shutdown_timer.py): setting the Python path to /storage/.kodi/addons/script.paragontv/resources/lib:/usr/share/kodi/addons/script.module.pil/lib:/storage/.kodi/addons/script.module.simplejson/lib:/storage/.kodi/addons/script.module.autocompletion/lib:/storage/.kodi/addons/script.module.certifi/lib:/storage/.kodi/addons/script.module.chardet/lib:/storage/.kodi/addons/script.module.idna/lib:/storage/.kodi/addons/script.module.urllib3/lib:/storage/.kodi/addons/script.module.requests/lib:/storage/.kodi/addons/script.module.addon.signals/lib:/storage/.kodi/addons/script.module.youtube.dl/lib:/storage/.kodi/addons/script.module.kodi65/lib:/storage/.kodi/addons/script.module.routing/lib:/storage/.kodi/addons/script.module.backports.functools_lru_cache/lib:/storage/.kodi/addons/script.module.six/lib:/storage/.kodi/addons/script.module.dateutil/lib:/storage/.kodi/addons/script.module.arrow/lib:/storage/.kodi/addons/script.module.beautifulsoup/lib:/storage/.kodi/addons/script.module.musicbrainz/lib:/storage/.kodi/addons/script.module.simplecache/lib:/storage/.kodi/addons/script.module.thetvdb/lib:/storage/.kodi/addons/script.module.metadatautils/lib:/storage/.kodi/addons/script.module.unidecode/lib:/storage/.kodi/addons/script.common.plugin.cache/resources/lib/storage_server/:/storage/.kodi/addons/script.module.future/libs:/storage/.kodi/addons/plugin.video.youtube/resources/lib/:/storage/.kodi/addons/script.module.buggalo/lib:/storage/.kodi/addons/script.module.feedparser/lib:/storage/.kodi/addons/script.module.addon.common/lib:/storage/.kodi/addons/script.module.myconnpy/lib:/storage/.kodi/addons/script.module.metahandler/lib:/storage/.kodi/addons/script.module.pyfscache/lib:/storage/.kodi/addons/script.module.parsedom/lib:/storage/.kodi/addons/script.module.simple.downloader/lib:/storage/.kodi/addons/script.module.t0mm0.common/lib:/storage/.kodi/addons/script.module.urlresolver/lib:/storage/.kodi/addons/script.module.simpleplugin3/libs:/usr/lib/python27.zip:/usr/lib/python2.7:/usr/lib/python2.7/plat-linux2:/usr/lib/python2.7/lib-tk:/usr/lib/python2.7/lib-old:/usr/lib/python2.7/lib-dynload:/usr/lib/python2.7/site-packages:/usr/lib/python2.7/site-packages/gtk-2.0
14:53:18.905 T:139669618538240   DEBUG: CPythonInvoker(13, /storage/.kodi/addons/script.paragontv/resources/lib/ptv_shutdown_timer.py): entering source directory /storage/.kodi/addons/script.paragontv/resources/lib
14:53:18.907 T:139671283590912   DEBUG: GetRecentlyAddedAlbumSongs() query: SELECT songview.*, songartistview.* FROM (SELECT idAlbum FROM album ORDER BY idAlbum DESC LIMIT 10) AS recentalbums JOIN songview ON songview.idAlbum = recentalbums.idAlbum JOIN songartistview ON songview.idSong = songartistview.idSong ORDER BY songview.idAlbum DESC, songview.idSong, songartistview.idRole, songartistview.iOrder
14:53:18.915 T:139669643716352   DEBUG: [StorageClient-2.6.1] Service loaded, starting server ...
14:53:18.927 T:139671283590912   DEBUG: GetRecentlyAddedAlbums query: SELECT albumview.*, albumartistview.* FROM (SELECT idAlbum FROM album WHERE strAlbum != '' ORDER BY idAlbum DESC LIMIT 10) AS recentalbums JOIN albumview ON albumview.idAlbum = recentalbums.idAlbum JOIN albumartistview ON albumview.idAlbum = albumartistview.idAlbum ORDER BY albumview.idAlbum desc, albumartistview.iOrder
14:53:18.934 T:139669626930944   DEBUG: -->Python Interpreter Initialized<--
14:53:18.934 T:139669626930944   DEBUG: CPythonInvoker(12, /storage/.kodi/addons/script.paragontv/resources/lib/ptv_startup_timer.py): the source file to load is "/storage/.kodi/addons/script.paragontv/resources/lib/ptv_startup_timer.py"
14:53:18.934 T:139669626930944 WARNING: CPythonInvoker(12): Script invoked without an addon. Adding all addon modules installed to python path as fallback. This behaviour will be removed in future version.
14:53:18.945 T:139669610145536   DEBUG: -->Python Interpreter Initialized<--
14:53:18.945 T:139669610145536   DEBUG: CPythonInvoker(14, /storage/.kodi/addons/script.paragontv/resources/lib/ptv_preset_timer.py): the source file to load is "/storage/.kodi/addons/script.paragontv/resources/lib/ptv_preset_timer.py"
14:53:18.945 T:139669610145536 WARNING: CPythonInvoker(14): Script invoked without an addon. Adding all addon modules installed to python path as fallback. This behaviour will be removed in future version.
14:53:18.959 T:139672691595392   DEBUG: ------ Window Init (Custom_Overlay.xml) ------
14:53:18.959 T:139672691595392    INFO: Loading skin file: Custom_Overlay.xml, load type: KEEP_IN_MEMORY
14:53:18.968 T:139672691595392   DEBUG: ------ Window Init (Custom_RSS.xml) ------
14:53:18.968 T:139672691595392    INFO: Loading skin file: Custom_RSS.xml, load type: KEEP_IN_MEMORY
14:53:18.969 T:139672691595392   DEBUG: ------ Window Init (Custom_Refresh.xml) ------
14:53:18.969 T:139672691595392    INFO: Loading skin file: Custom_Refresh.xml, load type: KEEP_IN_MEMORY
14:53:18.969 T:139671283590912   DEBUG: CRecentlyAddedJob::UpdateVideos() - Running RecentlyAdded home screen update
14:53:18.998 T:139669610145536   DEBUG: CPythonInvoker(14, /storage/.kodi/addons/script.paragontv/resources/lib/ptv_preset_timer.py): setting the Python path to /storage/.kodi/addons/script.paragontv/resources/lib:/usr/share/kodi/addons/script.module.pil/lib:/storage/.kodi/addons/script.module.simplejson/lib:/storage/.kodi/addons/script.module.autocompletion/lib:/storage/.kodi/addons/script.module.certifi/lib:/storage/.kodi/addons/script.module.chardet/lib:/storage/.kodi/addons/script.module.idna/lib:/storage/.kodi/addons/script.module.urllib3/lib:/storage/.kodi/addons/script.module.requests/lib:/storage/.kodi/addons/script.module.addon.signals/lib:/storage/.kodi/addons/script.module.youtube.dl/lib:/storage/.kodi/addons/script.module.kodi65/lib:/storage/.kodi/addons/script.module.routing/lib:/storage/.kodi/addons/script.module.backports.functools_lru_cache/lib:/storage/.kodi/addons/script.module.six/lib:/storage/.kodi/addons/script.module.dateutil/lib:/storage/.kodi/addons/script.module.arrow/lib:/storage/.kodi/addons/script.module.beautifulsoup/lib:/storage/.kodi/addons/script.module.musicbrainz/lib:/storage/.kodi/addons/script.module.simplecache/lib:/storage/.kodi/addons/script.module.thetvdb/lib:/storage/.kodi/addons/script.module.metadatautils/lib:/storage/.kodi/addons/script.module.unidecode/lib:/storage/.kodi/addons/script.common.plugin.cache/resources/lib/storage_server/:/storage/.kodi/addons/script.module.future/libs:/storage/.kodi/addons/plugin.video.youtube/resources/lib/:/storage/.kodi/addons/script.module.buggalo/lib:/storage/.kodi/addons/script.module.feedparser/lib:/storage/.kodi/addons/script.module.addon.common/lib:/storage/.kodi/addons/script.module.myconnpy/lib:/storage/.kodi/addons/script.module.metahandler/lib:/storage/.kodi/addons/script.module.pyfscache/lib:/storage/.kodi/addons/script.module.parsedom/lib:/storage/.kodi/addons/script.module.simple.downloader/lib:/storage/.kodi/addons/script.module.t0mm0.common/lib:/storage/.kodi/addons/script.module.urlresolver/lib:/storage/.kodi/addons/script.module.simpleplugin3/libs:/usr/lib/python27.zip:/usr/lib/python2.7:/usr/lib/python2.7/plat-linux2:/usr/lib/python2.7/lib-tk:/usr/lib/python2.7/lib-old:/usr/lib/python2.7/lib-dynload:/usr/lib/python2.7/site-packages:/usr/lib/python2.7/site-packages/gtk-2.0
14:53:18.998 T:139669610145536   DEBUG: CPythonInvoker(14, /storage/.kodi/addons/script.paragontv/resources/lib/ptv_preset_timer.py): entering source directory /storage/.kodi/addons/script.paragontv/resources/lib
14:53:19.004 T:139671283590912   DEBUG: RunQuery took 30 ms for 10 items query: select * from movie_view  ORDER BY dateAdded desc, idMovie desc LIMIT 10
14:53:19.046 T:139669626930944   DEBUG: CPythonInvoker(12, /storage/.kodi/addons/script.paragontv/resources/lib/ptv_startup_timer.py): setting the Python path to /storage/.kodi/addons/script.paragontv/resources/lib:/usr/share/kodi/addons/script.module.pil/lib:/storage/.kodi/addons/script.module.simplejson/lib:/storage/.kodi/addons/script.module.autocompletion/lib:/storage/.kodi/addons/script.module.certifi/lib:/storage/.kodi/addons/script.module.chardet/lib:/storage/.kodi/addons/script.module.idna/lib:/storage/.kodi/addons/script.module.urllib3/lib:/storage/.kodi/addons/script.module.requests/lib:/storage/.kodi/addons/script.module.addon.signals/lib:/storage/.kodi/addons/script.module.youtube.dl/lib:/storage/.kodi/addons/script.module.kodi65/lib:/storage/.kodi/addons/script.module.routing/lib:/storage/.kodi/addons/script.module.backports.functools_lru_cache/lib:/storage/.kodi/addons/script.module.six/lib:/storage/.kodi/addons/script.module.dateutil/lib:/storage/.kodi/addons/script.module.arrow/lib:/storage/.kodi/addons/script.module.beautifulsoup/lib:/storage/.kodi/addons/script.module.musicbrainz/lib:/storage/.kodi/addons/script.module.simplecache/lib:/storage/.kodi/addons/script.module.thetvdb/lib:/storage/.kodi/addons/script.module.metadatautils/lib:/storage/.kodi/addons/script.module.unidecode/lib:/storage/.kodi/addons/script.common.plugin.cache/resources/lib/storage_server/:/storage/.kodi/addons/script.module.future/libs:/storage/.kodi/addons/plugin.video.youtube/resources/lib/:/storage/.kodi/addons/script.module.buggalo/lib:/storage/.kodi/addons/script.module.feedparser/lib:/storage/.kodi/addons/script.module.addon.common/lib:/storage/.kodi/addons/script.module.myconnpy/lib:/storage/.kodi/addons/script.module.metahandler/lib:/storage/.kodi/addons/script.module.pyfscache/lib:/storage/.kodi/addons/script.module.parsedom/lib:/storage/.kodi/addons/script.module.simple.downloader/lib:/storage/.kodi/addons/script.module.t0mm0.common/lib:/storage/.kodi/addons/script.module.urlresolver/lib:/storage/.kodi/addons/script.module.simpleplugin3/libs:/usr/lib/python27.zip:/usr/lib/python2.7:/usr/lib/python2.7/plat-linux2:/usr/lib/python2.7/lib-tk:/usr/lib/python2.7/lib-old:/usr/lib/python2.7/lib-dynload:/usr/lib/python2.7/site-packages:/usr/lib/python2.7/site-packages/gtk-2.0
14:53:19.046 T:139669626930944   DEBUG: CPythonInvoker(12, /storage/.kodi/addons/script.paragontv/resources/lib/ptv_startup_timer.py): entering source directory /storage/.kodi/addons/script.paragontv/resources/lib
14:53:19.061 T:139672691595392   DEBUG: ------ Window Deinit (Custom_Refresh.xml) ------
14:53:19.085 T:139669618538240   ERROR: [PTV Shutdown Timer] Starting PTV Shutdown Timer
14:53:19.103 T:139672691595392   DEBUG: ------ Window Init (DialogNotification.xml) ------
14:53:19.104 T:139669618538240   ERROR: [PTV Shutdown Timer] Checking schedule 'Bedtime'
14:53:19.104 T:139669618538240   ERROR: [PTV Shutdown Timer] Current time: 14:53
14:53:19.104 T:139669618538240   ERROR: [PTV Shutdown Timer] Shutdown time: 0:15
14:53:19.104 T:139669618538240   ERROR: [PTV Shutdown Timer] Minutes from midnight - Current: 893, Shutdown: 15
14:53:19.104 T:139669618538240   ERROR: [PTV Shutdown Timer] Time match (within window): False
14:53:19.104 T:139669618538240   ERROR: [PTV Shutdown Timer] Current day index: 6
14:53:19.104 T:139669618538240   ERROR: [PTV Shutdown Timer] Day match: False
14:53:19.104 T:139669618538240   ERROR: [PTV Shutdown Timer] Shutdown should trigger: False (Action: 1)
14:53:19.104 T:139669618538240   ERROR: [PTV Shutdown Timer] Checking schedule 'Late Night'
14:53:19.104 T:139669618538240   ERROR: [PTV Shutdown Timer] Current time: 14:53
14:53:19.104 T:139669618538240   ERROR: [PTV Shutdown Timer] Shutdown time: 3:30
14:53:19.104 T:139669618538240   ERROR: [PTV Shutdown Timer] Minutes from midnight - Current: 893, Shutdown: 210
14:53:19.104 T:139669618538240   ERROR: [PTV Shutdown Timer] Time match (within window): False
14:53:19.104 T:139669618538240   ERROR: [PTV Shutdown Timer] Current day index: 6
14:53:19.104 T:139669618538240   ERROR: [PTV Shutdown Timer] Day match: True
14:53:19.104 T:139669618538240   ERROR: [PTV Shutdown Timer] Shutdown should trigger: False (Action: 1)
14:53:19.104 T:139669635323648   ERROR: [PTV Maintenance Timer] Starting PTV Maintenance Timer
14:53:19.204 T:139669626930944   ERROR: [PTV Startup Timer] Starting PTV Startup Timer
14:53:19.205 T:139672691595392   DEBUG: LogindUPowerSyscall - Received unknown signal NameAcquired
14:53:19.213 T:139669593360128   DEBUG: -->Python Interpreter Initialized<--
14:53:19.213 T:139669593360128   DEBUG: CPythonInvoker(15, /storage/.kodi/addons/script.skinshortcuts/default.py): the source file to load is "/storage/.kodi/addons/script.skinshortcuts/default.py"
14:53:19.214 T:139669593360128   DEBUG: CPythonInvoker(15, /storage/.kodi/addons/script.skinshortcuts/default.py): setting the Python path to /storage/.kodi/addons/script.skinshortcuts:/storage/.kodi/addons/script.module.simplejson/lib:/storage/.kodi/addons/script.module.unidecode/lib:/usr/lib/python27.zip:/usr/lib/python2.7:/usr/lib/python2.7/plat-linux2:/usr/lib/python2.7/lib-tk:/usr/lib/python2.7/lib-old:/usr/lib/python2.7/lib-dynload:/usr/lib/python2.7/site-packages:/usr/lib/python2.7/site-packages/gtk-2.0
14:53:19.214 T:139669593360128   DEBUG: CPythonInvoker(15, /storage/.kodi/addons/script.skinshortcuts/default.py): entering source directory /storage/.kodi/addons/script.skinshortcuts
14:53:19.216 T:139669593360128   DEBUG: CPythonInvoker(15, /storage/.kodi/addons/script.skinshortcuts/default.py): instantiating addon using automatically obtained id of "script.skinshortcuts" dependent on version 2.20.0 of the xbmc.python api
14:53:19.220 T:139669610145536  NOTICE: [PTV Preset Timer] PTV Preset Refresh Timer (9-Phase Consolidated System) initialized
14:53:19.220 T:139669610145536  NOTICE: [PTV Preset Timer] Starting PTV Preset Refresh Timer (9-Phase Consolidated System)
14:53:19.267 T:139669610145536  NOTICE: [PTV Preset Timer] DEBUG: Today is Sunday (weekday=6)
14:53:19.267 T:139669610145536  NOTICE: [PTV Preset Timer] DEBUG: Setting name: SundayPreset
14:53:19.267 T:139669610145536  NOTICE: [PTV Preset Timer] DEBUG: Raw preset value: '3' (int: 3)
14:53:19.267 T:139669610145536  NOTICE: [PTV Preset Timer] DEBUG: Available presets: ['Alpha', 'Omega', 'Delta', 'Epsilon', 'Gamma', 'Sigma', 'Omicron', 'Theta', 'Lambda']
14:53:19.267 T:139669610145536  NOTICE: [PTV Preset Timer] Today's preset for Sunday: Delta (index=2)
14:53:19.303 T:139669593360128    INFO: CPythonInvoker(15, /storage/.kodi/addons/script.skinshortcuts/default.py): script successfully run
14:53:19.312 T:139669601752832   DEBUG: Thread Timer 139669601752832 terminating
14:53:19.312 T:139669524440832   DEBUG: Thread Timer start, auto delete: false
14:53:19.315 T:139669524440832   DEBUG: Thread Timer 139669524440832 terminating
14:53:19.315 T:139669601752832   DEBUG: Thread Timer start, auto delete: false
14:53:19.352 T:139669593360128    INFO: Python script stopped
14:53:19.352 T:139669593360128   DEBUG: Thread LanguageInvoker 139669593360128 terminating
14:53:19.391 T:139671283590912   DEBUG: RunQuery took 379 ms for 10 items query: select * from episode_view  ORDER BY dateAdded desc, idEpisode desc LIMIT 10
14:53:19.396 T:139672470681344   DEBUG: DoWork - trying to extract thumb from video file nfs://10.0.0.39/mnt/user/TELEVISION/Unhappily Ever After/Season 5/05x09 - Smart and Stupid.avi
14:53:19.396 T:139672470681344   DEBUG: SECTION:LoadDLL(libnfs.so.8)
14:53:19.397 T:139672470681344   DEBUG: Loading: libnfs.so.8
14:53:19.407 T:139671283590912   DEBUG: RunQuery took 1 ms for 0 items query: select * from musicvideo_view  ORDER BY dateAdded desc, idMVideo desc LIMIT 10
14:53:19.407 T:139671283590912   DEBUG: CRecentlyAddedJob::UpdateTotal() - Running RecentlyAdded home screen update
14:53:19.409 T:139671283590912   DEBUG: GetArtistsByWhere query: SELECT COUNT(DISTINCT artistview.idArtist) FROM artistview  WHERE (EXISTS (SELECT 1 FROM album_artist WHERE album_artist.idArtist = artistview.idArtist)) AND (artistview.strArtist != '')
14:53:19.425 T:139672470681344   DEBUG: NFS: Context for 10.0.0.39/mnt/user/TELEVISION not open - get a new context.
14:53:19.467 T:139672470681344   DEBUG: NFS: Connected to server 10.0.0.39 and export /mnt/user/TELEVISION
14:53:19.467 T:139672470681344   DEBUG: NFS: chunks: r/w 1048576/1048576
14:53:19.475 T:139672470681344    INFO: CNFSFile::Open: Unable to open file : 'mnt/user/TELEVISION/Unhappily Ever After/Season 5/05x09 - Smart and Stupid.avi'  error : 'open call failed with "NFS: Lookup of /Unhappily Ever After/Season 5/05x09 - Smart and Stupid.avi failed with NFS3ERR_NOENT(-2)"'
14:53:19.475 T:139672470681344   ERROR: InputStream: Error opening, nfs://10.0.0.39/mnt/user/TELEVISION/Unhappily Ever After/Season 5/05x09 - Smart and Stupid.avi
14:53:19.816 T:139669601752832   DEBUG: Thread Timer 139669601752832 terminating
14:53:20.603 T:139669601752832   DEBUG: Skin Helper Service --> Started Background worker...
14:53:20.631 T:139669601752832   DEBUG: CFavourites::Load - no system favourites found, skipping
14:53:20.660 T:139669601752832   DEBUG: RunQuery took 14 ms for 226 items query: select * from movie_view  JOIN sets ON movie_view.idSet = sets.idSet ORDER BY sets.idSet
14:53:20.695 T:139669601752832   DEBUG: RunQuery took 5 ms for 8 items query: select * from movie_view  JOIN sets ON movie_view.idSet = sets.idSet WHERE sets.idSet=113 ORDER BY sets.idSet
14:53:20.701 T:139669601752832   DEBUG: RunQuery took 4 ms for 8 items query: select * from movie_view  WHERE movie_view.idSet = 113
14:53:20.711 T:139669601752832   DEBUG: RunQuery took 4 ms for 1 items query: select * from movie_view  JOIN sets ON movie_view.idSet = sets.idSet WHERE sets.idSet=114 ORDER BY sets.idSet
14:53:20.715 T:139669601752832   DEBUG: RunQuery took 2 ms for 1 items query: select * from movie_view  WHERE movie_view.idSet = 114
14:53:20.723 T:139669601752832   DEBUG: RunQuery took 4 ms for 1 items query: select * from movie_view  JOIN sets ON movie_view.idSet = sets.idSet WHERE sets.idSet=115 ORDER BY sets.idSet
14:53:20.729 T:139669601752832   DEBUG: RunQuery took 4 ms for 1 items query: select * from movie_view  WHERE movie_view.idSet = 115
14:53:20.737 T:139669601752832   DEBUG: RunQuery took 3 ms for 1 items query: select * from movie_view  JOIN sets ON movie_view.idSet = sets.idSet WHERE sets.idSet=116 ORDER BY sets.idSet
14:53:20.742 T:139669601752832   DEBUG: RunQuery took 2 ms for 1 items query: select * from movie_view  WHERE movie_view.idSet = 116
14:53:20.750 T:139669601752832   DEBUG: RunQuery took 3 ms for 2 items query: select * from movie_view  JOIN sets ON movie_view.idSet = sets.idSet WHERE sets.idSet=117 ORDER BY sets.idSet
14:53:20.755 T:139669601752832   DEBUG: RunQuery took 3 ms for 2 items query: select * from movie_view  WHERE movie_view.idSet = 117
14:53:20.762 T:139669601752832   DEBUG: RunQuery took 2 ms for 1 items query: select * from movie_view  JOIN sets ON movie_view.idSet = sets.idSet WHERE sets.idSet=118 ORDER BY sets.idSet
14:53:20.767 T:139669601752832   DEBUG: RunQuery took 2 ms for 1 items query: select * from movie_view  WHERE movie_view.idSet = 118
14:53:20.774 T:139669601752832   DEBUG: RunQuery took 2 ms for 1 items query: select * from movie_view  JOIN sets ON movie_view.idSet = sets.idSet WHERE sets.idSet=119 ORDER BY sets.idSet
14:53:20.779 T:139669601752832   DEBUG: RunQuery took 2 ms for 1 items query: select * from movie_view  WHERE movie_view.idSet = 119
14:53:20.789 T:139669601752832   DEBUG: RunQuery took 5 ms for 2 items query: select * from movie_view  JOIN sets ON movie_view.idSet = sets.idSet WHERE sets.idSet=120 ORDER BY sets.idSet
14:53:20.794 T:139669601752832   DEBUG: RunQuery took 4 ms for 2 items query: select * from movie_view  WHERE movie_view.idSet = 120
14:53:20.801 T:139669601752832   DEBUG: RunQuery took 2 ms for 2 items query: select * from movie_view  JOIN sets ON movie_view.idSet = sets.idSet WHERE sets.idSet=121 ORDER BY sets.idSet
14:53:20.806 T:139669601752832   DEBUG: RunQuery took 2 ms for 2 items query: select * from movie_view  WHERE movie_view.idSet = 121
14:53:20.815 T:139669601752832   DEBUG: RunQuery took 4 ms for 2 items query: select * from movie_view  JOIN sets ON movie_view.idSet = sets.idSet WHERE sets.idSet=122 ORDER BY sets.idSet
14:53:20.821 T:139669601752832   DEBUG: RunQuery took 3 ms for 2 items query: select * from movie_view  WHERE movie_view.idSet = 122
14:53:20.829 T:139669601752832   DEBUG: RunQuery took 3 ms for 2 items query: select * from movie_view  JOIN sets ON movie_view.idSet = sets.idSet WHERE sets.idSet=123 ORDER BY sets.idSet
14:53:20.834 T:139669601752832   DEBUG: RunQuery took 2 ms for 2 items query: select * from movie_view  WHERE movie_view.idSet = 123
14:53:20.842 T:139669601752832   DEBUG: RunQuery took 4 ms for 1 items query: select * from movie_view  JOIN sets ON movie_view.idSet = sets.idSet WHERE sets.idSet=124 ORDER BY sets.idSet
14:53:20.847 T:139669601752832   DEBUG: RunQuery took 3 ms for 1 items query: select * from movie_view  WHERE movie_view.idSet = 124
14:53:20.854 T:139669601752832   DEBUG: RunQuery took 3 ms for 3 items query: select * from movie_view  JOIN sets ON movie_view.idSet = sets.idSet WHERE sets.idSet=125 ORDER BY sets.idSet
14:53:20.859 T:139669601752832   DEBUG: RunQuery took 3 ms for 3 items query: select * from movie_view  WHERE movie_view.idSet = 125
14:53:20.868 T:139669601752832   DEBUG: RunQuery took 4 ms for 2 items query: select * from movie_view  JOIN sets ON movie_view.idSet = sets.idSet WHERE sets.idSet=126 ORDER BY sets.idSet
14:53:20.873 T:139669601752832   DEBUG: RunQuery took 3 ms for 2 items query: select * from movie_view  WHERE movie_view.idSet = 126
14:53:20.881 T:139669601752832   DEBUG: RunQuery took 3 ms for 4 items query: select * from movie_view  JOIN sets ON movie_view.idSet = sets.idSet WHERE sets.idSet=127 ORDER BY sets.idSet
14:53:20.886 T:139669601752832   DEBUG: RunQuery took 3 ms for 4 items query: select * from movie_view  WHERE movie_view.idSet = 127
14:53:20.894 T:139669601752832   DEBUG: RunQuery took 3 ms for 2 items query: select * from movie_view  JOIN sets ON movie_view.idSet = sets.idSet WHERE sets.idSet=128 ORDER BY sets.idSet
14:53:20.899 T:139669601752832   DEBUG: RunQuery took 3 ms for 2 items query: select * from movie_view  WHERE movie_view.idSet = 128
14:53:20.907 T:139669601752832   DEBUG: RunQuery took 3 ms for 2 items query: select * from movie_view  JOIN sets ON movie_view.idSet = sets.idSet WHERE sets.idSet=129 ORDER BY sets.idSet
14:53:20.912 T:139669601752832   DEBUG: RunQuery took 3 ms for 2 items query: select * from movie_view  WHERE movie_view.idSet = 129
14:53:20.920 T:139669601752832   DEBUG: RunQuery took 3 ms for 2 items query: select * from movie_view  JOIN sets ON movie_view.idSet = sets.idSet WHERE sets.idSet=130 ORDER BY sets.idSet
14:53:20.925 T:139669601752832   DEBUG: RunQuery took 4 ms for 2 items query: select * from movie_view  WHERE movie_view.idSet = 130
14:53:20.932 T:139669601752832   DEBUG: RunQuery took 3 ms for 2 items query: select * from movie_view  JOIN sets ON movie_view.idSet = sets.idSet WHERE sets.idSet=131 ORDER BY sets.idSet
14:53:20.939 T:139669601752832   DEBUG: RunQuery took 4 ms for 2 items query: select * from movie_view  WHERE movie_view.idSet = 131
14:53:20.946 T:139669601752832   DEBUG: RunQuery took 3 ms for 1 items query: select * from movie_view  JOIN sets ON movie_view.idSet = sets.idSet WHERE sets.idSet=132 ORDER BY sets.idSet
14:53:20.951 T:139669601752832   DEBUG: RunQuery took 3 ms for 1 items query: select * from movie_view  WHERE movie_view.idSet = 132
14:53:20.959 T:139669601752832   DEBUG: RunQuery took 3 ms for 4 items query: select * from movie_view  JOIN sets ON movie_view.idSet = sets.idSet WHERE sets.idSet=133 ORDER BY sets.idSet
14:53:20.964 T:139669601752832   DEBUG: RunQuery took 2 ms for 4 items query: select * from movie_view  WHERE movie_view.idSet = 133
14:53:20.971 T:139669601752832   DEBUG: RunQuery took 3 ms for 5 items query: select * from movie_view  JOIN sets ON movie_view.idSet = sets.idSet WHERE sets.idSet=135 ORDER BY sets.idSet
14:53:20.976 T:139669601752832   DEBUG: RunQuery took 3 ms for 5 items query: select * from movie_view  WHERE movie_view.idSet = 135
14:53:20.985 T:139669601752832   DEBUG: RunQuery took 3 ms for 2 items query: select * from movie_view  JOIN sets ON movie_view.idSet = sets.idSet WHERE sets.idSet=136 ORDER BY sets.idSet
14:53:20.990 T:139669601752832   DEBUG: RunQuery took 2 ms for 2 items query: select * from movie_view  WHERE movie_view.idSet = 136
14:53:20.998 T:139669601752832   DEBUG: RunQuery took 3 ms for 1 items query: select * from movie_view  JOIN sets ON movie_view.idSet = sets.idSet WHERE sets.idSet=137 ORDER BY sets.idSet
14:53:21.002 T:139669601752832   DEBUG: RunQuery took 3 ms for 1 items query: select * from movie_view  WHERE movie_view.idSet = 137
14:53:21.009 T:139669601752832   DEBUG: RunQuery took 2 ms for 1 items query: select * from movie_view  JOIN sets ON movie_view.idSet = sets.idSet WHERE sets.idSet=138 ORDER BY sets.idSet
14:53:21.013 T:139669601752832   DEBUG: RunQuery took 3 ms for 1 items query: select * from movie_view  WHERE movie_view.idSet = 138
14:53:21.021 T:139669601752832   DEBUG: RunQuery took 4 ms for 3 items query: select * from movie_view  JOIN sets ON movie_view.idSet = sets.idSet WHERE sets.idSet=139 ORDER BY sets.idSet
14:53:21.028 T:139669601752832   DEBUG: RunQuery took 3 ms for 3 items query: select * from movie_view  WHERE movie_view.idSet = 139
14:53:21.036 T:139669601752832   DEBUG: RunQuery took 4 ms for 4 items query: select * from movie_view  JOIN sets ON movie_view.idSet = sets.idSet WHERE sets.idSet=140 ORDER BY sets.idSet
14:53:21.042 T:139669601752832   DEBUG: RunQuery took 2 ms for 4 items query: select * from movie_view  WHERE movie_view.idSet = 140
14:53:21.049 T:139669601752832   DEBUG: RunQuery took 3 ms for 1 items query: select * from movie_view  JOIN sets ON movie_view.idSet = sets.idSet WHERE sets.idSet=141 ORDER BY sets.idSet
14:53:21.054 T:139669601752832   DEBUG: RunQuery took 3 ms for 1 items query: select * from movie_view  WHERE movie_view.idSet = 141
14:53:21.063 T:139669601752832   DEBUG: RunQuery took 4 ms for 1 items query: select * from movie_view  JOIN sets ON movie_view.idSet = sets.idSet WHERE sets.idSet=142 ORDER BY sets.idSet
14:53:21.068 T:139669601752832   DEBUG: RunQuery took 3 ms for 1 items query: select * from movie_view  WHERE movie_view.idSet = 142
14:53:21.074 T:139671359092480    INFO: ## LibreELEC Addon ## system::set_hostname ## office
14:53:21.075 T:139671359092480    INFO: ## LibreELEC Addon ## system::set_keyboard_layout ## us,us -model pc105
14:53:21.087 T:139669601752832   DEBUG: RunQuery took 4 ms for 2 items query: select * from movie_view  JOIN sets ON movie_view.idSet = sets.idSet WHERE sets.idSet=143 ORDER BY sets.idSet
14:53:21.094 T:139669601752832   DEBUG: RunQuery took 3 ms for 2 items query: select * from movie_view  WHERE movie_view.idSet = 143
14:53:21.102 T:139669601752832   DEBUG: RunQuery took 3 ms for 4 items query: select * from movie_view  JOIN sets ON movie_view.idSet = sets.idSet WHERE sets.idSet=144 ORDER BY sets.idSet
14:53:21.108 T:139669601752832   DEBUG: RunQuery took 3 ms for 4 items query: select * from movie_view  WHERE movie_view.idSet = 144
14:53:21.118 T:139669601752832   DEBUG: RunQuery took 5 ms for 2 items query: select * from movie_view  JOIN sets ON movie_view.idSet = sets.idSet WHERE sets.idSet=145 ORDER BY sets.idSet
14:53:21.132 T:139669601752832   DEBUG: RunQuery took 3 ms for 2 items query: select * from movie_view  WHERE movie_view.idSet = 145
14:53:21.142 T:139669601752832   DEBUG: RunQuery took 3 ms for 1 items query: select * from movie_view  JOIN sets ON movie_view.idSet = sets.idSet WHERE sets.idSet=146 ORDER BY sets.idSet
14:53:21.143 T:139671359092480    INFO: ## LibreELEC Addon ## system::updateThread ## Started
14:53:21.143 T:139671359092480    INFO: ## LibreELEC Addon ## system::set_auto_update ## manual
14:53:21.148 T:139669601752832   DEBUG: RunQuery took 3 ms for 1 items query: select * from movie_view  WHERE movie_view.idSet = 146
14:53:21.157 T:139669524440832    INFO: ## LibreELEC Addon ## _service_::run ## WAITING:
14:53:21.158 T:139669601752832   DEBUG: RunQuery took 4 ms for 2 items query: select * from movie_view  JOIN sets ON movie_view.idSet = sets.idSet WHERE sets.idSet=147 ORDER BY sets.idSet
14:53:21.161 T:139669593360128    INFO: ## LibreELEC Addon ## xdbus Monitor started. ##
14:53:21.163 T:139669601752832   DEBUG: RunQuery took 3 ms for 2 items query: select * from movie_view  WHERE movie_view.idSet = 147
14:53:21.170 T:139669601752832   DEBUG: RunQuery took 2 ms for 1 items query: select * from movie_view  JOIN sets ON movie_view.idSet = sets.idSet WHERE sets.idSet=148 ORDER BY sets.idSet
14:53:21.174 T:139669601752832   DEBUG: RunQuery took 2 ms for 1 items query: select * from movie_view  WHERE movie_view.idSet = 148
14:53:21.181 T:139669601752832   DEBUG: RunQuery took 2 ms for 4 items query: select * from movie_view  JOIN sets ON movie_view.idSet = sets.idSet WHERE sets.idSet=149 ORDER BY sets.idSet
14:53:21.187 T:139669601752832   DEBUG: RunQuery took 3 ms for 4 items query: select * from movie_view  WHERE movie_view.idSet = 149
14:53:21.196 T:139669601752832   DEBUG: RunQuery took 5 ms for 3 items query: select * from movie_view  JOIN sets ON movie_view.idSet = sets.idSet WHERE sets.idSet=150 ORDER BY sets.idSet
14:53:21.203 T:139669601752832   DEBUG: RunQuery took 4 ms for 3 items query: select * from movie_view  WHERE movie_view.idSet = 150
14:53:21.210 T:139669601752832   DEBUG: RunQuery took 3 ms for 1 items query: select * from movie_view  JOIN sets ON movie_view.idSet = sets.idSet WHERE sets.idSet=151 ORDER BY sets.idSet
14:53:21.215 T:139669601752832   DEBUG: RunQuery took 2 ms for 1 items query: select * from movie_view  WHERE movie_view.idSet = 151
14:53:21.222 T:139669601752832   DEBUG: RunQuery took 3 ms for 1 items query: select * from movie_view  JOIN sets ON movie_view.idSet = sets.idSet WHERE sets.idSet=152 ORDER BY sets.idSet
14:53:21.226 T:139669601752832   DEBUG: RunQuery took 3 ms for 1 items query: select * from movie_view  WHERE movie_view.idSet = 152
14:53:21.236 T:139669601752832   DEBUG: RunQuery took 4 ms for 1 items query: select * from movie_view  JOIN sets ON movie_view.idSet = sets.idSet WHERE sets.idSet=153 ORDER BY sets.idSet
14:53:21.242 T:139669601752832   DEBUG: RunQuery took 4 ms for 1 items query: select * from movie_view  WHERE movie_view.idSet = 153
14:53:21.251 T:139669601752832   DEBUG: RunQuery took 4 ms for 1 items query: select * from movie_view  JOIN sets ON movie_view.idSet = sets.idSet WHERE sets.idSet=154 ORDER BY sets.idSet
14:53:21.255 T:139669601752832   DEBUG: RunQuery took 2 ms for 1 items query: select * from movie_view  WHERE movie_view.idSet = 154
14:53:21.264 T:139669601752832   DEBUG: RunQuery took 4 ms for 2 items query: select * from movie_view  JOIN sets ON movie_view.idSet = sets.idSet WHERE sets.idSet=155 ORDER BY sets.idSet
14:53:21.269 T:139669601752832   DEBUG: RunQuery took 2 ms for 2 items query: select * from movie_view  WHERE movie_view.idSet = 155
14:53:21.277 T:139669601752832   DEBUG: RunQuery took 3 ms for 7 items query: select * from movie_view  JOIN sets ON movie_view.idSet = sets.idSet WHERE sets.idSet=157 ORDER BY sets.idSet
14:53:21.283 T:139669601752832   DEBUG: RunQuery took 3 ms for 7 items query: select * from movie_view  WHERE movie_view.idSet = 157
14:53:21.293 T:139669601752832   DEBUG: RunQuery took 4 ms for 1 items query: select * from movie_view  JOIN sets ON movie_view.idSet = sets.idSet WHERE sets.idSet=158 ORDER BY sets.idSet
14:53:21.299 T:139669601752832   DEBUG: RunQuery took 3 ms for 1 items query: select * from movie_view  WHERE movie_view.idSet = 158
14:53:21.308 T:139669601752832   DEBUG: RunQuery took 4 ms for 2 items query: select * from movie_view  JOIN sets ON movie_view.idSet = sets.idSet WHERE sets.idSet=159 ORDER BY sets.idSet
14:53:21.314 T:139669601752832   DEBUG: RunQuery took 3 ms for 2 items query: select * from movie_view  WHERE movie_view.idSet = 159
14:53:21.323 T:139669601752832   DEBUG: RunQuery took 5 ms for 1 items query: select * from movie_view  JOIN sets ON movie_view.idSet = sets.idSet WHERE sets.idSet=160 ORDER BY sets.idSet
14:53:21.328 T:139669601752832   DEBUG: RunQuery took 3 ms for 1 items query: select * from movie_view  WHERE movie_view.idSet = 160
14:53:21.337 T:139669601752832   DEBUG: RunQuery took 4 ms for 1 items query: select * from movie_view  JOIN sets ON movie_view.idSet = sets.idSet WHERE sets.idSet=161 ORDER BY sets.idSet
14:53:21.342 T:139669601752832   DEBUG: RunQuery took 3 ms for 1 items query: select * from movie_view  WHERE movie_view.idSet = 161
14:53:21.349 T:139669601752832   DEBUG: RunQuery took 2 ms for 3 items query: select * from movie_view  JOIN sets ON movie_view.idSet = sets.idSet WHERE sets.idSet=162 ORDER BY sets.idSet
14:53:21.355 T:139669601752832   DEBUG: RunQuery took 3 ms for 3 items query: select * from movie_view  WHERE movie_view.idSet = 162
14:53:21.364 T:139669601752832   DEBUG: RunQuery took 5 ms for 1 items query: select * from movie_view  JOIN sets ON movie_view.idSet = sets.idSet WHERE sets.idSet=163 ORDER BY sets.idSet
14:53:21.371 T:139669601752832   DEBUG: RunQuery took 4 ms for 1 items query: select * from movie_view  WHERE movie_view.idSet = 163
14:53:21.378 T:139669601752832   DEBUG: RunQuery took 3 ms for 1 items query: select * from movie_view  JOIN sets ON movie_view.idSet = sets.idSet WHERE sets.idSet=164 ORDER BY sets.idSet
14:53:21.383 T:139669601752832   DEBUG: RunQuery took 3 ms for 1 items query: select * from movie_view  WHERE movie_view.idSet = 164
14:53:21.390 T:139669601752832   DEBUG: RunQuery took 3 ms for 4 items query: select * from movie_view  JOIN sets ON movie_view.idSet = sets.idSet WHERE sets.idSet=165 ORDER BY sets.idSet
14:53:21.397 T:139669601752832   DEBUG: RunQuery took 4 ms for 4 items query: select * from movie_view  WHERE movie_view.idSet = 165
14:53:21.406 T:139669601752832   DEBUG: RunQuery took 4 ms for 1 items query: select * from movie_view  JOIN sets ON movie_view.idSet = sets.idSet WHERE sets.idSet=166 ORDER BY sets.idSet
14:53:21.412 T:139669601752832   DEBUG: RunQuery took 3 ms for 1 items query: select * from movie_view  WHERE movie_view.idSet = 166
14:53:21.419 T:139669601752832   DEBUG: RunQuery took 3 ms for 4 items query: select * from movie_view  JOIN sets ON movie_view.idSet = sets.idSet WHERE sets.idSet=167 ORDER BY sets.idSet
14:53:21.425 T:139669601752832   DEBUG: RunQuery took 3 ms for 4 items query: select * from movie_view  WHERE movie_view.idSet = 167
14:53:21.432 T:139669601752832   DEBUG: RunQuery took 3 ms for 1 items query: select * from movie_view  JOIN sets ON movie_view.idSet = sets.idSet WHERE sets.idSet=168 ORDER BY sets.idSet
14:53:21.437 T:139669601752832   DEBUG: RunQuery took 3 ms for 1 items query: select * from movie_view  WHERE movie_view.idSet = 168
14:53:21.446 T:139669601752832   DEBUG: RunQuery took 4 ms for 1 items query: select * from movie_view  JOIN sets ON movie_view.idSet = sets.idSet WHERE sets.idSet=170 ORDER BY sets.idSet
14:53:21.452 T:139669601752832   DEBUG: RunQuery took 4 ms for 1 items query: select * from movie_view  WHERE movie_view.idSet = 170
14:53:21.461 T:139669601752832   DEBUG: RunQuery took 4 ms for 1 items query: select * from movie_view  JOIN sets ON movie_view.idSet = sets.idSet WHERE sets.idSet=171 ORDER BY sets.idSet
14:53:21.467 T:139669601752832   DEBUG: RunQuery took 3 ms for 1 items query: select * from movie_view  WHERE movie_view.idSet = 171
14:53:21.475 T:139669601752832   DEBUG: RunQuery took 4 ms for 1 items query: select * from movie_view  JOIN sets ON movie_view.idSet = sets.idSet WHERE sets.idSet=172 ORDER BY sets.idSet
14:53:21.481 T:139669601752832   DEBUG: RunQuery took 3 ms for 1 items query: select * from movie_view  WHERE movie_view.idSet = 172
14:53:21.488 T:139669601752832   DEBUG: RunQuery took 3 ms for 2 items query: select * from movie_view  JOIN sets ON movie_view.idSet = sets.idSet WHERE sets.idSet=173 ORDER BY sets.idSet
14:53:21.495 T:139669601752832   DEBUG: RunQuery took 3 ms for 2 items query: select * from movie_view  WHERE movie_view.idSet = 173
14:53:21.504 T:139669601752832   DEBUG: RunQuery took 4 ms for 1 items query: select * from movie_view  JOIN sets ON movie_view.idSet = sets.idSet WHERE sets.idSet=175 ORDER BY sets.idSet
14:53:21.509 T:139669601752832   DEBUG: RunQuery took 2 ms for 1 items query: select * from movie_view  WHERE movie_view.idSet = 175
