14:53:12.689 T:139672691595392    INFO: * Adding remote mapping for device 'PinnacleSysPCTVRemote'
14:53:12.689 T:139672691595392    INFO: * Adding remote mapping for device 'anysee'
14:53:12.689 T:139672691595392    INFO: * Adding remote mapping for device 'iMON-PAD'
14:53:12.689 T:139672691595392    INFO: * Adding remote mapping for device 'Antec_Veris_RM200'
14:53:12.689 T:139672691595392    INFO: * Adding remote mapping for device 'MCE_via_iMON'
14:53:12.689 T:139672691595392    INFO: * Adding remote mapping for device 'TwinHanRemote'
14:53:12.689 T:139672691595392    INFO: * Adding remote mapping for device 'linux-input-layer'
14:53:12.689 T:139672691595392    INFO: * Linking remote mapping for 'linux-input-layer' to 'cx23885_remote'
14:53:12.689 T:139672691595392    INFO: * Adding remote mapping for device 'mediacenter'
14:53:12.689 T:139672691595392    INFO: * Adding remote mapping for device 'devinput'
14:53:12.690 T:139672691595392   DEBUG: CButtonTranslator::Load - no userdata Lircmap.xml found, skipping
14:53:12.690 T:139672691595392    INFO: GUI format 4096x2160, Display 4096x2160@ 24.00 - Full Screen
14:53:12.690 T:139672691595392   DEBUG: guilib: Fill viewport on change for solving rendering passes
14:53:12.690 T:139672691595392    INFO: CLangInfo: loading resource.language.en_gb language information...
14:53:12.691 T:139672691595392   DEBUG: trying to set locale to en_US.UTF-8
14:53:12.700 T:139672691595392    INFO: global locale set to C
14:53:12.700 T:139672691595392    INFO: CLangInfo: loading resource.language.en_gb language strings...
14:53:12.711 T:139672691595392   DEBUG: LocalizeStrings: loaded 3789 strings from file resource://resource.language.en_gb/strings.po
14:53:12.716 T:139672691595392   DEBUG: LocalizeStrings: loaded 1 strings from file /usr/share/kodi/addons/audioencoder.xbmc.builtin.aac/resources/language/English/strings.po
14:53:12.716 T:139672691595392   DEBUG: LocalizeStrings: loaded 1 strings from file /usr/share/kodi/addons/audioencoder.xbmc.builtin.wma/resources/language/English/strings.po
14:53:12.717 T:139672691595392   DEBUG: LocalizeStrings: loaded 18 strings from file /usr/share/kodi/addons/game.controller.default/resources/language/resource.language.en_gb/strings.po
14:53:12.719 T:139672691595392   DEBUG: LocalizeStrings: loaded 13 strings from file /storage/.kodi/addons/metadata.album.universal/resources/language/English/strings.po
14:53:12.721 T:139672691595392   DEBUG: LocalizeStrings: loaded 26 strings from file /storage/.kodi/addons/metadata.artists.universal/resources/language/English/strings.po
14:53:12.723 T:139672691595392   DEBUG: LocalizeStrings: loaded 9 strings from file /storage/.kodi/addons/metadata.themoviedb.org/resources/language/resource.language.en_gb/strings.po
14:53:12.724 T:139672691595392   DEBUG: LocalizeStrings: loaded 10 strings from file /storage/.kodi/addons/metadata.tvdb.com/resources/language/resource.language.en_gb/strings.po
14:53:12.726 T:139672691595392   DEBUG: LocalizeStrings: loaded 1 strings from file /usr/share/kodi/addons/screensaver.xbmc.builtin.dim/resources/language/resource.language.en_gb/strings.po
14:53:12.728 T:139672691595392   DEBUG: LocalizeStrings: loaded 206 strings from file /usr/share/kodi/addons/service.libreelec.settings/resources/language/English/strings.po
14:53:12.732 T:139672691595392   DEBUG: LocalizeStrings: loaded 45 strings from file /storage/.kodi/addons/script.module.youtube.dl/resources/language/English/strings.po
14:53:12.735 T:139672691595392   DEBUG: LocalizeStrings: loaded 167 strings from file /storage/.kodi/addons/script.extendedinfo/resources/language/resource.language.en_gb/strings.po
14:53:12.737 T:139672691595392   DEBUG: LocalizeStrings: loaded 51 strings from file /storage/.kodi/addons/script.module.metadatautils/resources/language/resource.language.en_gb/strings.po
14:53:12.739 T:139672691595392   DEBUG: LocalizeStrings: loaded 26 strings from file /storage/.kodi/addons/script.skin.helper.service/resources/language/resource.language.en_gb/strings.po
14:53:12.741 T:139672691595392   DEBUG: LocalizeStrings: loaded 69 strings from file /storage/.kodi/addons/script.skin.helper.widgets/resources/language/resource.language.en_gb/strings.po
14:53:12.743 T:139672691595392   DEBUG: LocalizeStrings: loaded 120 strings from file /storage/.kodi/addons/script.skinshortcuts/resources/language/English/strings.po
14:53:12.745 T:139672691595392   DEBUG: LocalizeStrings: loaded 24 strings from file /storage/.kodi/addons/service.library.data.provider/resources/language/resource.language.en_gb/strings.po
14:53:12.746 T:139672691595392   DEBUG: LocalizeStrings: loaded 7 strings from file /storage/.kodi/addons/script.common.plugin.cache/resources/language/resource.language.en_gb/strings.po
14:53:12.748 T:139672691595392   DEBUG: LocalizeStrings: loaded 100 strings from file /storage/.kodi/addons/script.artwork.downloader/resources/language/English/strings.po
14:53:12.750 T:139672691595392   DEBUG: LocalizeStrings: loaded 297 strings from file /storage/.kodi/addons/plugin.video.youtube/resources/language/resource.language.en_gb/strings.po
14:53:12.752 T:139672691595392   DEBUG: LocalizeStrings: loaded 22 strings from file /storage/.kodi/addons/script.module.buggalo/resources/language/English/strings.xml
14:53:12.755 T:139672691595392   DEBUG: LocalizeStrings: loaded 18 strings from file /storage/.kodi/addons/script.module.simple.downloader/resources/language/English/strings.xml
14:53:12.757 T:139672691595392   DEBUG: LocalizeStrings: loaded 12 strings from file /storage/.kodi/addons/script.keymap/resources/language/English/strings.xml
14:53:12.759 T:139672691595392   DEBUG: LocalizeStrings: loaded 3 strings from file /storage/.kodi/addons/plugin.program.autocompletion/resources/language/English/strings.po
14:53:12.763 T:139672691595392   DEBUG: LocalizeStrings: loaded 3 strings from file /storage/.kodi/addons/script.favourites/resources/language/resource.language.en_GB/strings.po
14:53:12.764 T:139672691595392   DEBUG: LocalizeStrings: loaded 25 strings from file /storage/.kodi/addons/script.service.alarmclock/resources/language/English/strings.po
14:53:12.766 T:139672691595392   DEBUG: LocalizeStrings: loaded 62 strings from file /storage/.kodi/addons/weather.gismeteo/resources/language/resource.language.en_gb/strings.po
14:53:12.769 T:139672691595392   DEBUG: LocalizeStrings: loaded 54 strings from file /storage/.kodi/addons/weather.weatherbit.io/resources/language/English/strings.po
14:53:12.773 T:139672691595392   DEBUG: LocalizeStrings: loaded 48 strings from file /storage/.kodi/addons/service.system.docker/resources/language/English/strings.po
14:53:12.781 T:139672691595392   DEBUG: LocalizeStrings: loaded 46 strings from file /storage/.kodi/addons/script.paragontv/resources/language/resource.language.en_gb/strings.po
14:53:12.792 T:139672691595392   DEBUG: LoadMappings - loaded node "Motorola Nyxboard Hybrid"
14:53:12.793 T:139672691595392   DEBUG: LoadMappings - loaded node "CEC Adapter"
14:53:12.793 T:139672691595392   DEBUG: LoadMappings - loaded node "Pulse-Eight CEC Adapter"
14:53:12.793 T:139672691595392   DEBUG: LoadMappings - loaded node "iMON HID device"
14:53:12.793 T:139672691595392   DEBUG: LoadMappings - loaded node "WETEK Play remote"
14:53:12.793 T:139672691595392   DEBUG: LoadMappings - loaded node ""
14:53:12.793 T:139672691595392   DEBUG: CPeripheralBusUSB - initialised udev monitor
14:53:12.794 T:139672691595392   DEBUG: SECTION:LoadDLL(libcec.so.4)
14:53:12.796 T:139672691595392   DEBUG: Loading: libcec.so.4
14:53:12.818 T:139672691595392   DEBUG: Add-on bus: Registering add-on peripheral.joystick
14:53:12.818 T:139672691595392   DEBUG: PERIPHERAL - CreateAddon - creating peripheral add-on instance 'Joystick Support'
14:53:12.818 T:139672691595392   DEBUG: ADDON: Dll Initializing - Joystick Support
14:53:12.818 T:139672691595392   DEBUG: SECTION:LoadDLL(/usr/lib/kodi/addons/peripheral.joystick/peripheral.joystick.so.1.3.4)
14:53:12.818 T:139672691595392   DEBUG: Loading: /usr/lib/kodi/addons/peripheral.joystick/peripheral.joystick.so.1.3.4
14:53:12.830 T:139672691595392   DEBUG: AddOnLog: Joystick Support: Loaded 14 joystick families with 97 total joysticks
14:53:12.830 T:139672691595392   DEBUG: Calling TransferSettings for: Joystick Support
14:53:12.830 T:139672547419904   DEBUG: Thread PeripBusUSBUdev start, auto delete: false
14:53:12.830 T:139672453900032   DEBUG: Thread PeripBusCEC start, auto delete: false
14:53:12.830 T:139672445507328   DEBUG: Thread PeripBusAddon start, auto delete: false
14:53:12.830 T:139672691595392   DEBUG: SECTION:LoadDLL(libcurl.so.4)
14:53:12.830 T:139672437114624   DEBUG: Thread PeripEventScanner start, auto delete: false
14:53:12.831 T:139672691595392   DEBUG: Loading: libcurl.so.4
14:53:12.839 T:139672470681344  NOTICE: Running database version Addons27
14:53:12.839 T:139672470681344   DEBUG: Initialize, updating databases...
14:53:12.840 T:139672470681344  NOTICE: Running database version ViewModes6
14:53:13.266 T:139672470681344  NOTICE: Running database version Textures13
14:53:13.305 T:139672470681344    INFO: MYSQL: Connected to version 5.5.5-10.3.39-MariaDB-1:10.3.39+maria~ubu2004
14:53:13.322 T:139672470681344  NOTICE: Running database version MyMusic60
14:53:13.341 T:139672470681344  NOTICE: Running database version MyVideos107
14:53:13.346 T:139672470681344  NOTICE: Running database version TV29
14:53:13.348 T:139672470681344  NOTICE: Running database version Epg11
14:53:13.350 T:139672470681344   DEBUG: Initialize, updating databases... DONE
14:53:13.354 T:139672691595392  NOTICE: start dvd mediatype detection
14:53:13.354 T:139672672253696   DEBUG: Thread DetectDVDMedia start, auto delete: false
14:53:13.354 T:139672672253696   DEBUG: Compiled with libcdio Version 0.94
14:53:13.354 T:139672691595392   DEBUG: DPMS: supported power-saving modes: SUSPEND OFF STANDBY
14:53:13.355 T:139672672253696   DEBUG: Thread DetectDVDMedia 139672672253696 terminating
14:53:13.369 T:139672691590912   DEBUG: CAnnouncementManager - Announcement: OnClear from xbmc
14:53:13.369 T:139672691590912   DEBUG: GOT ANNOUNCEMENT, type: 2, from xbmc, message OnClear
14:53:13.394 T:139672691595392    INFO: Unloading old skin ...
14:53:13.395 T:139672691595392    INFO:   load skin from: /storage/.kodi/addons/skin.paragon (version: 6.1.0)
14:53:13.395 T:139672691595392    INFO:   load fonts for skin...
14:53:13.398 T:139672691595392    INFO: Loading fonts from /storage/.kodi/addons/skin.paragon/720p/Font.xml
14:53:13.492 T:139672691595392   ERROR: Couldn't load font name: FontSize_150BH(birth_of_a_hero.ttf), trying to substitute arial.ttf
14:53:13.524 T:139672691595392   ERROR: Couldn't load font name: FontSize_180L(lcdml___.ttf), trying to substitute arial.ttf
14:53:13.613 T:139672691595392   ERROR: Couldn't load font name: font10(roboto-regular.ttf), trying to substitute arial.ttf
14:53:13.614 T:139672691595392   ERROR: Couldn't load font name: font12(roboto-regular.ttf), trying to substitute arial.ttf
14:53:13.616 T:139672691595392   ERROR: Couldn't load font name: font13(roboto-regular.ttf), trying to substitute arial.ttf
14:53:13.617 T:139672691595392   ERROR: Couldn't load font name: font14(roboto-regular.ttf), trying to substitute arial.ttf
14:53:13.618 T:139672691595392   ERROR: Couldn't load font name: font16(roboto-regular.ttf), trying to substitute arial.ttf
14:53:13.620 T:139672691595392   ERROR: Couldn't load font name: font30(roboto-regular.ttf), trying to substitute arial.ttf
14:53:13.621 T:139672691595392   ERROR: Couldn't load font name: fontContextMenu(roboto-regular.ttf), trying to substitute arial.ttf
14:53:13.629 T:139672691595392   ERROR: Couldn't load font name: font_MainMenu(dejavusans-bold-caps.ttf), trying to substitute arial.ttf
14:53:13.633 T:139672691595392   ERROR: Couldn't load font name: PTVL10(poppins-medium.ttf), trying to substitute arial.ttf
14:53:13.633 T:139672691595392   ERROR: Couldn't load font name: PTVL12(poppins-medium.ttf), trying to substitute arial.ttf
14:53:13.634 T:139672691595392   ERROR: Couldn't load font name: PTVL13(poppins-medium.ttf), trying to substitute arial.ttf
14:53:13.634 T:139672691595392   ERROR: Couldn't load font name: PTVL14(poppins-medium.ttf), trying to substitute arial.ttf
14:53:13.645 T:139672691595392   DEBUG: POParser: PO file has Win Style Line Endings. Converted in memory to Linux LF for file: /storage/.kodi/addons/skin.paragon/language/English/strings.po
14:53:13.645 T:139672691595392   DEBUG: LocalizeStrings: loaded 258 strings from file /storage/.kodi/addons/skin.paragon/language/English/strings.po
14:53:13.646 T:139672691595392    INFO: Loading skin includes from /storage/.kodi/addons/skin.paragon/720p/includes.xml
14:53:13.751 T:139672691595392    INFO:   load new skin...
14:53:13.751 T:139672691595392    INFO: Loading user windows, path /storage/.kodi/addons/skin.paragon/720p
14:53:13.766 T:139672691595392   DEBUG: Load Skin XML: 15.31ms
14:53:13.766 T:139672691595392    INFO:   initialize new skin...
14:53:13.766 T:139672691595392   DEBUG: guilib: Fill viewport on change for solving rendering passes
14:53:13.766 T:139672691595392    INFO: Loading skin file: Pointer.xml, load type: LOAD_ON_GUI_INIT
14:53:13.769 T:139672691595392    INFO: Loading skin file: DialogVolumeBar.xml, load type: LOAD_ON_GUI_INIT
14:53:13.770 T:139672691595392    INFO: Loading skin file: DialogNotification.xml, load type: LOAD_ON_GUI_INIT
14:53:13.771 T:139672691595392    INFO: Loading skin file: DialogSeekBar.xml, load type: LOAD_ON_GUI_INIT
14:53:13.772 T:139672691595392    INFO: Loading skin file: DialogBusy.xml, load type: LOAD_ON_GUI_INIT
14:53:13.772 T:139672691595392    INFO: Loading skin file: DialogExtendedProgressBar.xml, load type: LOAD_ON_GUI_INIT
14:53:13.774 T:139672691595392    INFO: Loading resource://resource.uisounds.kodi/sounds.xml
14:53:13.799 T:139672691595392    INFO:   skin loaded...
14:53:13.799 T:139672691595392   DEBUG: Activating window ID: 12997
14:53:13.799 T:139672691595392   DEBUG: ------ Window Init () ------
14:53:13.799 T:139672691595392    INFO: load splash image: /usr/share/kodi/media/Splash.png
14:53:13.809 T:139672691595392   DEBUG: JSONRPC: JSON schema type definition references an unknown type Setting.Details.Setting
14:53:13.809 T:139672691595392 WARNING: JSONRPC: Could not parse type "Setting.Details.SettingList"
14:53:13.809 T:139672691595392    INFO: JSONRPC: Adding type "Setting.Details.SettingList" to list of incomplete definitions (waiting for "Setting.Details.Setting")
14:53:13.809 T:139672691595392    INFO: JSONRPC: Resolving incomplete types/methods referencing Setting.Details.Setting
14:53:13.822 T:139672691595392    INFO: JSONRPC v8.0.0: Successfully initialized
14:53:13.822 T:139672691595392   DEBUG: ADDON: Starting service addons.
14:53:13.824 T:139671384270592   DEBUG: Thread LanguageInvoker start, auto delete: false
14:53:13.824 T:139671384270592    INFO: initializing python engine.
14:53:13.824 T:139671375877888   DEBUG: Thread LanguageInvoker start, auto delete: false
14:53:13.824 T:139671375877888   DEBUG: Previous line repeats 1 times.
14:53:13.824 T:139671375877888    INFO: initializing python engine.
14:53:13.824 T:139671367485184    INFO: Previous line repeats 1 times.
14:53:13.824 T:139671367485184   DEBUG: Thread LanguageInvoker start, auto delete: false
14:53:13.824 T:139671367485184    INFO: initializing python engine.
14:53:13.824 T:139671359092480   DEBUG: Thread LanguageInvoker start, auto delete: false
14:53:13.824 T:139671359092480    INFO: initializing python engine.
14:53:13.824 T:139671350699776   DEBUG: Thread LanguageInvoker start, auto delete: false
14:53:13.824 T:139671350699776    INFO: initializing python engine.
14:53:13.824 T:139671342307072   DEBUG: Thread LanguageInvoker start, auto delete: false
14:53:13.824 T:139671342307072    INFO: initializing python engine.
14:53:13.824 T:139672691595392   DEBUG: Activating window ID: 12999
14:53:13.824 T:139672691595392   DEBUG: ------ Window Init (Startup.xml) ------
14:53:13.824 T:139672691595392    INFO: Loading skin file: Startup.xml, load type: LOAD_EVERY_TIME
14:53:13.825 T:139672691595392   DEBUG: Activating window ID: 11114
14:53:13.825 T:139672691595392   DEBUG: ------ Window Init (Custom_StartExit.xml) ------
14:53:13.825 T:139672691595392    INFO: Loading skin file: Custom_StartExit.xml, load type: KEEP_IN_MEMORY
14:53:13.825 T:139672691595392 WARNING: Label Formating: $VAR[Custom_ExitSubLabels] is not defined
14:53:13.826 T:139672691595392 WARNING: Previous line repeats 1 times.
14:53:13.826 T:139672691595392   DEBUG: [Warning] CGUITextureManager::GetTexturePath: could not find texture 'buttons/catbullet_nf.png'
14:53:13.826 T:139671333914368   DEBUG: Previous line repeats 1 times.
14:53:13.826 T:139671333914368   DEBUG: Thread AlarmClock start, auto delete: false
14:53:13.826 T:139672691595392   DEBUG: started alarm with name: close
14:53:13.826 T:139672691595392   DEBUG: started alarm with name: starting
14:53:13.826 T:139672691595392   DEBUG: NetworkMessage - Starting network services
14:53:13.828 T:139672691595392   DEBUG: CZeroconfAvahi::clientCallback: client is up and running
14:53:13.828 T:139672691595392  NOTICE: starting zeroconf publishing
14:53:13.828 T:139672691595392  NOTICE: CWebServer[8080]: Started
14:53:13.828 T:139672470681344   DEBUG: CZeroconfAvahi::doPublishService identifier: servers.webserver type: _http._tcp name:Kodi (office) port:8080
14:53:13.828 T:139672691595392  NOTICE: starting upnp client
14:53:13.828 T:139671283590912   DEBUG: Thread JobWorker start, auto delete: true
14:53:13.828 T:139672470681344   DEBUG: CZeroconfAvahi::addService() named: Kodi (office) type: _http._tcp port:8080
14:53:13.828 T:139671283590912   DEBUG: CZeroconfAvahi::doPublishService identifier: servers.jsonrpc-http type: _xbmc-jsonrpc-h._tcp name:Kodi (office) port:8080
14:53:13.829 T:139671283590912   DEBUG: CZeroconfAvahi::addService() named: Kodi (office) type: _xbmc-jsonrpc-h._tcp port:8080
14:53:13.833 T:139672691595392  NOTICE: starting upnp renderer
14:53:13.834 T:139671384270592   DEBUG: CPythonInvoker(0, /storage/.kodi/addons/script.skin.helper.service/service.py): start processing
14:53:13.834 T:139671375877888   DEBUG: CPythonInvoker(1, /storage/.kodi/addons/script.skin.helper.widgets/service.py): start processing
14:53:13.834 T:139671300376320   DEBUG: CPythonInvoker(2, /storage/.kodi/addons/service.library.data.provider/service.py): start processing
14:53:13.834 T:139671367485184   DEBUG: CPythonInvoker(3, /storage/.kodi/addons/plugin.video.youtube/resources/lib/startup.py): start processing
14:53:13.834 T:139671359092480   DEBUG: CPythonInvoker(4, /storage/.kodi/addons/script.module.simple.downloader/default.py): start processing
14:53:13.834 T:139671350699776   DEBUG: CPythonInvoker(5, /storage/.kodi/addons/script.grab.fanart/service.py): start processing
14:53:13.834 T:139671342307072   DEBUG: CPythonInvoker(6, /storage/.kodi/addons/service.system.docker/default.py): start processing
14:53:13.853 T:139672691595392    INFO: JSONRPC Server: Successfully initialized
14:53:13.853 T:139670524524288   DEBUG: Thread EventServer start, auto delete: false
14:53:13.853 T:139670524524288  NOTICE: ES: Starting UDP Event server on port 9777
14:53:13.853 T:139672470681344   DEBUG: CZeroconfAvahi::doPublishService identifier: servers.jsonrpc-tpc type: _xbmc-jsonrpc._tcp name:Kodi (office) port:9090
14:53:13.853 T:139672470681344   DEBUG: CZeroconfAvahi::addService() named: Kodi (office) type: _xbmc-jsonrpc._tcp port:9090
14:53:13.853 T:139670524524288  NOTICE: UDP: Listening on port 9777 (ipv6 : true)
14:53:13.853 T:139672691595392   DEBUG: SECTION:LoadDLL(libshairplay.so.0)
14:53:13.854 T:139671283590912   DEBUG: CZeroconfAvahi::doPublishService identifier: servers.eventserver type: _xbmc-events._udp name:Kodi (office) port:9777
14:53:13.854 T:139670516131584   DEBUG: Thread TCPServer start, auto delete: false
14:53:13.855 T:139672691595392   DEBUG: Loading: libshairplay.so.0
14:53:13.858 T:139671283590912   DEBUG: CZeroconfAvahi::addService() named: Kodi (office) type: _xbmc-events._udp port:9777
14:53:13.861 T:139672470681344   DEBUG: CZeroconfAvahi::doPublishService identifier: servers.airtunes type: _raop._tcp name:9C5C8E2076E0@Kodi (office) port:36666
14:53:13.861 T:139672691595392    INFO: AIRPLAY: Cleaning up photoassetcache
14:53:13.861 T:139672470681344   DEBUG: CZeroconfAvahi::addService() named: 9C5C8E2076E0@Kodi (office) type: _raop._tcp port:36666
14:53:13.863 T:139672691595392    INFO: AIRPLAY Server: Successfully initialized
14:53:13.863 T:139670499346176   DEBUG: Thread AirPlayServer start, auto delete: false
14:53:13.864 T:139672691595392   DEBUG: ------ Window Init () ------
14:53:13.865 T:139672470681344   DEBUG: CZeroconfAvahi::doPublishService identifier: servers.airplay type: _airplay._tcp name:Kodi (office) port:36667
14:53:13.865 T:139672470681344   DEBUG: CZeroconfAvahi::addService() named: Kodi (office) type: _airplay._tcp port:36667
14:53:13.882 T:139671375877888   DEBUG: -->Python Interpreter Initialized<--
14:53:13.882 T:139671375877888   DEBUG: CPythonInvoker(1, /storage/.kodi/addons/script.skin.helper.widgets/service.py): the source file to load is "/storage/.kodi/addons/script.skin.helper.widgets/service.py"
14:53:13.919 T:139671384270592   DEBUG: -->Python Interpreter Initialized<--
14:53:13.919 T:139671384270592   DEBUG: CPythonInvoker(0, /storage/.kodi/addons/script.skin.helper.service/service.py): the source file to load is "/storage/.kodi/addons/script.skin.helper.service/service.py"
14:53:13.920 T:139671300376320   DEBUG: -->Python Interpreter Initialized<--
14:53:13.920 T:139671300376320   DEBUG: CPythonInvoker(2, /storage/.kodi/addons/service.library.data.provider/service.py): the source file to load is "/storage/.kodi/addons/service.library.data.provider/service.py"
14:53:13.920 T:139671342307072   DEBUG: -->Python Interpreter Initialized<--
14:53:13.920 T:139671342307072   DEBUG: CPythonInvoker(6, /storage/.kodi/addons/service.system.docker/default.py): the source file to load is "/storage/.kodi/addons/service.system.docker/default.py"
14:53:13.920 T:139671359092480   DEBUG: -->Python Interpreter Initialized<--
14:53:13.920 T:139671359092480   DEBUG: CPythonInvoker(4, /storage/.kodi/addons/script.module.simple.downloader/default.py): the source file to load is "/storage/.kodi/addons/script.module.simple.downloader/default.py"
14:53:13.920 T:139671375877888   DEBUG: CPythonInvoker(1, /storage/.kodi/addons/script.skin.helper.widgets/service.py): setting the Python path to /storage/.kodi/addons/script.skin.helper.widgets:/storage/.kodi/addons/script.module.arrow/lib:/storage/.kodi/addons/script.module.backports.functools_lru_cache/lib:/storage/.kodi/addons/script.module.beautifulsoup/lib:/storage/.kodi/addons/script.module.certifi/lib:/storage/.kodi/addons/script.module.chardet/lib:/storage/.kodi/addons/script.module.dateutil/lib:/storage/.kodi/addons/script.module.idna/lib:/storage/.kodi/addons/script.module.metadatautils/lib:/storage/.kodi/addons/script.module.musicbrainz/lib:/storage/.kodi/addons/script.module.requests/lib:/storage/.kodi/addons/script.module.simplecache/lib:/storage/.kodi/addons/script.module.simplejson/lib:/storage/.kodi/addons/script.module.six/lib:/storage/.kodi/addons/script.module.thetvdb/lib:/storage/.kodi/addons/script.module.urllib3/lib:/usr/lib/python27.zip:/usr/lib/python2.7:/usr/lib/python2.7/plat-linux2:/usr/lib/python2.7/lib-tk:/usr/lib/python2.7/lib-old:/usr/lib/python2.7/lib-dynload:/usr/lib/python2.7/site-packages:/usr/lib/python2.7/site-packages/gtk-2.0
14:53:13.920 T:139671375877888   DEBUG: CPythonInvoker(1, /storage/.kodi/addons/script.skin.helper.widgets/service.py): entering source directory /storage/.kodi/addons/script.skin.helper.widgets
14:53:13.920 T:139671375877888   DEBUG: CPythonInvoker(1, /storage/.kodi/addons/script.skin.helper.widgets/service.py): instantiating addon using automatically obtained id of "script.skin.helper.widgets" dependent on version 2.24.0 of the xbmc.python api
14:53:13.921 T:139671350699776   DEBUG: -->Python Interpreter Initialized<--
14:53:13.921 T:139671350699776   DEBUG: CPythonInvoker(5, /storage/.kodi/addons/script.grab.fanart/service.py): the source file to load is "/storage/.kodi/addons/script.grab.fanart/service.py"
14:53:13.921 T:139671367485184   DEBUG: -->Python Interpreter Initialized<--
14:53:13.921 T:139671367485184   DEBUG: CPythonInvoker(3, /storage/.kodi/addons/plugin.video.youtube/resources/lib/startup.py): the source file to load is "/storage/.kodi/addons/plugin.video.youtube/resources/lib/startup.py"
14:53:13.921 T:139671359092480   DEBUG: CPythonInvoker(4, /storage/.kodi/addons/script.module.simple.downloader/default.py): setting the Python path to /storage/.kodi/addons/script.module.simple.downloader:/storage/.kodi/addons/script.common.plugin.cache/resources/lib/storage_server/:/storage/.kodi/addons/script.module.parsedom/lib:/usr/lib/python27.zip:/usr/lib/python2.7:/usr/lib/python2.7/plat-linux2:/usr/lib/python2.7/lib-tk:/usr/lib/python2.7/lib-old:/usr/lib/python2.7/lib-dynload:/usr/lib/python2.7/site-packages:/usr/lib/python2.7/site-packages/gtk-2.0
14:53:13.921 T:139671359092480   DEBUG: CPythonInvoker(4, /storage/.kodi/addons/script.module.simple.downloader/default.py): entering source directory /storage/.kodi/addons/script.module.simple.downloader
14:53:13.927 T:139671359092480   DEBUG: CPythonInvoker(4, /storage/.kodi/addons/script.module.simple.downloader/default.py): instantiating addon using automatically obtained id of "script.module.simple.downloader" dependent on version 2.1.0 of the xbmc.python api
14:53:13.978 T:139671342307072   DEBUG: CPythonInvoker(6, /storage/.kodi/addons/service.system.docker/default.py): setting the Python path to /storage/.kodi/addons/service.system.docker:/usr/lib/python27.zip:/usr/lib/python2.7:/usr/lib/python2.7/plat-linux2:/usr/lib/python2.7/lib-tk:/usr/lib/python2.7/lib-old:/usr/lib/python2.7/lib-dynload:/usr/lib/python2.7/site-packages:/usr/lib/python2.7/site-packages/gtk-2.0
14:53:13.978 T:139671342307072   DEBUG: CPythonInvoker(6, /storage/.kodi/addons/service.system.docker/default.py): entering source directory /storage/.kodi/addons/service.system.docker
14:53:13.978 T:139671342307072   DEBUG: CPythonInvoker(6, /storage/.kodi/addons/service.system.docker/default.py): instantiating addon using automatically obtained id of "service.system.docker" dependent on version 2.1.0 of the xbmc.python api
14:53:13.981 T:139671375877888  NOTICE: Skin Helper Widgets --> Backgroundservice started
14:53:13.981 T:139671367485184   DEBUG: CPythonInvoker(3, /storage/.kodi/addons/plugin.video.youtube/resources/lib/startup.py): setting the Python path to /storage/.kodi/addons/plugin.video.youtube/resources/lib:/storage/.kodi/addons/script.module.certifi/lib:/storage/.kodi/addons/script.module.chardet/lib:/storage/.kodi/addons/script.module.idna/lib:/storage/.kodi/addons/script.module.requests/lib:/storage/.kodi/addons/script.module.six/lib:/storage/.kodi/addons/script.module.urllib3/lib:/usr/lib/python27.zip:/usr/lib/python2.7:/usr/lib/python2.7/plat-linux2:/usr/lib/python2.7/lib-tk:/usr/lib/python2.7/lib-old:/usr/lib/python2.7/lib-dynload:/usr/lib/python2.7/site-packages:/usr/lib/python2.7/site-packages/gtk-2.0
14:53:13.981 T:139671367485184   DEBUG: CPythonInvoker(3, /storage/.kodi/addons/plugin.video.youtube/resources/lib/startup.py): entering source directory /storage/.kodi/addons/plugin.video.youtube/resources/lib
14:53:13.981 T:139671384270592   DEBUG: CPythonInvoker(0, /storage/.kodi/addons/script.skin.helper.service/service.py): setting the Python path to /storage/.kodi/addons/script.skin.helper.service:/storage/.kodi/addons/script.module.arrow/lib:/storage/.kodi/addons/script.module.backports.functools_lru_cache/lib:/storage/.kodi/addons/script.module.beautifulsoup/lib:/storage/.kodi/addons/script.module.certifi/lib:/storage/.kodi/addons/script.module.chardet/lib:/storage/.kodi/addons/script.module.dateutil/lib:/storage/.kodi/addons/script.module.idna/lib:/storage/.kodi/addons/script.module.metadatautils/lib:/storage/.kodi/addons/script.module.musicbrainz/lib:/storage/.kodi/addons/script.module.requests/lib:/storage/.kodi/addons/script.module.simplecache/lib:/storage/.kodi/addons/script.module.simplejson/lib:/storage/.kodi/addons/script.module.six/lib:/storage/.kodi/addons/script.module.thetvdb/lib:/storage/.kodi/addons/script.module.urllib3/lib:/usr/lib/python27.zip:/usr/lib/python2.7:/usr/lib/python2.7/plat-linux2:/usr/lib/python2.7/lib-tk:/usr/lib/python2.7/lib-old:/usr/lib/python2.7/lib-dynload:/usr/lib/python2.7/site-packages:/usr/lib/python2.7/site-packages/gtk-2.0
14:53:13.981 T:139671384270592   DEBUG: CPythonInvoker(0, /storage/.kodi/addons/script.skin.helper.service/service.py): entering source directory /storage/.kodi/addons/script.skin.helper.service
14:53:13.981 T:139671367485184   DEBUG: CPythonInvoker(3, /storage/.kodi/addons/plugin.video.youtube/resources/lib/startup.py): instantiating addon using automatically obtained id of "plugin.video.youtube" dependent on version 2.20.0 of the xbmc.python api
14:53:13.981 T:139671384270592   DEBUG: CPythonInvoker(0, /storage/.kodi/addons/script.skin.helper.service/service.py): instantiating addon using automatically obtained id of "script.skin.helper.service" dependent on version 2.13.0 of the xbmc.python api
14:53:13.982 T:139671300376320   DEBUG: CPythonInvoker(2, /storage/.kodi/addons/service.library.data.provider/service.py): setting the Python path to /storage/.kodi/addons/service.library.data.provider:/storage/.kodi/addons/script.module.routing/lib:/storage/.kodi/addons/script.module.simplejson/lib:/usr/lib/python27.zip:/usr/lib/python2.7:/usr/lib/python2.7/plat-linux2:/usr/lib/python2.7/lib-tk:/usr/lib/python2.7/lib-old:/usr/lib/python2.7/lib-dynload:/usr/lib/python2.7/site-packages:/usr/lib/python2.7/site-packages/gtk-2.0
14:53:13.982 T:139671300376320   DEBUG: CPythonInvoker(2, /storage/.kodi/addons/service.library.data.provider/service.py): entering source directory /storage/.kodi/addons/service.library.data.provider
14:53:14.016 T:139671300376320   DEBUG: CPythonInvoker(2, /storage/.kodi/addons/service.library.data.provider/service.py): instantiating addon using automatically obtained id of "service.library.data.provider" dependent on version 2.25.0 of the xbmc.python api
14:53:14.071 T:139671342307072   DEBUG: ## LibreELEC Addon ## 8.2.0
14:53:14.099 T:139671359092480    INFO: CPythonInvoker(4, /storage/.kodi/addons/script.module.simple.downloader/default.py): script successfully run
14:53:14.099 T:139671350699776   DEBUG: CPythonInvoker(5, /storage/.kodi/addons/script.grab.fanart/service.py): setting the Python path to /storage/.kodi/addons/script.grab.fanart:/usr/lib/python27.zip:/usr/lib/python2.7:/usr/lib/python2.7/plat-linux2:/usr/lib/python2.7/lib-tk:/usr/lib/python2.7/lib-old:/usr/lib/python2.7/lib-dynload:/usr/lib/python2.7/site-packages:/usr/lib/python2.7/site-packages/gtk-2.0
14:53:14.099 T:139671350699776   DEBUG: CPythonInvoker(5, /storage/.kodi/addons/script.grab.fanart/service.py): entering source directory /storage/.kodi/addons/script.grab.fanart
14:53:14.147 T:139671350699776   DEBUG: CPythonInvoker(5, /storage/.kodi/addons/script.grab.fanart/service.py): instantiating addon using automatically obtained id of "script.grab.fanart" dependent on version 2.19.0 of the xbmc.python api
14:53:14.343 T:139671384270592   DEBUG: Skin Helper Simplecache --> Initialized
14:53:14.344 T:139671384270592   DEBUG: Previous line repeats 1 times.
14:53:14.344 T:139671384270592   DEBUG: script.module.thetvdb --> Initialized
14:53:14.358 T:139671359092480    INFO: Python script stopped
14:53:14.358 T:139671359092480   DEBUG: Thread LanguageInvoker 139671359092480 terminating
14:53:14.539 T:139671367485184   DEBUG: [plugin.video.youtube] send_notification: |check_settings| -> |{"httpd_address": "0.0.0.0", "use_httpd": false, "whitelist": "", "httpd_port": 50152}|
14:53:14.539 T:139671367485184   DEBUG: [plugin.video.youtube] JSONStore Load |/storage/.kodi/userdata/addon_data/plugin.video.youtube/api_keys.json|
14:53:14.540 T:139671367485184   DEBUG: [plugin.video.youtube] JSONStore Load |/storage/.kodi/userdata/addon_data/plugin.video.youtube/access_manager.json|
14:53:14.546 T:139671367485184   DEBUG: [plugin.video.youtube] User: |0| Using API key set: |own|
14:53:14.553 T:139671384270592   DEBUG: Skin Helper Simplecache --> Initialized
14:53:14.557 T:139671367485184   DEBUG: [plugin.video.youtube] YouTube service initialization...
14:53:14.560 T:139672691590912   DEBUG: CAnnouncementManager - Announcement: check_settings from plugin.video.youtube
14:53:14.561 T:139672691590912   DEBUG: GOT ANNOUNCEMENT, type: 512, from plugin.video.youtube, message check_settings
14:53:14.562 T:139671384270592   DEBUG: Skin Helper Simplecache --> Initialized
14:53:14.563 T:139671300376320   DEBUG: Library Data Provider: service version 0.3.2 started
14:53:14.588 T:139671350699776  NOTICE: script.grab.fanart: Grab Fanart Service Started
14:53:14.588 T:139671384270592   DEBUG: Skin Helper Simplecache --> Initialized
14:53:14.588 T:139671384270592   DEBUG: Metadata and Artwork module --> Initialized
14:53:14.588 T:139671350699776   DEBUG: script.grab.fanart: media type is: random
14:53:14.604 T:139671384270592   DEBUG: Skin Helper Simplecache --> Initialized
14:53:14.605 T:139670608385792   DEBUG: Skin Helper Service --> ListItemMonitor - started
14:53:14.605 T:139670100895488  NOTICE: Skin Helper Service --> WebService - start helper webservice on port 52307
14:53:14.605 T:139671384270592  NOTICE: Skin Helper Service --> Skin Helper Service version 1.1.3 started
14:53:14.628 T:139671300376320   DEBUG: RunQuery took 39 ms for 362 items query: select * from movie_view  WHERE ((movie_view.playCount IS NULL OR movie_view.playCount < 1))
14:53:14.630 T:139671350699776   DEBUG: RunQuery took 40 ms for 389 items query: select * from movie_view
14:53:14.644 T:139670078568192   DEBUG: Thread Timer start, auto delete: false
14:53:14.645 T:139671375877888   DEBUG: Skin Helper Widgets --> Kodi_Monitor: sender plugin.video.youtube - method: Other.check_settings  - data: ["%7B%22httpd_address%22%3A%20%220.0.0.0%22%2C%20%22use_httpd%22%3A%20false%2C%20%22whitelist%22%3A%20%22%22%2C%20%22httpd_port%22%3A%2050152%7D"]
14:53:14.650 T:139670078568192   DEBUG: Thread Timer 139670078568192 terminating
14:53:14.650 T:139670070175488   DEBUG: Thread Timer start, auto delete: false
14:53:14.650 T:139670070175488   DEBUG: Thread Timer 139670070175488 terminating
14:53:14.650 T:139670078568192   DEBUG: Thread Timer start, auto delete: false
14:53:14.657 T:139670078568192   DEBUG: Thread Timer 139670078568192 terminating
14:53:14.657 T:139670070175488   DEBUG: Thread Timer start, auto delete: false
14:53:14.660 T:139670070175488   DEBUG: Thread Timer 139670070175488 terminating
14:53:14.660 T:139670078568192   DEBUG: Thread Timer start, auto delete: false
14:53:14.696 T:139671367485184   DEBUG: [plugin.video.youtube] onNotification: |check_settings| -> |{"httpd_address": "0.0.0.0", "use_httpd": false, "whitelist": "", "httpd_port": 50152}|
14:53:14.709 T:139671325521664   DEBUG: CZeroconfAvahi::groupCallback: Service successfully established
14:53:14.854 T:139671350699776   DEBUG: Previous line repeats 5 times.
14:53:14.854 T:139671350699776   DEBUG: script.grab.fanart: found 389 movies files
14:53:14.999 T:139671350699776   DEBUG: RunQuery took 143 ms for 541 items query: SELECT * FROM tvshow_view
14:53:15.161 T:139670078568192   DEBUG: Thread Timer 139670078568192 terminating
14:53:15.240 T:139671350699776   DEBUG: script.grab.fanart: found 430 tv files
14:53:15.242 T:139671350699776   DEBUG: GetArtistsByWhere query: SELECT artistview.* FROM artistview  WHERE (EXISTS (SELECT 1 FROM album_artist WHERE album_artist.idArtist = artistview.idArtist)) AND (artistview.strArtist != '')
14:53:15.252 T:139671300376320   DEBUG: RunQuery took 488 ms for 22118 items query: select * from episode_view  WHERE ((episode_view.playCount IS NULL OR episode_view.playCount < 1))
14:53:15.273 T:139671350699776   DEBUG: Time to retrieve artists from dataset = 31
14:53:15.329 T:139671350699776   DEBUG: script.grab.fanart: found 147 music files
14:53:15.475 T:139671300376320   DEBUG: GetSongsFullByWhere query = SELECT sv.*, songartistview.* FROM (SELECT songview.* FROM songview  WHERE ((CAST(songview.iTimesPlayed as DECIMAL(5,1)) < 1)) ORDER BY RAND() LIMIT 20) AS sv JOIN songartistview ON songartistview.idsong = sv.idsong  ORDER BY songartistview.idsong, songartistview.idRole, songartistview.iOrder
14:53:15.496 T:139671300376320   DEBUG: GetSongsFullByWhere() - took 29 ms
14:53:15.520 T:139671300376320   DEBUG: GetAlbumsByWhere query: SELECT albumview.*, albumartistview.* FROM albumview JOIN albumartistview ON albumartistview.idalbum = albumview.idalbum  WHERE albumview.strReleaseType = 'album'
14:53:15.540 T:139671300376320   DEBUG: GetAlbumsByWhere - query took 21 ms
14:53:15.565 T:139671300376320   DEBUG: RunQuery took 2 ms for 0 items query: select * from musicvideo_view  WHERE ((musicvideo_view.playCount IS NULL OR musicvideo_view.playCount < 1))
14:53:15.586 T:139671300376320   DEBUG: RunQuery took 18 ms for 362 items query: select * from movie_view  WHERE ((movie_view.playCount IS NULL OR movie_view.playCount < 1))
14:53:16.043 T:139671300376320   DEBUG: RunQuery took 355 ms for 22118 items query: select * from episode_view  WHERE ((episode_view.playCount IS NULL OR episode_view.playCount < 1))
14:53:16.558 T:139671300376320   DEBUG: GetAlbumsByWhere query: SELECT albumview.*, albumartistview.* FROM albumview JOIN albumartistview ON albumartistview.idalbum = albumview.idalbum  WHERE albumview.strReleaseType = 'album'
14:53:16.559 T:139671300376320   DEBUG: GetAlbumsByWhere - query took 1 ms
14:53:16.579 T:139671300376320   DEBUG: RunQuery took 1 ms for 0 items query: select * from musicvideo_view  WHERE ((musicvideo_view.playCount IS NULL OR musicvideo_view.playCount < 1))
14:53:16.584 T:139671300376320   DEBUG: RunQuery took 2 ms for 21 items query: select * from movie_view  WHERE (movie_view.idFile  IN (SELECT DISTINCT idFile FROM bookmark WHERE type = 1))
14:53:16.754 T:139671300376320   DEBUG: RunQuery took 89 ms for 177 items query: SELECT * FROM tvshow_view  WHERE ((CASE WHEN COALESCE(tvshow_view.totalCount - tvshow_view.watchedcount, 0) > 0 THEN 0 ELSE 1 END  < 1)) AND ( ((tvshow_view.watchedcount > 0 AND tvshow_view.watchedcount < tvshow_view.totalCount) OR (tvshow_view.watchedcount = 0 AND EXISTS (SELECT 1 FROM episode_view WHERE episode_view.idShow = tvshow_view.idShow AND episode_view.resumeTimeInSeconds > 0))))
14:53:16.766 T:139671300376320   DEBUG: RunQuery took 1 ms for 42 items query: select * from episode_view  WHERE (episode_view.idShow = 665) AND (((episode_view.playCount IS NULL OR episode_view.playCount < 1)))
14:53:16.766 T:139671300376320   DEBUG: DatabaseUtils::GetSortFieldList: unknown field 30
14:53:16.773 T:139671300376320   DEBUG: RunQuery took 1 ms for 40 items query: select * from episode_view  WHERE (episode_view.idShow = 832) AND (((episode_view.playCount IS NULL OR episode_view.playCount < 1)))
14:53:16.773 T:139671300376320   DEBUG: DatabaseUtils::GetSortFieldList: unknown field 30
14:53:16.782 T:139671300376320   DEBUG: RunQuery took 2 ms for 110 items query: select * from episode_view  WHERE (episode_view.idShow = 666) AND (((episode_view.playCount IS NULL OR episode_view.playCount < 1)))
14:53:16.782 T:139671300376320   DEBUG: DatabaseUtils::GetSortFieldList: unknown field 30
14:53:16.791 T:139671300376320   DEBUG: RunQuery took 1 ms for 50 items query: select * from episode_view  WHERE (episode_view.idShow = 1021) AND (((episode_view.playCount IS NULL OR episode_view.playCount < 1)))
14:53:16.791 T:139671300376320   DEBUG: DatabaseUtils::GetSortFieldList: unknown field 30
14:53:16.799 T:139671300376320   DEBUG: RunQuery took 1 ms for 2 items query: select * from episode_view  WHERE (episode_view.idShow = 990) AND (((episode_view.playCount IS NULL OR episode_view.playCount < 1)))
14:53:16.799 T:139671300376320   DEBUG: DatabaseUtils::GetSortFieldList: unknown field 30
14:53:16.806 T:139671300376320   DEBUG: RunQuery took 2 ms for 21 items query: select * from episode_view  WHERE (episode_view.idShow = 667) AND (((episode_view.playCount IS NULL OR episode_view.playCount < 1)))
14:53:16.806 T:139671300376320   DEBUG: DatabaseUtils::GetSortFieldList: unknown field 30
14:53:16.816 T:139671300376320   DEBUG: RunQuery took 5 ms for 218 items query: select * from episode_view  WHERE (episode_view.idShow = 1147) AND (((episode_view.playCount IS NULL OR episode_view.playCount < 1)))
14:53:16.816 T:139671300376320   DEBUG: DatabaseUtils::GetSortFieldList: unknown field 30
14:53:16.827 T:139671300376320   DEBUG: RunQuery took 1 ms for 3 items query: select * from episode_view  WHERE (episode_view.idShow = 740) AND (((episode_view.playCount IS NULL OR episode_view.playCount < 1)))
14:53:16.827 T:139671300376320   DEBUG: DatabaseUtils::GetSortFieldList: unknown field 30
14:53:16.834 T:139671300376320   DEBUG: RunQuery took 2 ms for 83 items query: select * from episode_view  WHERE (episode_view.idShow = 1130) AND (((episode_view.playCount IS NULL OR episode_view.playCount < 1)))
14:53:16.834 T:139671300376320   DEBUG: DatabaseUtils::GetSortFieldList: unknown field 30
14:53:16.843 T:139671300376320   DEBUG: RunQuery took 3 ms for 105 items query: select * from episode_view  WHERE (episode_view.idShow = 669) AND (((episode_view.playCount IS NULL OR episode_view.playCount < 1)))
14:53:16.843 T:139671300376320   DEBUG: DatabaseUtils::GetSortFieldList: unknown field 30
14:53:16.851 T:139671300376320   DEBUG: RunQuery took 1 ms for 24 items query: select * from episode_view  WHERE (episode_view.idShow = 1069) AND (((episode_view.playCount IS NULL OR episode_view.playCount < 1)))
14:53:16.851 T:139671300376320   DEBUG: DatabaseUtils::GetSortFieldList: unknown field 30
14:53:16.859 T:139671300376320   DEBUG: RunQuery took 2 ms for 3 items query: select * from episode_view  WHERE (episode_view.idShow = 739) AND (((episode_view.playCount IS NULL OR episode_view.playCount < 1)))
14:53:16.859 T:139671300376320   DEBUG: DatabaseUtils::GetSortFieldList: unknown field 30
14:53:16.866 T:139671300376320   DEBUG: RunQuery took 1 ms for 14 items query: select * from episode_view  WHERE (episode_view.idShow = 989) AND (((episode_view.playCount IS NULL OR episode_view.playCount < 1)))
14:53:16.866 T:139671300376320   DEBUG: DatabaseUtils::GetSortFieldList: unknown field 30
14:53:16.873 T:139671300376320   DEBUG: RunQuery took 2 ms for 37 items query: select * from episode_view  WHERE (episode_view.idShow = 680) AND (((episode_view.playCount IS NULL OR episode_view.playCount < 1)))
14:53:16.873 T:139671300376320   DEBUG: DatabaseUtils::GetSortFieldList: unknown field 30
14:53:16.881 T:139671300376320   DEBUG: RunQuery took 2 ms for 103 items query: select * from episode_view  WHERE (episode_view.idShow = 711) AND (((episode_view.playCount IS NULL OR episode_view.playCount < 1)))
14:53:16.881 T:139671300376320   DEBUG: DatabaseUtils::GetSortFieldList: unknown field 30
14:53:16.891 T:139671300376320   DEBUG: RunQuery took 2 ms for 112 items query: select * from episode_view  WHERE (episode_view.idShow = 838) AND (((episode_view.playCount IS NULL OR episode_view.playCount < 1)))
14:53:16.891 T:139671300376320   DEBUG: DatabaseUtils::GetSortFieldList: unknown field 30
14:53:16.900 T:139671300376320   DEBUG: RunQuery took 1 ms for 47 items query: select * from episode_view  WHERE (episode_view.idShow = 1072) AND (((episode_view.playCount IS NULL OR episode_view.playCount < 1)))
14:53:16.900 T:139671300376320   DEBUG: DatabaseUtils::GetSortFieldList: unknown field 30
14:53:16.910 T:139671300376320   DEBUG: RunQuery took 2 ms for 85 items query: select * from episode_view  WHERE (episode_view.idShow = 992) AND (((episode_view.playCount IS NULL OR episode_view.playCount < 1)))
14:53:16.910 T:139671300376320   DEBUG: DatabaseUtils::GetSortFieldList: unknown field 30
14:53:16.918 T:139671300376320   DEBUG: RunQuery took 2 ms for 63 items query: select * from episode_view  WHERE (episode_view.idShow = 974) AND (((episode_view.playCount IS NULL OR episode_view.playCount < 1)))
14:53:16.918 T:139671300376320   DEBUG: DatabaseUtils::GetSortFieldList: unknown field 30
14:53:16.928 T:139671300376320   DEBUG: RunQuery took 3 ms for 138 items query: select * from episode_view  WHERE (episode_view.idShow = 905) AND (((episode_view.playCount IS NULL OR episode_view.playCount < 1)))
14:53:16.928 T:139671300376320   DEBUG: DatabaseUtils::GetSortFieldList: unknown field 30
14:53:16.935 T:139671300376320   DEBUG: GetAlbumsByWhere query: SELECT albumview.*, albumartistview.* FROM albumview JOIN albumartistview ON albumartistview.idalbum = albumview.idalbum  WHERE albumview.strReleaseType = 'album'
14:53:16.936 T:139671300376320   DEBUG: GetAlbumsByWhere - query took 1 ms
14:53:16.954 T:139671300376320   DEBUG: CFavourites::Load - no system favourites found, skipping
14:53:17.042 T:139671300376320   DEBUG: RunQuery took 86 ms for 487 items query: SELECT * FROM tvshow_view  WHERE ((CASE WHEN COALESCE(tvshow_view.totalCount - tvshow_view.watchedcount, 0) > 0 THEN 0 ELSE 1 END  < 1))
14:53:17.183 T:139671300376320   DEBUG: RunQuery took 1 ms for 56 items query: select * from episode_view  WHERE (episode_view.idShow = 911) AND (((episode_view.playCount IS NULL OR episode_view.playCount < 1)) AND ((episode_view.playCount IS NULL OR episode_view.playCount < 1)))
14:53:17.183 T:139671300376320   DEBUG: DatabaseUtils::GetSortFieldList: unknown field 30
14:53:17.193 T:139671300376320   DEBUG: RunQuery took 3 ms for 127 items query: select * from episode_view  WHERE (episode_view.idShow = 1116) AND (((episode_view.playCount IS NULL OR episode_view.playCount < 1)) AND ((episode_view.playCount IS NULL OR episode_view.playCount < 1)))
14:53:17.193 T:139671300376320   DEBUG: DatabaseUtils::GetSortFieldList: unknown field 30
14:53:17.205 T:139671300376320   DEBUG: RunQuery took 4 ms for 189 items query: select * from episode_view  WHERE (episode_view.idShow = 996) AND (((episode_view.playCount IS NULL OR episode_view.playCount < 1)) AND ((episode_view.playCount IS NULL OR episode_view.playCount < 1)))
14:53:17.205 T:139671300376320   DEBUG: DatabaseUtils::GetSortFieldList: unknown field 30
14:53:17.216 T:139671300376320   DEBUG: RunQuery took 1 ms for 20 items query: select * from episode_view  WHERE (episode_view.idShow = 986) AND (((episode_view.playCount IS NULL OR episode_view.playCount < 1)) AND ((episode_view.playCount IS NULL OR episode_view.playCount < 1)))
14:53:17.216 T:139671300376320   DEBUG: DatabaseUtils::GetSortFieldList: unknown field 30
14:53:17.225 T:139671300376320   DEBUG: RunQuery took 2 ms for 90 items query: select * from episode_view  WHERE (episode_view.idShow = 821) AND (((episode_view.playCount IS NULL OR episode_view.playCount < 1)) AND ((episode_view.playCount IS NULL OR episode_view.playCount < 1)))
14:53:17.225 T:139671300376320   DEBUG: DatabaseUtils::GetSortFieldList: unknown field 30
14:53:17.238 T:139671300376320   DEBUG: RunQuery took 5 ms for 295 items query: select * from episode_view  WHERE (episode_view.idShow = 1024) AND (((episode_view.playCount IS NULL OR episode_view.playCount < 1)) AND ((episode_view.playCount IS NULL OR episode_view.playCount < 1)))
14:53:17.238 T:139671300376320   DEBUG: DatabaseUtils::GetSortFieldList: unknown field 30
14:53:17.249 T:139671300376320   DEBUG: RunQuery took 1 ms for 10 items query: select * from episode_view  WHERE (episode_view.idShow = 690) AND (((episode_view.playCount IS NULL OR episode_view.playCount < 1)) AND ((episode_view.playCount IS NULL OR episode_view.playCount < 1)))
14:53:17.249 T:139671300376320   DEBUG: DatabaseUtils::GetSortFieldList: unknown field 30
14:53:17.259 T:139671300376320   DEBUG: RunQuery took 4 ms for 200 items query: select * from episode_view  WHERE (episode_view.idShow = 1044) AND (((episode_view.playCount IS NULL OR episode_view.playCount < 1)) AND ((episode_view.playCount IS NULL OR episode_view.playCount < 1)))
14:53:17.259 T:139671300376320   DEBUG: DatabaseUtils::GetSortFieldList: unknown field 30
14:53:17.271 T:139671300376320   DEBUG: RunQuery took 1 ms for 3 items query: select * from episode_view  WHERE (episode_view.idShow = 739) AND (((episode_view.playCount IS NULL OR episode_view.playCount < 1)) AND ((episode_view.playCount IS NULL OR episode_view.playCount < 1)))
14:53:17.271 T:139671300376320   DEBUG: DatabaseUtils::GetSortFieldList: unknown field 30
14:53:17.279 T:139671300376320   DEBUG: RunQuery took 4 ms for 188 items query: select * from episode_view  WHERE (episode_view.idShow = 700) AND (((episode_view.playCount IS NULL OR episode_view.playCount < 1)) AND ((episode_view.playCount IS NULL OR episode_view.playCount < 1)))
14:53:17.279 T:139671300376320   DEBUG: DatabaseUtils::GetSortFieldList: unknown field 30
14:53:17.292 T:139671300376320   DEBUG: RunQuery took 4 ms for 218 items query: select * from episode_view  WHERE (episode_view.idShow = 1147) AND (((episode_view.playCount IS NULL OR episode_view.playCount < 1)) AND ((episode_view.playCount IS NULL OR episode_view.playCount < 1)))
14:53:17.292 T:139671300376320   DEBUG: DatabaseUtils::GetSortFieldList: unknown field 30
14:53:17.298 T:139671300376320   DEBUG: Library Data Provider: Total time needed for all queries: 0:00:02.720567
14:53:18.686 T:139672691595392   DEBUG: ------ Window Deinit (Custom_StartExit.xml) ------
14:53:18.687 T:139672691595392 WARNING: CApplication::Initialize - startup.xml taints init process
