14:53:49.250 T:139669436761856   DEBUG: Thread LanguageInvoker 139669436761856 terminating
14:53:49.250 T:139671283590912   DEBUG: StartScript - calling plugin Skin Helper Service('plugin://script.skin.helper.service/','8','?action=alphabet&reload=5')
14:53:49.250 T:139669436761856   DEBUG: Thread LanguageInvoker start, auto delete: false
14:53:49.250 T:139669436761856    INFO: initializing python engine.
14:53:49.250 T:139669436761856   DEBUG: CPythonInvoker(23, /storage/.kodi/addons/script.skin.helper.service/plugin.py): start processing
14:53:49.257 T:139669436761856   DEBUG: -->Python Interpreter Initialized<--
14:53:49.257 T:139669436761856   DEBUG: CPythonInvoker(23, /storage/.kodi/addons/script.skin.helper.service/plugin.py): the source file to load is "/storage/.kodi/addons/script.skin.helper.service/plugin.py"
14:53:49.258 T:139669436761856   DEBUG: CPythonInvoker(23, /storage/.kodi/addons/script.skin.helper.service/plugin.py): setting the Python path to /storage/.kodi/addons/script.skin.helper.service:/storage/.kodi/addons/script.module.arrow/lib:/storage/.kodi/addons/script.module.backports.functools_lru_cache/lib:/storage/.kodi/addons/script.module.beautifulsoup/lib:/storage/.kodi/addons/script.module.certifi/lib:/storage/.kodi/addons/script.module.chardet/lib:/storage/.kodi/addons/script.module.dateutil/lib:/storage/.kodi/addons/script.module.idna/lib:/storage/.kodi/addons/script.module.metadatautils/lib:/storage/.kodi/addons/script.module.musicbrainz/lib:/storage/.kodi/addons/script.module.requests/lib:/storage/.kodi/addons/script.module.simplecache/lib:/storage/.kodi/addons/script.module.simplejson/lib:/storage/.kodi/addons/script.module.six/lib:/storage/.kodi/addons/script.module.thetvdb/lib:/storage/.kodi/addons/script.module.urllib3/lib:/usr/lib/python27.zip:/usr/lib/python2.7:/usr/lib/python2.7/plat-linux2:/usr/lib/python2.7/lib-tk:/usr/lib/python2.7/lib-old:/usr/lib/python2.7/lib-dynload:/usr/lib/python2.7/site-packages:/usr/lib/python2.7/site-packages/gtk-2.0
14:53:49.258 T:139669436761856   DEBUG: CPythonInvoker(23, /storage/.kodi/addons/script.skin.helper.service/plugin.py): entering source directory /storage/.kodi/addons/script.skin.helper.service
14:53:49.258 T:139669436761856   DEBUG: CPythonInvoker(23, /storage/.kodi/addons/script.skin.helper.service/plugin.py): instantiating addon using automatically obtained id of "script.skin.helper.service" dependent on version 2.13.0 of the xbmc.python api
14:53:49.456 T:139669436761856   DEBUG: Skin Helper Simplecache --> Initialized
14:53:49.456 T:139669436761856   DEBUG: Skin Helper Service --> plugin called with parameters: {u'action': u'alphabet', u'reload': u'5'}
14:53:49.483 T:139669601752832   DEBUG: Skin Helper Simplecache --> Closed
14:53:49.485 T:139669436761856   DEBUG: Previous line repeats 1 times.
14:53:49.485 T:139669436761856    INFO: CPythonInvoker(23, /storage/.kodi/addons/script.skin.helper.service/plugin.py): script successfully run
14:53:49.503 T:139669436761856    INFO: Python script stopped
14:53:49.503 T:139669601752832    INFO: CPythonInvoker(22, /storage/.kodi/addons/script.skin.helper.service/plugin.py): script successfully run
14:53:49.503 T:139669436761856   DEBUG: Thread LanguageInvoker 139669436761856 terminating
14:53:49.510 T:139669601752832    INFO: Python script stopped
14:53:49.510 T:139670482560768   DEBUG: Skin Helper Simplecache --> Closed
14:53:49.510 T:139669601752832   DEBUG: Thread LanguageInvoker 139669601752832 terminating
14:53:49.510 T:139670482560768    INFO: CPythonInvoker(21, /storage/.kodi/addons/script.skin.helper.service/plugin.py): script successfully run
14:53:49.514 T:139670482560768    INFO: Python script stopped
14:53:49.514 T:139670482560768   DEBUG: Thread LanguageInvoker 139670482560768 terminating
14:53:49.647 T:139672691595392   DEBUG: Keyboard: scancode: 0x74, sym: 0x0112, unicode: 0x0000, modifier: 0x0
14:53:49.647 T:139672691595392   DEBUG: OnKey: down (0xf081) pressed, action is Down
14:53:49.814 T:139672691595392   DEBUG: Keyboard: scancode: 0x74, sym: 0x0112, unicode: 0x0000, modifier: 0x0
14:53:49.897 T:139672691595392   DEBUG: Previous line repeats 1 times.
14:53:49.897 T:139672691595392   DEBUG: OnKey: down (0xf081) pressed, action is Down
14:53:50.022 T:139672691595392   DEBUG: Keyboard: scancode: 0x74, sym: 0x0112, unicode: 0x0000, modifier: 0x0
14:53:50.106 T:139672691595392   DEBUG: Previous line repeats 1 times.
14:53:50.106 T:139672691595392   DEBUG: OnKey: down (0xf081) pressed, action is Down
14:53:50.230 T:139672691595392   DEBUG: Keyboard: scancode: 0x74, sym: 0x0112, unicode: 0x0000, modifier: 0x0
14:53:50.941 T:139672691595392   DEBUG: Keyboard: scancode: 0x6f, sym: 0x0111, unicode: 0x0000, modifier: 0x0
14:53:50.941 T:139672691595392   DEBUG: OnKey: up (0xf080) pressed, action is Up
14:53:51.064 T:139672691595392   DEBUG: Keyboard: scancode: 0x6f, sym: 0x0111, unicode: 0x0000, modifier: 0x0
14:53:51.148 T:139672691595392   DEBUG: Previous line repeats 1 times.
14:53:51.148 T:139672691595392   DEBUG: OnKey: up (0xf080) pressed, action is Up
14:53:51.272 T:139672691595392   DEBUG: Keyboard: scancode: 0x6f, sym: 0x0111, unicode: 0x0000, modifier: 0x0
14:53:51.314 T:139672691595392   DEBUG: Previous line repeats 1 times.
14:53:51.314 T:139672691595392   DEBUG: OnKey: up (0xf080) pressed, action is Up
14:53:51.480 T:139672691595392   DEBUG: Keyboard: scancode: 0x6f, sym: 0x0111, unicode: 0x0000, modifier: 0x0
14:53:52.119 T:139672691595392   DEBUG: Keyboard: scancode: 0x24, sym: 0x000d, unicode: 0x000d, modifier: 0x0
14:53:52.231 T:139672691595392   DEBUG: OnKey: return (0xf00d) pressed, action is Select
14:53:52.232 T:139672691595392   DEBUG: CGUIMediaWindow::GetDirectory (addons://user/)
14:53:52.232 T:139672691595392   DEBUG:   ParentPath = []
14:53:52.242 T:139669453547264   DEBUG: [Warning] CGUITextureManager::GetTexturePath: could not find texture 'DefaultAddonInfoProvider.png'
14:53:52.242 T:139669453547264   DEBUG: [Warning] CGUITextureManager::GetTexturePath: could not find texture 'DefaultAddonLookAndFeel.png'
14:53:52.242 T:139669453547264   DEBUG: [Warning] CGUITextureManager::GetTexturePath: could not find texture 'DefaultGameAddons.png'
14:53:52.242 T:139669453547264   DEBUG: [Warning] CGUITextureManager::GetTexturePath: could not find texture 'DefaultAddonPeripheral.png'
14:53:52.242 T:139669453547264   DEBUG: [Warning] CGUITextureManager::GetTexturePath: could not find texture 'DefaultAddonWeather.png'
14:53:52.243 T:139669453547264   DEBUG: [Warning] CGUITextureManager::GetTexturePath: could not find texture 'DefaultAddonRepository.png'
14:53:52.243 T:139669453547264   DEBUG: [Warning] CGUITextureManager::GetTexturePath: could not find texture 'DefaultAddonWebSkin.png'
14:53:52.243 T:139669453547264   DEBUG: [Warning] CGUITextureManager::GetTexturePath: could not find texture 'DefaultAddonService.png'
14:53:52.243 T:139669453547264   DEBUG: [Warning] CGUITextureManager::GetTexturePath: could not find texture 'DefaultAddonAudioEncoder.png'
14:53:52.243 T:139669453547264   DEBUG: [Warning] CGUITextureManager::GetTexturePath: could not find texture 'DefaultAddonContextItem.png'
14:53:52.243 T:139669453547264   DEBUG: [Warning] CGUITextureManager::GetTexturePath: could not find texture 'DefaultAddonVideo.png'
14:53:52.243 T:139669453547264   DEBUG: [Warning] CGUITextureManager::GetTexturePath: could not find texture 'DefaultAddonMusic.png'
14:53:52.243 T:139669453547264   DEBUG: [Warning] CGUITextureManager::GetTexturePath: could not find texture 'DefaultAddonProgram.png'
14:53:52.245 T:139669601752832   DEBUG: Thread BackgroundLoader start, auto delete: false
14:53:52.245 T:139672691595392   DEBUG: Keyboard: scancode: 0x24, sym: 0x000d, unicode: 0x0000, modifier: 0x0
14:53:52.246 T:139672691595392   DEBUG: CDirectoryProvider[plugin://script.skin.helper.service/?action=alphabet&reload=14]: refreshing..
14:53:52.246 T:139672470681344   DEBUG: Previous line repeats 1 times.
14:53:52.246 T:139672470681344   DEBUG: StartScript - calling plugin Skin Helper Service('plugin://script.skin.helper.service/','9','?action=alphabet&reload=14')
14:53:52.246 T:139671283590912   DEBUG: StartScript - calling plugin Skin Helper Service('plugin://script.skin.helper.service/','10','?action=alphabet&reload=14')
14:53:52.246 T:139669411583744   DEBUG: Thread LanguageInvoker start, auto delete: false
14:53:52.246 T:139669411583744   DEBUG: Previous line repeats 1 times.
14:53:52.246 T:139669411583744    INFO: initializing python engine.
14:53:52.246 T:139669411583744    INFO: Previous line repeats 1 times.
14:53:52.246 T:139669411583744   DEBUG: CPythonInvoker(24, /storage/.kodi/addons/script.skin.helper.service/plugin.py): start processing
14:53:52.246 T:139669445154560   DEBUG: CPythonInvoker(25, /storage/.kodi/addons/script.skin.helper.service/plugin.py): start processing
14:53:52.248 T:139669601752832   DEBUG: Thread BackgroundLoader 139669601752832 terminating
14:53:52.257 T:139669411583744   DEBUG: -->Python Interpreter Initialized<--
14:53:52.257 T:139669411583744   DEBUG: CPythonInvoker(24, /storage/.kodi/addons/script.skin.helper.service/plugin.py): the source file to load is "/storage/.kodi/addons/script.skin.helper.service/plugin.py"
14:53:52.258 T:139669445154560   DEBUG: -->Python Interpreter Initialized<--
14:53:52.258 T:139669445154560   DEBUG: CPythonInvoker(25, /storage/.kodi/addons/script.skin.helper.service/plugin.py): the source file to load is "/storage/.kodi/addons/script.skin.helper.service/plugin.py"
14:53:52.258 T:139669411583744   DEBUG: CPythonInvoker(24, /storage/.kodi/addons/script.skin.helper.service/plugin.py): setting the Python path to /storage/.kodi/addons/script.skin.helper.service:/storage/.kodi/addons/script.module.arrow/lib:/storage/.kodi/addons/script.module.backports.functools_lru_cache/lib:/storage/.kodi/addons/script.module.beautifulsoup/lib:/storage/.kodi/addons/script.module.certifi/lib:/storage/.kodi/addons/script.module.chardet/lib:/storage/.kodi/addons/script.module.dateutil/lib:/storage/.kodi/addons/script.module.idna/lib:/storage/.kodi/addons/script.module.metadatautils/lib:/storage/.kodi/addons/script.module.musicbrainz/lib:/storage/.kodi/addons/script.module.requests/lib:/storage/.kodi/addons/script.module.simplecache/lib:/storage/.kodi/addons/script.module.simplejson/lib:/storage/.kodi/addons/script.module.six/lib:/storage/.kodi/addons/script.module.thetvdb/lib:/storage/.kodi/addons/script.module.urllib3/lib:/usr/lib/python27.zip:/usr/lib/python2.7:/usr/lib/python2.7/plat-linux2:/usr/lib/python2.7/lib-tk:/usr/lib/python2.7/lib-old:/usr/lib/python2.7/lib-dynload:/usr/lib/python2.7/site-packages:/usr/lib/python2.7/site-packages/gtk-2.0
14:53:52.258 T:139669411583744   DEBUG: CPythonInvoker(24, /storage/.kodi/addons/script.skin.helper.service/plugin.py): entering source directory /storage/.kodi/addons/script.skin.helper.service
14:53:52.258 T:139669445154560   DEBUG: CPythonInvoker(25, /storage/.kodi/addons/script.skin.helper.service/plugin.py): setting the Python path to /storage/.kodi/addons/script.skin.helper.service:/storage/.kodi/addons/script.module.arrow/lib:/storage/.kodi/addons/script.module.backports.functools_lru_cache/lib:/storage/.kodi/addons/script.module.beautifulsoup/lib:/storage/.kodi/addons/script.module.certifi/lib:/storage/.kodi/addons/script.module.chardet/lib:/storage/.kodi/addons/script.module.dateutil/lib:/storage/.kodi/addons/script.module.idna/lib:/storage/.kodi/addons/script.module.metadatautils/lib:/storage/.kodi/addons/script.module.musicbrainz/lib:/storage/.kodi/addons/script.module.requests/lib:/storage/.kodi/addons/script.module.simplecache/lib:/storage/.kodi/addons/script.module.simplejson/lib:/storage/.kodi/addons/script.module.six/lib:/storage/.kodi/addons/script.module.thetvdb/lib:/storage/.kodi/addons/script.module.urllib3/lib:/usr/lib/python27.zip:/usr/lib/python2.7:/usr/lib/python2.7/plat-linux2:/usr/lib/python2.7/lib-tk:/usr/lib/python2.7/lib-old:/usr/lib/python2.7/lib-dynload:/usr/lib/python2.7/site-packages:/usr/lib/python2.7/site-packages/gtk-2.0
14:53:52.258 T:139669445154560   DEBUG: CPythonInvoker(25, /storage/.kodi/addons/script.skin.helper.service/plugin.py): entering source directory /storage/.kodi/addons/script.skin.helper.service
14:53:52.258 T:139669411583744   DEBUG: CPythonInvoker(24, /storage/.kodi/addons/script.skin.helper.service/plugin.py): instantiating addon using automatically obtained id of "script.skin.helper.service" dependent on version 2.13.0 of the xbmc.python api
14:53:52.263 T:139669445154560   DEBUG: CPythonInvoker(25, /storage/.kodi/addons/script.skin.helper.service/plugin.py): instantiating addon using automatically obtained id of "script.skin.helper.service" dependent on version 2.13.0 of the xbmc.python api
14:53:52.275 T:139669610145536  NOTICE: [PTV Preset Timer] DEBUG: Today is Sunday (weekday=6)
14:53:52.275 T:139669610145536  NOTICE: [PTV Preset Timer] DEBUG: Setting name: SundayPreset
14:53:52.275 T:139669610145536  NOTICE: [PTV Preset Timer] DEBUG: Raw preset value: '3' (int: 3)
14:53:52.275 T:139669610145536  NOTICE: [PTV Preset Timer] DEBUG: Available presets: ['Alpha', 'Omega', 'Delta', 'Epsilon', 'Gamma', 'Sigma', 'Omicron', 'Theta', 'Lambda']
14:53:52.275 T:139669610145536  NOTICE: [PTV Preset Timer] Today's preset for Sunday: Delta (index=2)
14:53:52.399 T:139669411583744   DEBUG: Skin Helper Simplecache --> Initialized
14:53:52.406 T:139669411583744   DEBUG: Skin Helper Service --> plugin called with parameters: {u'action': u'alphabet', u'reload': u'14'}
14:53:52.509 T:139669445154560   DEBUG: Skin Helper Simplecache --> Initialized
14:53:52.509 T:139669445154560   DEBUG: Skin Helper Service --> plugin called with parameters: {u'action': u'alphabet', u'reload': u'14'}
14:53:52.520 T:139669411583744   DEBUG: Skin Helper Simplecache --> Closed
14:53:52.520 T:139669411583744    INFO: CPythonInvoker(24, /storage/.kodi/addons/script.skin.helper.service/plugin.py): script successfully run
14:53:52.526 T:139669411583744    INFO: Python script stopped
14:53:52.526 T:139669411583744   DEBUG: Thread LanguageInvoker 139669411583744 terminating
14:53:52.526 T:139669445154560   DEBUG: Skin Helper Simplecache --> Closed
14:53:52.526 T:139669445154560    INFO: CPythonInvoker(25, /storage/.kodi/addons/script.skin.helper.service/plugin.py): script successfully run
14:53:52.532 T:139669445154560    INFO: Python script stopped
14:53:52.532 T:139669445154560   DEBUG: Thread LanguageInvoker 139669445154560 terminating
14:53:53.149 T:139672691595392   DEBUG: Keyboard: scancode: 0x74, sym: 0x0112, unicode: 0x0000, modifier: 0x0
14:53:53.150 T:139672691595392   DEBUG: OnKey: down (0xf081) pressed, action is Down
14:53:53.273 T:139672691595392   DEBUG: Keyboard: scancode: 0x74, sym: 0x0112, unicode: 0x0000, modifier: 0x0
14:53:53.314 T:139672691595392   DEBUG: Previous line repeats 1 times.
14:53:53.314 T:139672691595392   DEBUG: OnKey: down (0xf081) pressed, action is Down
14:53:53.436 T:139672691595392   DEBUG: Keyboard: scancode: 0x74, sym: 0x0112, unicode: 0x0000, modifier: 0x0
14:53:53.522 T:139672691595392   DEBUG: Previous line repeats 1 times.
14:53:53.522 T:139672691595392   DEBUG: OnKey: down (0xf081) pressed, action is Down
14:53:53.605 T:139672691595392   DEBUG: Keyboard: scancode: 0x74, sym: 0x0112, unicode: 0x0000, modifier: 0x0
14:53:53.689 T:139672691595392   DEBUG: Previous line repeats 1 times.
14:53:53.689 T:139672691595392   DEBUG: OnKey: down (0xf081) pressed, action is Down
14:53:53.815 T:139672691595392   DEBUG: Keyboard: scancode: 0x74, sym: 0x0112, unicode: 0x0000, modifier: 0x0
14:53:53.856 T:139672691595392   DEBUG: Previous line repeats 1 times.
14:53:53.856 T:139672691595392   DEBUG: OnKey: down (0xf081) pressed, action is Down
14:53:53.981 T:139672691595392   DEBUG: Keyboard: scancode: 0x74, sym: 0x0112, unicode: 0x0000, modifier: 0x0
14:53:54.068 T:139672691595392   DEBUG: Previous line repeats 1 times.
14:53:54.068 T:139672691595392   DEBUG: OnKey: down (0xf081) pressed, action is Down
14:53:54.190 T:139672691595392   DEBUG: Keyboard: scancode: 0x74, sym: 0x0112, unicode: 0x0000, modifier: 0x0
14:53:54.522 T:139672691595392   DEBUG: Previous line repeats 1 times.
14:53:54.523 T:139672691595392   DEBUG: OnKey: down (0xf081) pressed, action is Down
14:53:54.690 T:139672691595392   DEBUG: Keyboard: scancode: 0x74, sym: 0x0112, unicode: 0x0000, modifier: 0x0
14:53:54.815 T:139672691595392   DEBUG: Previous line repeats 1 times.
14:53:54.815 T:139672691595392   DEBUG: OnKey: down (0xf081) pressed, action is Down
14:53:54.982 T:139672691595392   DEBUG: Keyboard: scancode: 0x74, sym: 0x0112, unicode: 0x0000, modifier: 0x0
14:53:55.107 T:139672691595392   DEBUG: Previous line repeats 1 times.
14:53:55.107 T:139672691595392   DEBUG: OnKey: down (0xf081) pressed, action is Down
14:53:55.232 T:139672691595392   DEBUG: Keyboard: scancode: 0x74, sym: 0x0112, unicode: 0x0000, modifier: 0x0
14:53:55.606 T:139672691595392   DEBUG: Previous line repeats 1 times.
14:53:55.606 T:139672691595392   DEBUG: OnKey: down (0xf081) pressed, action is Down
14:53:55.732 T:139672691595392   DEBUG: Keyboard: scancode: 0x74, sym: 0x0112, unicode: 0x0000, modifier: 0x0
14:53:56.231 T:139672691595392   DEBUG: Keyboard: scancode: 0x6f, sym: 0x0111, unicode: 0x0000, modifier: 0x0
14:53:56.231 T:139672691595392   DEBUG: OnKey: up (0xf080) pressed, action is Up
14:53:56.397 T:139672691595392   DEBUG: Keyboard: scancode: 0x6f, sym: 0x0111, unicode: 0x0000, modifier: 0x0
14:53:56.814 T:139672691595392   DEBUG: Keyboard: scancode: 0x24, sym: 0x000d, unicode: 0x000d, modifier: 0x0
14:53:56.981 T:139672691595392   DEBUG: OnKey: return (0xf00d) pressed, action is Select
14:53:56.983 T:139672691595392   DEBUG: CGUIMediaWindow::GetDirectory (addons://user/xbmc.addon.executable)
14:53:56.983 T:139672691595392   DEBUG:   ParentPath = [addons://user/]
14:53:57.033 T:139669453547264   DEBUG: CAddonMgr::GetAvailableUpdates took 26 ms
14:53:57.035 T:139669436761856   DEBUG: Thread BackgroundLoader start, auto delete: false
14:53:57.036 T:139672691595392   DEBUG: Keyboard: scancode: 0x24, sym: 0x000d, unicode: 0x0000, modifier: 0x0
14:53:57.037 T:139669436761856   DEBUG: Thread BackgroundLoader 139669436761856 terminating
14:53:57.038 T:139672691595392   DEBUG: CDirectoryProvider[plugin://script.skin.helper.service/?action=alphabet&reload=6]: refreshing..
14:53:57.038 T:139672470681344   DEBUG: Previous line repeats 1 times.
14:53:57.038 T:139672470681344   DEBUG: StartScript - calling plugin Skin Helper Service('plugin://script.skin.helper.service/','11','?action=alphabet&reload=6')
14:53:57.039 T:139671283590912   DEBUG: StartScript - calling plugin Skin Helper Service('plugin://script.skin.helper.service/','12','?action=alphabet&reload=6')
14:53:57.039 T:139669378012928   DEBUG: Thread LanguageInvoker start, auto delete: false
14:53:57.039 T:139669378012928    INFO: initializing python engine.
14:53:57.039 T:139669378012928   DEBUG: CPythonInvoker(27, /storage/.kodi/addons/script.skin.helper.service/plugin.py): start processing
14:53:57.039 T:139669386405632   DEBUG: Thread LanguageInvoker start, auto delete: false
14:53:57.039 T:139669386405632    INFO: initializing python engine.
14:53:57.039 T:139669386405632   DEBUG: CPythonInvoker(26, /storage/.kodi/addons/script.skin.helper.service/plugin.py): start processing
14:53:57.047 T:139669378012928   DEBUG: -->Python Interpreter Initialized<--
14:53:57.047 T:139669378012928   DEBUG: CPythonInvoker(27, /storage/.kodi/addons/script.skin.helper.service/plugin.py): the source file to load is "/storage/.kodi/addons/script.skin.helper.service/plugin.py"
14:53:57.048 T:139669378012928   DEBUG: CPythonInvoker(27, /storage/.kodi/addons/script.skin.helper.service/plugin.py): setting the Python path to /storage/.kodi/addons/script.skin.helper.service:/storage/.kodi/addons/script.module.arrow/lib:/storage/.kodi/addons/script.module.backports.functools_lru_cache/lib:/storage/.kodi/addons/script.module.beautifulsoup/lib:/storage/.kodi/addons/script.module.certifi/lib:/storage/.kodi/addons/script.module.chardet/lib:/storage/.kodi/addons/script.module.dateutil/lib:/storage/.kodi/addons/script.module.idna/lib:/storage/.kodi/addons/script.module.metadatautils/lib:/storage/.kodi/addons/script.module.musicbrainz/lib:/storage/.kodi/addons/script.module.requests/lib:/storage/.kodi/addons/script.module.simplecache/lib:/storage/.kodi/addons/script.module.simplejson/lib:/storage/.kodi/addons/script.module.six/lib:/storage/.kodi/addons/script.module.thetvdb/lib:/storage/.kodi/addons/script.module.urllib3/lib:/usr/lib/python27.zip:/usr/lib/python2.7:/usr/lib/python2.7/plat-linux2:/usr/lib/python2.7/lib-tk:/usr/lib/python2.7/lib-old:/usr/lib/python2.7/lib-dynload:/usr/lib/python2.7/site-packages:/usr/lib/python2.7/site-packages/gtk-2.0
14:53:57.048 T:139669378012928   DEBUG: CPythonInvoker(27, /storage/.kodi/addons/script.skin.helper.service/plugin.py): entering source directory /storage/.kodi/addons/script.skin.helper.service
14:53:57.052 T:139669378012928   DEBUG: CPythonInvoker(27, /storage/.kodi/addons/script.skin.helper.service/plugin.py): instantiating addon using automatically obtained id of "script.skin.helper.service" dependent on version 2.13.0 of the xbmc.python api
14:53:57.182 T:139669386405632   DEBUG: -->Python Interpreter Initialized<--
14:53:57.182 T:139669386405632   DEBUG: CPythonInvoker(26, /storage/.kodi/addons/script.skin.helper.service/plugin.py): the source file to load is "/storage/.kodi/addons/script.skin.helper.service/plugin.py"
14:53:57.183 T:139669386405632   DEBUG: CPythonInvoker(26, /storage/.kodi/addons/script.skin.helper.service/plugin.py): setting the Python path to /storage/.kodi/addons/script.skin.helper.service:/storage/.kodi/addons/script.module.arrow/lib:/storage/.kodi/addons/script.module.backports.functools_lru_cache/lib:/storage/.kodi/addons/script.module.beautifulsoup/lib:/storage/.kodi/addons/script.module.certifi/lib:/storage/.kodi/addons/script.module.chardet/lib:/storage/.kodi/addons/script.module.dateutil/lib:/storage/.kodi/addons/script.module.idna/lib:/storage/.kodi/addons/script.module.metadatautils/lib:/storage/.kodi/addons/script.module.musicbrainz/lib:/storage/.kodi/addons/script.module.requests/lib:/storage/.kodi/addons/script.module.simplecache/lib:/storage/.kodi/addons/script.module.simplejson/lib:/storage/.kodi/addons/script.module.six/lib:/storage/.kodi/addons/script.module.thetvdb/lib:/storage/.kodi/addons/script.module.urllib3/lib:/usr/lib/python27.zip:/usr/lib/python2.7:/usr/lib/python2.7/plat-linux2:/usr/lib/python2.7/lib-tk:/usr/lib/python2.7/lib-old:/usr/lib/python2.7/lib-dynload:/usr/lib/python2.7/site-packages:/usr/lib/python2.7/site-packages/gtk-2.0
14:53:57.183 T:139669386405632   DEBUG: CPythonInvoker(26, /storage/.kodi/addons/script.skin.helper.service/plugin.py): entering source directory /storage/.kodi/addons/script.skin.helper.service
14:53:57.183 T:139669378012928   DEBUG: Skin Helper Simplecache --> Initialized
14:53:57.183 T:139669378012928   DEBUG: Skin Helper Service --> plugin called with parameters: {u'action': u'alphabet', u'reload': u'6'}
14:53:57.183 T:139669386405632   DEBUG: CPythonInvoker(26, /storage/.kodi/addons/script.skin.helper.service/plugin.py): instantiating addon using automatically obtained id of "script.skin.helper.service" dependent on version 2.13.0 of the xbmc.python api
14:53:57.313 T:139669386405632   DEBUG: Skin Helper Simplecache --> Initialized
14:53:57.313 T:139669386405632   DEBUG: Skin Helper Service --> plugin called with parameters: {u'action': u'alphabet', u'reload': u'6'}
14:53:57.354 T:139669378012928   DEBUG: Skin Helper Simplecache --> Closed
14:53:57.354 T:139669378012928    INFO: CPythonInvoker(27, /storage/.kodi/addons/script.skin.helper.service/plugin.py): script successfully run
14:53:57.359 T:139669378012928    INFO: Python script stopped
14:53:57.359 T:139669378012928   DEBUG: Thread LanguageInvoker 139669378012928 terminating
14:53:57.359 T:139669386405632   DEBUG: Skin Helper Simplecache --> Closed
14:53:57.359 T:139669386405632    INFO: CPythonInvoker(26, /storage/.kodi/addons/script.skin.helper.service/plugin.py): script successfully run
14:53:57.364 T:139669386405632    INFO: Python script stopped
14:53:57.364 T:139669386405632   DEBUG: Thread LanguageInvoker 139669386405632 terminating
14:53:58.163 T:139672691595392   DEBUG: Keyboard: scancode: 0x74, sym: 0x0112, unicode: 0x0000, modifier: 0x0
14:53:58.163 T:139672691595392   DEBUG: OnKey: down (0xf081) pressed, action is Down
14:53:58.273 T:139672691595392   DEBUG: Keyboard: scancode: 0x74, sym: 0x0112, unicode: 0x0000, modifier: 0x0
14:53:58.478 T:139672691595392   DEBUG: Previous line repeats 1 times.
14:53:58.478 T:139672691595392   DEBUG: OnKey: down (0xf081) pressed, action is Down
14:53:58.564 T:139672691595392   DEBUG: Keyboard: scancode: 0x74, sym: 0x0112, unicode: 0x0000, modifier: 0x0
14:53:58.981 T:139672691595392   DEBUG: Previous line repeats 1 times.
14:53:58.981 T:139672691595392   DEBUG: OnKey: down (0xf081) pressed, action is Down
14:53:59.064 T:139672691595392   DEBUG: Keyboard: scancode: 0x74, sym: 0x0112, unicode: 0x0000, modifier: 0x0
14:53:59.127 T:139669618538240   ERROR: [PTV Shutdown Timer] Checking schedule 'Bedtime'
14:53:59.127 T:139669618538240   ERROR: [PTV Shutdown Timer] Current time: 14:53
14:53:59.127 T:139669618538240   ERROR: [PTV Shutdown Timer] Shutdown time: 0:15
14:53:59.127 T:139669618538240   ERROR: [PTV Shutdown Timer] Minutes from midnight - Current: 893, Shutdown: 15
14:53:59.127 T:139669618538240   ERROR: [PTV Shutdown Timer] Time match (within window): False
14:53:59.127 T:139669618538240   ERROR: [PTV Shutdown Timer] Current day index: 6
14:53:59.128 T:139669618538240   ERROR: [PTV Shutdown Timer] Day match: False
14:53:59.128 T:139669618538240   ERROR: [PTV Shutdown Timer] Shutdown should trigger: False (Action: 1)
14:53:59.128 T:139669618538240   ERROR: [PTV Shutdown Timer] Checking schedule 'Late Night'
14:53:59.128 T:139669618538240   ERROR: [PTV Shutdown Timer] Current time: 14:53
14:53:59.128 T:139669618538240   ERROR: [PTV Shutdown Timer] Shutdown time: 3:30
14:53:59.128 T:139669618538240   ERROR: [PTV Shutdown Timer] Minutes from midnight - Current: 893, Shutdown: 210
14:53:59.128 T:139669618538240   ERROR: [PTV Shutdown Timer] Time match (within window): False
14:53:59.128 T:139669618538240   ERROR: [PTV Shutdown Timer] Current day index: 6
14:53:59.128 T:139669618538240   ERROR: [PTV Shutdown Timer] Day match: True
14:53:59.128 T:139669618538240   ERROR: [PTV Shutdown Timer] Shutdown should trigger: False (Action: 1)
14:53:59.702 T:139672691595392   DEBUG: Keyboard: scancode: 0x24, sym: 0x000d, unicode: 0x000d, modifier: 0x0
14:53:59.840 T:139672691595392   DEBUG: OnKey: return (0xf00d) pressed, action is Select
14:53:59.841 T:139672691595392   DEBUG: ------ Window Init (DialogAddonInfo.xml) ------
14:53:59.841 T:139672691595392    INFO: Loading skin file: DialogAddonInfo.xml, load type: KEEP_IN_MEMORY
14:53:59.872 T:139672691595392   DEBUG: [Warning] CGUITextureManager::GetTexturePath: could not find texture 'buttons/catbullet_nf.png'
14:53:59.946 T:139672691595392   DEBUG: Previous line repeats 1 times.
14:53:59.946 T:139672691595392   DEBUG: [Warning] CGUITextureManager::GetTexturePath: could not find texture 'video_overlay.png'
14:54:01.776 T:139672691595392   DEBUG: Previous line repeats 1 times.
14:54:01.776 T:139672691595392   DEBUG: Keyboard: scancode: 0x72, sym: 0x0113, unicode: 0x0000, modifier: 0x0
14:54:01.776 T:139672691595392   DEBUG: OnKey: right (0xf083) pressed, action is Right
14:54:01.900 T:139672691595392   DEBUG: Keyboard: scancode: 0x72, sym: 0x0113, unicode: 0x0000, modifier: 0x0
14:54:02.276 T:139669610145536  NOTICE: [PTV Preset Timer] DEBUG: Today is Sunday (weekday=6)
14:54:02.276 T:139669610145536  NOTICE: [PTV Preset Timer] DEBUG: Setting name: SundayPreset
14:54:02.276 T:139669610145536  NOTICE: [PTV Preset Timer] DEBUG: Raw preset value: '3' (int: 3)
14:54:02.276 T:139669610145536  NOTICE: [PTV Preset Timer] DEBUG: Available presets: ['Alpha', 'Omega', 'Delta', 'Epsilon', 'Gamma', 'Sigma', 'Omicron', 'Theta', 'Lambda']
14:54:02.276 T:139669610145536  NOTICE: [PTV Preset Timer] Today's preset for Sunday: Delta (index=2)
14:54:02.523 T:139672691595392   DEBUG: Keyboard: scancode: 0x24, sym: 0x000d, unicode: 0x000d, modifier: 0x0
14:54:02.651 T:139672691595392   DEBUG: OnKey: return (0xf00d) pressed, action is Select
14:54:02.653 T:139672691595392   DEBUG: Keyboard: scancode: 0x24, sym: 0x000d, unicode: 0x0000, modifier: 0x0
14:54:02.653 T:139669386405632   DEBUG: Thread LanguageInvoker start, auto delete: false
14:54:02.653 T:139669386405632    INFO: initializing python engine.
14:54:02.653 T:139669386405632   DEBUG: CPythonInvoker(28, /usr/share/kodi/addons/service.libreelec.settings/default.py): start processing
14:54:02.663 T:139669386405632   DEBUG: -->Python Interpreter Initialized<--
14:54:02.663 T:139669386405632   DEBUG: CPythonInvoker(28, /usr/share/kodi/addons/service.libreelec.settings/default.py): the source file to load is "/usr/share/kodi/addons/service.libreelec.settings/default.py"
14:54:02.663 T:139669386405632   DEBUG: CPythonInvoker(28, /usr/share/kodi/addons/service.libreelec.settings/default.py): setting the Python path to /usr/share/kodi/addons/service.libreelec.settings:/usr/lib/python27.zip:/usr/lib/python2.7:/usr/lib/python2.7/plat-linux2:/usr/lib/python2.7/lib-tk:/usr/lib/python2.7/lib-old:/usr/lib/python2.7/lib-dynload:/usr/lib/python2.7/site-packages:/usr/lib/python2.7/site-packages/gtk-2.0
14:54:02.663 T:139669386405632   DEBUG: CPythonInvoker(28, /usr/share/kodi/addons/service.libreelec.settings/default.py): entering source directory /usr/share/kodi/addons/service.libreelec.settings
14:54:02.663 T:139669386405632   DEBUG: CPythonInvoker(28, /usr/share/kodi/addons/service.libreelec.settings/default.py): instantiating addon using automatically obtained id of "service.libreelec.settings" dependent on version 2.1.0 of the xbmc.python api
14:54:02.665 T:139669386405632    INFO: CPythonInvoker(28, /usr/share/kodi/addons/service.libreelec.settings/default.py): script successfully run
14:54:02.727 T:139669386405632    INFO: Python script stopped
14:54:02.727 T:139669386405632   DEBUG: Thread LanguageInvoker 139669386405632 terminating
14:54:02.727 T:139669524440832    INFO: ## LibreELEC Addon ## _service_::run ## MESSAGE:'openConfigurationWindow'
14:54:02.729 T:139672691595392   DEBUG: ------ Window Init (/storage/.kodi/addons/skin.paragon/720p/service-LibreELEC-Settings-mainWindow.xml) ------
14:54:02.729 T:139672691595392    INFO: Loading skin file: /storage/.kodi/addons/skin.paragon/720p/service-LibreELEC-Settings-mainWindow.xml, load type: LOAD_ON_GUI_INIT
14:54:02.732 T:139672691595392   DEBUG: CGUIMediaWindow::GetDirectory ()
14:54:02.732 T:139672691595392   DEBUG:   ParentPath = []
14:54:02.736 T:139672691595392   ERROR: Control 1000 in window 13003 has been asked to focus, but it can't
14:54:02.736 T:139669524440832    INFO: ## LibreELEC Addon ## _service_::run ## WAITING:
14:54:02.791 T:139672691595392   DEBUG: Activating window ID: 10138
14:54:02.791 T:139672691595392   DEBUG: ------ Window Init (DialogBusy.xml) ------
14:54:02.842 T:139669386405632   ERROR: EXCEPTION: Non-Existent Control 1900
14:54:02.842 T:139669386405632   ERROR: ## LibreELEC Addon ## oeWindows.mainWindow::onFocus(1000) ## ERROR: (RuntimeError('Non-Existent Control 1900',))
14:54:02.843 T:139669386405632   ERROR: Traceback (most recent call last):
                                              File "/home/chewitt/LibreELEC.82-images/build.LibreELEC-Generic.x86_64-8.2.5/LibreELEC-settings-0768930/.install_pkg/usr/share/kodi/addons/service.libreelec.settings/resources/lib/oeWindows.py", line 385, in onFocus
                                            RuntimeError: Non-Existent Control 1900
14:54:02.906 T:139672691595392   DEBUG: ------ Window Deinit (DialogBusy.xml) ------
14:54:02.907 T:139669386405632   ERROR: EXCEPTION: Non-Existent Control 1900
14:54:02.907 T:139669386405632   ERROR: ## LibreELEC Addon ## oeWindows.mainWindow::onFocus(1000) ## ERROR: (RuntimeError('Non-Existent Control 1900',))
14:54:02.908 T:139669386405632   ERROR: Traceback (most recent call last):
                                              File "/home/chewitt/LibreELEC.82-images/build.LibreELEC-Generic.x86_64-8.2.5/LibreELEC-settings-0768930/.install_pkg/usr/share/kodi/addons/service.libreelec.settings/resources/lib/oeWindows.py", line 385, in onFocus
                                            RuntimeError: Non-Existent Control 1900
14:54:02.947 T:139672691595392   DEBUG: ------ Window Deinit (DialogAddonInfo.xml) ------
14:54:02.947 T:139672691595392   DEBUG: Keyboard: scancode: 0x24, sym: 0x000d, unicode: 0x0000, modifier: 0x0
14:54:04.524 T:139672691595392   DEBUG: Keyboard: scancode: 0x74, sym: 0x0112, unicode: 0x0000, modifier: 0x0
14:54:04.524 T:139672691595392   DEBUG: OnKey: down (0xf081) pressed, action is Down
14:54:04.609 T:139669386405632   ERROR: EXCEPTION: Non-Existent Control 1900
14:54:04.609 T:139669386405632   ERROR: ## LibreELEC Addon ## oeWindows.mainWindow::onFocus(1000) ## ERROR: (RuntimeError('Non-Existent Control 1900',))
14:54:04.609 T:139669386405632   ERROR: Traceback (most recent call last):
                                              File "/home/chewitt/LibreELEC.82-images/build.LibreELEC-Generic.x86_64-8.2.5/LibreELEC-settings-0768930/.install_pkg/usr/share/kodi/addons/service.libreelec.settings/resources/lib/oeWindows.py", line 385, in onFocus
                                            RuntimeError: Non-Existent Control 1900
14:54:04.691 T:139672691595392   DEBUG: Keyboard: scancode: 0x74, sym: 0x0112, unicode: 0x0000, modifier: 0x0
14:54:05.191 T:139672691595392   DEBUG: Previous line repeats 1 times.
14:54:05.191 T:139672691595392   DEBUG: OnKey: down (0xf081) pressed, action is Down
14:54:05.275 T:139669386405632   ERROR: EXCEPTION: Non-Existent Control 1900
14:54:05.276 T:139669386405632   ERROR: ## LibreELEC Addon ## oeWindows.mainWindow::onFocus(1000) ## ERROR: (RuntimeError('Non-Existent Control 1900',))
14:54:05.276 T:139669386405632   ERROR: Traceback (most recent call last):
                                              File "/home/chewitt/LibreELEC.82-images/build.LibreELEC-Generic.x86_64-8.2.5/LibreELEC-settings-0768930/.install_pkg/usr/share/kodi/addons/service.libreelec.settings/resources/lib/oeWindows.py", line 385, in onFocus
                                            RuntimeError: Non-Existent Control 1900
14:54:05.358 T:139672691595392   DEBUG: Keyboard: scancode: 0x74, sym: 0x0112, unicode: 0x0000, modifier: 0x0
14:54:07.358 T:139672691595392   DEBUG: Previous line repeats 1 times.
14:54:07.358 T:139672691595392   DEBUG: OnKey: down (0xf081) pressed, action is Down
14:54:07.443 T:139669386405632   ERROR: EXCEPTION: Non-Existent Control 1900
14:54:07.443 T:139669386405632   ERROR: ## LibreELEC Addon ## oeWindows.mainWindow::onFocus(1000) ## ERROR: (RuntimeError('Non-Existent Control 1900',))
14:54:07.444 T:139669386405632   ERROR: Traceback (most recent call last):
                                              File "/home/chewitt/LibreELEC.82-images/build.LibreELEC-Generic.x86_64-8.2.5/LibreELEC-settings-0768930/.install_pkg/usr/share/kodi/addons/service.libreelec.settings/resources/lib/oeWindows.py", line 385, in onFocus
                                            RuntimeError: Non-Existent Control 1900
14:54:07.525 T:139672691595392   DEBUG: Keyboard: scancode: 0x74, sym: 0x0112, unicode: 0x0000, modifier: 0x0
14:54:07.918 T:139672691595392   DEBUG: Previous line repeats 1 times.
14:54:07.918 T:139672691595392   DEBUG: OnKey: down (0xf081) pressed, action is Down
14:54:07.985 T:139669386405632   ERROR: EXCEPTION: Non-Existent Control 1900
14:54:07.985 T:139669386405632   ERROR: ## LibreELEC Addon ## oeWindows.mainWindow::onFocus(1000) ## ERROR: (RuntimeError('Non-Existent Control 1900',))
14:54:07.985 T:139669386405632   ERROR: Traceback (most recent call last):
                                              File "/home/chewitt/LibreELEC.82-images/build.LibreELEC-Generic.x86_64-8.2.5/LibreELEC-settings-0768930/.install_pkg/usr/share/kodi/addons/service.libreelec.settings/resources/lib/oeWindows.py", line 385, in onFocus
                                            RuntimeError: Non-Existent Control 1900
14:54:08.066 T:139672691595392   DEBUG: Keyboard: scancode: 0x74, sym: 0x0112, unicode: 0x0000, modifier: 0x0
14:54:08.417 T:139672691595392   DEBUG: Previous line repeats 1 times.
14:54:08.417 T:139672691595392   DEBUG: OnKey: down (0xf081) pressed, action is Down
14:54:08.484 T:139669386405632   ERROR: EXCEPTION: Non-Existent Control 1900
14:54:08.484 T:139669386405632   ERROR: ## LibreELEC Addon ## oeWindows.mainWindow::onFocus(1000) ## ERROR: (RuntimeError('Non-Existent Control 1900',))
14:54:08.484 T:139669386405632   ERROR: Traceback (most recent call last):
                                              File "/home/chewitt/LibreELEC.82-images/build.LibreELEC-Generic.x86_64-8.2.5/LibreELEC-settings-0768930/.install_pkg/usr/share/kodi/addons/service.libreelec.settings/resources/lib/oeWindows.py", line 385, in onFocus
                                            RuntimeError: Non-Existent Control 1900
14:54:08.561 T:139672691595392   DEBUG: Keyboard: scancode: 0x74, sym: 0x0112, unicode: 0x0000, modifier: 0x0
14:54:09.128 T:139669618538240   ERROR: [PTV Shutdown Timer] Checking schedule 'Bedtime'
14:54:09.128 T:139669618538240   ERROR: [PTV Shutdown Timer] Current time: 14:54
14:54:09.128 T:139669618538240   ERROR: [PTV Shutdown Timer] Shutdown time: 0:15
14:54:09.128 T:139669618538240   ERROR: [PTV Shutdown Timer] Minutes from midnight - Current: 894, Shutdown: 15
14:54:09.129 T:139669618538240   ERROR: [PTV Shutdown Timer] Time match (within window): False
14:54:09.129 T:139669618538240   ERROR: [PTV Shutdown Timer] Current day index: 6
14:54:09.129 T:139669618538240   ERROR: [PTV Shutdown Timer] Day match: False
14:54:09.129 T:139669618538240   ERROR: [PTV Shutdown Timer] Shutdown should trigger: False (Action: 1)
14:54:09.129 T:139669618538240   ERROR: [PTV Shutdown Timer] Checking schedule 'Late Night'
14:54:09.129 T:139669618538240   ERROR: [PTV Shutdown Timer] Current time: 14:54
14:54:09.129 T:139669618538240   ERROR: [PTV Shutdown Timer] Shutdown time: 3:30
14:54:09.129 T:139669618538240   ERROR: [PTV Shutdown Timer] Minutes from midnight - Current: 894, Shutdown: 210
14:54:09.129 T:139669618538240   ERROR: [PTV Shutdown Timer] Time match (within window): False
14:54:09.129 T:139669618538240   ERROR: [PTV Shutdown Timer] Current day index: 6
14:54:09.129 T:139669618538240   ERROR: [PTV Shutdown Timer] Day match: True
14:54:09.129 T:139669618538240   ERROR: [PTV Shutdown Timer] Shutdown should trigger: False (Action: 1)
14:54:09.607 T:139672691595392   DEBUG: Keyboard: scancode: 0x6f, sym: 0x0111, unicode: 0x0000, modifier: 0x0
14:54:09.608 T:139672691595392   DEBUG: OnKey: up (0xf080) pressed, action is Up
14:54:09.693 T:139669386405632   ERROR: EXCEPTION: Non-Existent Control 1900
14:54:09.693 T:139669386405632   ERROR: ## LibreELEC Addon ## oeWindows.mainWindow::onFocus(1000) ## ERROR: (RuntimeError('Non-Existent Control 1900',))
14:54:09.694 T:139669386405632   ERROR: Traceback (most recent call last):
                                              File "/home/chewitt/LibreELEC.82-images/build.LibreELEC-Generic.x86_64-8.2.5/LibreELEC-settings-0768930/.install_pkg/usr/share/kodi/addons/service.libreelec.settings/resources/lib/oeWindows.py", line 385, in onFocus
                                            RuntimeError: Non-Existent Control 1900
14:54:09.733 T:139672691595392   DEBUG: Keyboard: scancode: 0x6f, sym: 0x0111, unicode: 0x0000, modifier: 0x0
14:54:09.774 T:139672691595392   DEBUG: Previous line repeats 1 times.
14:54:09.774 T:139672691595392   DEBUG: OnKey: up (0xf080) pressed, action is Up
14:54:09.861 T:139669386405632   ERROR: EXCEPTION: Non-Existent Control 1900
14:54:09.861 T:139669386405632   ERROR: ## LibreELEC Addon ## oeWindows.mainWindow::onFocus(1000) ## ERROR: (RuntimeError('Non-Existent Control 1900',))
14:54:09.862 T:139669386405632   ERROR: Traceback (most recent call last):
                                              File "/home/chewitt/LibreELEC.82-images/build.LibreELEC-Generic.x86_64-8.2.5/LibreELEC-settings-0768930/.install_pkg/usr/share/kodi/addons/service.libreelec.settings/resources/lib/oeWindows.py", line 385, in onFocus
                                            RuntimeError: Non-Existent Control 1900
14:54:09.900 T:139672691595392   DEBUG: Keyboard: scancode: 0x6f, sym: 0x0111, unicode: 0x0000, modifier: 0x0
14:54:09.983 T:139672691595392   DEBUG: Previous line repeats 1 times.
14:54:09.983 T:139672691595392   DEBUG: OnKey: up (0xf080) pressed, action is Up
14:54:10.067 T:139669386405632   ERROR: EXCEPTION: Non-Existent Control 1900
14:54:10.068 T:139669386405632   ERROR: ## LibreELEC Addon ## oeWindows.mainWindow::onFocus(1000) ## ERROR: (RuntimeError('Non-Existent Control 1900',))
14:54:10.068 T:139669386405632   ERROR: Traceback (most recent call last):
                                              File "/home/chewitt/LibreELEC.82-images/build.LibreELEC-Generic.x86_64-8.2.5/LibreELEC-settings-0768930/.install_pkg/usr/share/kodi/addons/service.libreelec.settings/resources/lib/oeWindows.py", line 385, in onFocus
                                            RuntimeError: Non-Existent Control 1900
14:54:10.108 T:139672691595392   DEBUG: Keyboard: scancode: 0x6f, sym: 0x0111, unicode: 0x0000, modifier: 0x0
14:54:10.149 T:139672691595392   DEBUG: Previous line repeats 1 times.
14:54:10.149 T:139672691595392   DEBUG: OnKey: up (0xf080) pressed, action is Up
14:54:10.235 T:139669386405632   ERROR: EXCEPTION: Non-Existent Control 1900
14:54:10.235 T:139669386405632   ERROR: ## LibreELEC Addon ## oeWindows.mainWindow::onFocus(1000) ## ERROR: (RuntimeError('Non-Existent Control 1900',))
14:54:10.235 T:139669386405632   ERROR: Traceback (most recent call last):
                                              File "/home/chewitt/LibreELEC.82-images/build.LibreELEC-Generic.x86_64-8.2.5/LibreELEC-settings-0768930/.install_pkg/usr/share/kodi/addons/service.libreelec.settings/resources/lib/oeWindows.py", line 385, in onFocus
                                            RuntimeError: Non-Existent Control 1900
14:54:10.274 T:139672691595392   DEBUG: Keyboard: scancode: 0x6f, sym: 0x0111, unicode: 0x0000, modifier: 0x0
14:54:10.691 T:139672691595392   DEBUG: Previous line repeats 1 times.
14:54:10.691 T:139672691595392   DEBUG: OnKey: up (0xf080) pressed, action is Up
14:54:10.776 T:139669386405632   ERROR: EXCEPTION: Non-Existent Control 1900
14:54:10.776 T:139669386405632   ERROR: ## LibreELEC Addon ## oeWindows.mainWindow::onFocus(1000) ## ERROR: (RuntimeError('Non-Existent Control 1900',))
14:54:10.776 T:139669386405632   ERROR: Traceback (most recent call last):
                                              File "/home/chewitt/LibreELEC.82-images/build.LibreELEC-Generic.x86_64-8.2.5/LibreELEC-settings-0768930/.install_pkg/usr/share/kodi/addons/service.libreelec.settings/resources/lib/oeWindows.py", line 385, in onFocus
                                            RuntimeError: Non-Existent Control 1900
14:54:10.858 T:139672691595392   DEBUG: Keyboard: scancode: 0x6f, sym: 0x0111, unicode: 0x0000, modifier: 0x0
14:54:12.117 T:139672691595392   DEBUG: Keyboard: scancode: 0x72, sym: 0x0113, unicode: 0x0000, modifier: 0x0
14:54:12.118 T:139672691595392   DEBUG: OnKey: right (0xf083) pressed, action is Right
14:54:12.278 T:139669610145536  NOTICE: [PTV Preset Timer] DEBUG: Today is Sunday (weekday=6)
14:54:12.278 T:139669610145536  NOTICE: [PTV Preset Timer] DEBUG: Setting name: SundayPreset
14:54:12.278 T:139669610145536  NOTICE: [PTV Preset Timer] DEBUG: Raw preset value: '3' (int: 3)
14:54:12.278 T:139669610145536  NOTICE: [PTV Preset Timer] DEBUG: Available presets: ['Alpha', 'Omega', 'Delta', 'Epsilon', 'Gamma', 'Sigma', 'Omicron', 'Theta', 'Lambda']
14:54:12.278 T:139669610145536  NOTICE: [PTV Preset Timer] Today's preset for Sunday: Delta (index=2)
14:54:12.358 T:139672691595392   DEBUG: Keyboard: scancode: 0x72, sym: 0x0113, unicode: 0x0000, modifier: 0x0
14:54:13.073 T:139672691595392   DEBUG: Keyboard: scancode: 0x74, sym: 0x0112, unicode: 0x0000, modifier: 0x0
14:54:13.073 T:139672691595392   DEBUG: OnKey: down (0xf081) pressed, action is Down
14:54:13.191 T:139672691595392   DEBUG: Keyboard: scancode: 0x74, sym: 0x0112, unicode: 0x0000, modifier: 0x0
14:54:13.525 T:139672691595392   DEBUG: Previous line repeats 1 times.
14:54:13.525 T:139672691595392   DEBUG: OnKey: down (0xf081) pressed, action is Down
14:54:13.653 T:139672691595392   DEBUG: Keyboard: scancode: 0x74, sym: 0x0112, unicode: 0x0000, modifier: 0x0
14:54:13.902 T:139672691595392   DEBUG: Previous line repeats 1 times.
14:54:13.902 T:139672691595392   DEBUG: OnKey: down (0xf081) pressed, action is Down
14:54:13.986 T:139672691595392   DEBUG: Keyboard: scancode: 0x74, sym: 0x0112, unicode: 0x0000, modifier: 0x0
14:54:14.066 T:139672691595392   DEBUG: Previous line repeats 1 times.
14:54:14.066 T:139672691595392   DEBUG: OnKey: down (0xf081) pressed, action is Down
14:54:14.192 T:139672691595392   DEBUG: Keyboard: scancode: 0x74, sym: 0x0112, unicode: 0x0000, modifier: 0x0
14:54:14.233 T:139672691595392   DEBUG: Previous line repeats 1 times.
14:54:14.233 T:139672691595392   DEBUG: OnKey: down (0xf081) pressed, action is Down
14:54:14.358 T:139672691595392   DEBUG: Keyboard: scancode: 0x74, sym: 0x0112, unicode: 0x0000, modifier: 0x0
14:54:15.072 T:139672691595392   DEBUG: Keyboard: scancode: 0x71, sym: 0x0114, unicode: 0x0000, modifier: 0x0
14:54:15.072 T:139672691595392   DEBUG: OnKey: left (0xf082) pressed, action is Left
14:54:15.081 T:139669386405632   ERROR: EXCEPTION: Non-Existent Control 1900
14:54:15.081 T:139669386405632   ERROR: ## LibreELEC Addon ## oeWindows.mainWindow::onFocus(1000) ## ERROR: (RuntimeError('Non-Existent Control 1900',))
14:54:15.081 T:139669386405632   ERROR: Traceback (most recent call last):
                                              File "/home/chewitt/LibreELEC.82-images/build.LibreELEC-Generic.x86_64-8.2.5/LibreELEC-settings-0768930/.install_pkg/usr/share/kodi/addons/service.libreelec.settings/resources/lib/oeWindows.py", line 385, in onFocus
                                            RuntimeError: Non-Existent Control 1900
14:54:15.150 T:139669386405632   ERROR: EXCEPTION: Non-Existent Control 1900
14:54:15.151 T:139669386405632   ERROR: ## LibreELEC Addon ## oeWindows.mainWindow::onFocus(1000) ## ERROR: (RuntimeError('Non-Existent Control 1900',))
14:54:15.151 T:139669386405632   ERROR: Traceback (most recent call last):
                                              File "/home/chewitt/LibreELEC.82-images/build.LibreELEC-Generic.x86_64-8.2.5/LibreELEC-settings-0768930/.install_pkg/usr/share/kodi/addons/service.libreelec.settings/resources/lib/oeWindows.py", line 385, in onFocus
                                            RuntimeError: Non-Existent Control 1900
14:54:15.232 T:139672691595392   DEBUG: Keyboard: scancode: 0x71, sym: 0x0114, unicode: 0x0000, modifier: 0x0
14:54:15.661 T:139672691595392   DEBUG: Keyboard: scancode: 0x74, sym: 0x0112, unicode: 0x0000, modifier: 0x0
14:54:15.661 T:139672691595392   DEBUG: OnKey: down (0xf081) pressed, action is Down
14:54:15.692 T:139669386405632   ERROR: EXCEPTION: Non-Existent Control 1900
14:54:15.692 T:139669386405632   ERROR: ## LibreELEC Addon ## oeWindows.mainWindow::onFocus(1000) ## ERROR: (RuntimeError('Non-Existent Control 1900',))
14:54:15.693 T:139669386405632   ERROR: Traceback (most recent call last):
                                              File "/home/chewitt/LibreELEC.82-images/build.LibreELEC-Generic.x86_64-8.2.5/LibreELEC-settings-0768930/.install_pkg/usr/share/kodi/addons/service.libreelec.settings/resources/lib/oeWindows.py", line 385, in onFocus
                                            RuntimeError: Non-Existent Control 1900
14:54:15.774 T:139672691595392   DEBUG: Keyboard: scancode: 0x74, sym: 0x0112, unicode: 0x0000, modifier: 0x0
14:54:16.483 T:139672691595392   DEBUG: Keyboard: scancode: 0x72, sym: 0x0113, unicode: 0x0000, modifier: 0x0
14:54:16.483 T:139672691595392   DEBUG: OnKey: right (0xf083) pressed, action is Right
14:54:16.652 T:139672691595392   DEBUG: Keyboard: scancode: 0x72, sym: 0x0113, unicode: 0x0000, modifier: 0x0
14:54:17.069 T:139672691595392   DEBUG: Keyboard: scancode: 0x74, sym: 0x0112, unicode: 0x0000, modifier: 0x0
14:54:17.069 T:139672691595392   DEBUG: OnKey: down (0xf081) pressed, action is Down
14:54:17.191 T:139672691595392   DEBUG: Keyboard: scancode: 0x74, sym: 0x0112, unicode: 0x0000, modifier: 0x0
14:54:17.234 T:139672691595392   DEBUG: Previous line repeats 1 times.
14:54:17.234 T:139672691595392   DEBUG: OnKey: down (0xf081) pressed, action is Down
14:54:17.358 T:139672691595392   DEBUG: Keyboard: scancode: 0x74, sym: 0x0112, unicode: 0x0000, modifier: 0x0
14:54:17.441 T:139672691595392   DEBUG: Previous line repeats 1 times.
14:54:17.441 T:139672691595392   DEBUG: OnKey: down (0xf081) pressed, action is Down
14:54:17.567 T:139672691595392   DEBUG: Keyboard: scancode: 0x74, sym: 0x0112, unicode: 0x0000, modifier: 0x0
14:54:18.113 T:139672691595392   DEBUG: Keyboard: scancode: 0x71, sym: 0x0114, unicode: 0x0000, modifier: 0x0
14:54:18.113 T:139672691595392   DEBUG: OnKey: left (0xf082) pressed, action is Left
14:54:18.120 T:139669386405632   ERROR: EXCEPTION: Non-Existent Control 1900
14:54:18.120 T:139669386405632   ERROR: ## LibreELEC Addon ## oeWindows.mainWindow::onFocus(1000) ## ERROR: (RuntimeError('Non-Existent Control 1900',))
