15:06:40.410 T:140362039404288   ERROR: [PTV Shutdown Timer] Shutdown should trigger: False (Action: 1)
15:06:40.500 T:140364906031232   DEBUG: OnKey: browser_back (0xf0b0) pressed, action is Back
15:06:40.500 T:140364906031232   DEBUG: CGUIWindowManager::PreviousWindow: Deactivate
15:06:40.694 T:140364906031232   DEBUG: ------ Window Deinit (Settings.xml) ------
15:06:40.695 T:140364906031232   DEBUG: CGUIWindowManager::PreviousWindow: Activate new
15:06:40.695 T:140364906031232   DEBUG: ------ Window Init (Home.xml) ------
15:06:40.709 T:140362064582400   DEBUG: Thread Timer start, auto delete: false
15:06:40.722 T:140363912148736   DEBUG: Thread LanguageInvoker start, auto delete: false
15:06:40.722 T:140363912148736    INFO: initializing python engine.
15:06:40.722 T:140364906031232   DEBUG: started alarm with name: clear
15:06:40.722 T:140363912148736   DEBUG: CPythonInvoker(16, /storage/.kodi/addons/script.skinshortcuts/default.py): start processing
15:06:40.722 T:140364906031232   DEBUG: Keyboard: scancode: 0xa6, sym: 0x00a6, unicode: 0x0000, modifier: 0x0
15:06:40.722 T:140362718885632   DEBUG: CRecentlyAddedJob::UpdateMusic() - Running RecentlyAdded home screen update
15:06:40.732 T:140362718885632   DEBUG: GetRecentlyAddedAlbumSongs() query: SELECT songview.*, songartistview.* FROM (SELECT idAlbum FROM album ORDER BY idAlbum DESC LIMIT 10) AS recentalbums JOIN songview ON songview.idAlbum = recentalbums.idAlbum JOIN songartistview ON songview.idSong = songartistview.idSong ORDER BY songview.idAlbum DESC, songview.idSong, songartistview.idRole, songartistview.iOrder
15:06:40.736 T:140363912148736   DEBUG: -->Python Interpreter Initialized<--
15:06:40.736 T:140363912148736   DEBUG: CPythonInvoker(16, /storage/.kodi/addons/script.skinshortcuts/default.py): the source file to load is "/storage/.kodi/addons/script.skinshortcuts/default.py"
15:06:40.737 T:140363912148736   DEBUG: CPythonInvoker(16, /storage/.kodi/addons/script.skinshortcuts/default.py): setting the Python path to /storage/.kodi/addons/script.skinshortcuts:/storage/.kodi/addons/script.module.simplejson/lib:/storage/.kodi/addons/script.module.unidecode/lib:/usr/lib/python27.zip:/usr/lib/python2.7:/usr/lib/python2.7/plat-linux2:/usr/lib/python2.7/lib-tk:/usr/lib/python2.7/lib-old:/usr/lib/python2.7/lib-dynload:/usr/lib/python2.7/site-packages:/usr/lib/python2.7/site-packages/gtk-2.0
15:06:40.737 T:140363912148736   DEBUG: CPythonInvoker(16, /storage/.kodi/addons/script.skinshortcuts/default.py): entering source directory /storage/.kodi/addons/script.skinshortcuts
15:06:40.737 T:140363912148736   DEBUG: CPythonInvoker(16, /storage/.kodi/addons/script.skinshortcuts/default.py): instantiating addon using automatically obtained id of "script.skinshortcuts" dependent on version 2.20.0 of the xbmc.python api
15:06:40.744 T:140362718885632   DEBUG: GetRecentlyAddedAlbums query: SELECT albumview.*, albumartistview.* FROM (SELECT idAlbum FROM album WHERE strAlbum != '' ORDER BY idAlbum DESC LIMIT 10) AS recentalbums JOIN albumview ON albumview.idAlbum = recentalbums.idAlbum JOIN albumartistview ON albumview.idAlbum = albumartistview.idAlbum ORDER BY albumview.idAlbum desc, albumartistview.iOrder
15:06:40.775 T:140364906031232   DEBUG: ------ Window Init (Custom_RSS.xml) ------
15:06:40.775 T:140364906031232   DEBUG: ------ Window Init (Custom_Refresh.xml) ------
15:06:40.775 T:140362718885632   DEBUG: CRecentlyAddedJob::UpdateVideos() - Running RecentlyAdded home screen update
15:06:40.783 T:140363912148736    INFO: CPythonInvoker(16, /storage/.kodi/addons/script.skinshortcuts/default.py): script successfully run
15:06:40.796 T:140362064582400   DEBUG: Thread Timer 140362064582400 terminating
15:06:40.796 T:140363440297728   DEBUG: Thread Timer start, auto delete: false
15:06:40.798 T:140363440297728   DEBUG: Thread Timer 140363440297728 terminating
15:06:40.798 T:140362064582400   DEBUG: Thread Timer start, auto delete: false
15:06:40.807 T:140362718885632   DEBUG: RunQuery took 28 ms for 10 items query: select * from movie_view  ORDER BY dateAdded desc, idMovie desc LIMIT 10
15:06:40.815 T:140362718885632   DEBUG: RunQuery took 0 ms for 10 items query: select * from episode_view  ORDER BY dateAdded desc, idEpisode desc LIMIT 10
15:06:40.817 T:140364887099136   DEBUG: DoWork - trying to extract thumb from video file nfs://10.0.0.39/mnt/user/TELEVISION/Unhappily Ever After/Season 5/05x09 - Smart and Stupid.avi
15:06:40.823 T:140362718885632   DEBUG: RunQuery took 1 ms for 0 items query: select * from musicvideo_view  ORDER BY dateAdded desc, idMVideo desc LIMIT 10
15:06:40.824 T:140362718885632   DEBUG: CRecentlyAddedJob::UpdateTotal() - Running RecentlyAdded home screen update
15:06:40.826 T:140362718885632   DEBUG: GetArtistsByWhere query: SELECT COUNT(DISTINCT artistview.idArtist) FROM artistview  WHERE (EXISTS (SELECT 1 FROM album_artist WHERE album_artist.idArtist = artistview.idArtist)) AND (artistview.strArtist != '')
15:06:40.827 T:140363912148736    INFO: Python script stopped
15:06:40.827 T:140364906031232   DEBUG: ------ Window Deinit (Custom_Refresh.xml) ------
15:06:40.827 T:140363912148736   DEBUG: Thread LanguageInvoker 140363912148736 terminating
15:06:40.827 T:140364887099136    INFO: CNFSFile::Open: Unable to open file : 'mnt/user/TELEVISION/Unhappily Ever After/Season 5/05x09 - Smart and Stupid.avi'  error : 'open call failed with "NFS: Lookup of /Unhappily Ever After/Season 5/05x09 - Smart and Stupid.avi failed with NFS3ERR_NOENT(-2)"'
15:06:40.827 T:140364887099136   ERROR: InputStream: Error opening, nfs://10.0.0.39/mnt/user/TELEVISION/Unhappily Ever After/Season 5/05x09 - Smart and Stupid.avi
15:06:41.299 T:140362064582400   DEBUG: Thread Timer 140362064582400 terminating
15:06:41.481 T:140364906031232   DEBUG: Keyboard: scancode: 0x74, sym: 0x0112, unicode: 0x0000, modifier: 0x0
15:06:41.481 T:140364906031232   DEBUG: OnKey: down (0xf081) pressed, action is Down
15:06:41.611 T:140364906031232   DEBUG: Keyboard: scancode: 0x74, sym: 0x0112, unicode: 0x0000, modifier: 0x0
15:06:41.955 T:140364906031232   DEBUG: Previous line repeats 1 times.
15:06:41.955 T:140364906031232   DEBUG: OnKey: down (0xf081) pressed, action is Down
15:06:42.064 T:140364906031232   DEBUG: Keyboard: scancode: 0x74, sym: 0x0112, unicode: 0x0000, modifier: 0x0
15:06:42.528 T:140364906031232   DEBUG: Previous line repeats 1 times.
15:06:42.528 T:140364906031232   DEBUG: OnKey: down (0xf081) pressed, action is Down
15:06:42.648 T:140364906031232   DEBUG: Keyboard: scancode: 0x74, sym: 0x0112, unicode: 0x0000, modifier: 0x0
15:06:43.071 T:140364906031232   DEBUG: Previous line repeats 1 times.
15:06:43.071 T:140364906031232   DEBUG: OnKey: down (0xf081) pressed, action is Down
15:06:43.227 T:140364906031232   DEBUG: Keyboard: scancode: 0x74, sym: 0x0112, unicode: 0x0000, modifier: 0x0
15:06:43.453 T:140362031011584  NOTICE: [PTV Preset Timer] DEBUG: Today is Sunday (weekday=6)
15:06:43.453 T:140362031011584  NOTICE: [PTV Preset Timer] DEBUG: Setting name: SundayPreset
15:06:43.453 T:140362031011584  NOTICE: [PTV Preset Timer] DEBUG: Raw preset value: '3' (int: 3)
15:06:43.453 T:140362031011584  NOTICE: [PTV Preset Timer] DEBUG: Available presets: ['Alpha', 'Omega', 'Delta', 'Epsilon', 'Gamma', 'Sigma', 'Omicron', 'Theta', 'Lambda']
15:06:43.453 T:140362031011584  NOTICE: [PTV Preset Timer] Today's preset for Sunday: Delta (index=2)
15:06:43.556 T:140364906031232   DEBUG: Keyboard: scancode: 0x74, sym: 0x0112, unicode: 0x0000, modifier: 0x0
15:06:43.556 T:140364906031232   DEBUG: OnKey: down (0xf081) pressed, action is Down
15:06:43.678 T:140364906031232   DEBUG: Keyboard: scancode: 0x74, sym: 0x0112, unicode: 0x0000, modifier: 0x0
15:06:44.130 T:140364906031232   DEBUG: Previous line repeats 1 times.
15:06:44.130 T:140364906031232   DEBUG: OnKey: down (0xf081) pressed, action is Down
15:06:44.279 T:140364906031232   DEBUG: Keyboard: scancode: 0x74, sym: 0x0112, unicode: 0x0000, modifier: 0x0
15:06:44.880 T:140364906031232   DEBUG: Previous line repeats 1 times.
15:06:44.880 T:140364906031232   DEBUG: OnKey: down (0xf081) pressed, action is Down
15:06:45.013 T:140364906031232   DEBUG: Keyboard: scancode: 0x74, sym: 0x0112, unicode: 0x0000, modifier: 0x0
15:06:45.424 T:140364906031232   DEBUG: Keyboard: scancode: 0x24, sym: 0x000d, unicode: 0x000d, modifier: 0x0
15:06:45.570 T:140364906031232   DEBUG: OnKey: return (0xf00d) pressed, action is Select
15:06:45.570 T:140364906031232   DEBUG: Activating window ID: 10001
15:06:45.827 T:140364906031232   DEBUG: ------ Window Deinit (Home.xml) ------
15:06:45.833 T:140364906031232   DEBUG: [Warning] CGUITextureManager::GetTexturePath: could not find texture 'DefaultAddonProgram.png'
15:06:45.833 T:140364906031232   DEBUG: ------ Window Init (MyPrograms.xml) ------
15:06:45.833 T:140364906031232    INFO: Loading skin file: MyPrograms.xml, load type: KEEP_IN_MEMORY
15:06:45.835 T:140364906031232 WARNING: Skin has invalid include: ParagonView
15:06:45.835 T:140364906031232 WARNING: Skin has invalid include: ThumbnailsView
15:06:45.835 T:140364906031232 WARNING: Skin has invalid include: ParagonView
15:06:45.835 T:140364906031232 WARNING: Skin has invalid include: ThumbnailsView
15:06:45.836 T:140364906031232 WARNING: Skin has invalid include: ListView_Arrows
15:06:45.862 T:140364906031232   DEBUG: [Warning] CGUITextureManager::GetTexturePath: could not find texture 'DefaultAddonProgram.png'
15:06:45.864 T:140364906031232   DEBUG: [Warning] CGUITextureManager::GetTexturePath: could not find texture 'buttons/catbullet_nf.png'
15:06:45.864 T:140364906031232   DEBUG: CDirectoryProvider[plugin://script.skin.helper.service/?action=alphabet&reload=]: refreshing..
15:06:45.865 T:140364906031232   DEBUG: Previous line repeats 1 times.
15:06:45.865 T:140364906031232   DEBUG: CGUIMediaWindow::GetDirectory (addons://sources/executable/)
15:06:45.865 T:140364906031232   DEBUG:   ParentPath = [addons://sources/executable/]
15:06:45.865 T:140362718885632   DEBUG: StartScript - calling plugin Skin Helper Service('plugin://script.skin.helper.service/','1','?action=alphabet&reload=')
15:06:45.865 T:140362064582400   DEBUG: Thread LanguageInvoker start, auto delete: false
15:06:45.865 T:140364887099136   DEBUG: StartScript - calling plugin Skin Helper Service('plugin://script.skin.helper.service/','2','?action=alphabet&reload=')
15:06:45.865 T:140362064582400    INFO: initializing python engine.
15:06:45.865 T:140362064582400   DEBUG: CPythonInvoker(17, /storage/.kodi/addons/script.skin.helper.service/plugin.py): start processing
15:06:45.865 T:140363912148736   DEBUG: Thread LanguageInvoker start, auto delete: false
15:06:45.865 T:140363912148736    INFO: initializing python engine.
15:06:45.865 T:140363912148736   DEBUG: CPythonInvoker(18, /storage/.kodi/addons/script.skin.helper.service/plugin.py): start processing
15:06:45.868 T:140363440297728   DEBUG: Thread BackgroundLoader start, auto delete: false
15:06:45.870 T:140363440297728   DEBUG: Thread BackgroundLoader 140363440297728 terminating
15:06:45.871 T:140362064582400   DEBUG: -->Python Interpreter Initialized<--
15:06:45.871 T:140362064582400   DEBUG: CPythonInvoker(17, /storage/.kodi/addons/script.skin.helper.service/plugin.py): the source file to load is "/storage/.kodi/addons/script.skin.helper.service/plugin.py"
15:06:45.872 T:140364906031232   DEBUG: [Warning] CGUITextureManager::GetTexturePath: could not find texture 'DefaultAddonProgram.png'
15:06:45.872 T:140364906031232   DEBUG: Keyboard: scancode: 0x24, sym: 0x000d, unicode: 0x0000, modifier: 0x0
15:06:45.872 T:140362064582400   DEBUG: CPythonInvoker(17, /storage/.kodi/addons/script.skin.helper.service/plugin.py): setting the Python path to /storage/.kodi/addons/script.skin.helper.service:/storage/.kodi/addons/script.module.arrow/lib:/storage/.kodi/addons/script.module.backports.functools_lru_cache/lib:/storage/.kodi/addons/script.module.beautifulsoup/lib:/storage/.kodi/addons/script.module.certifi/lib:/storage/.kodi/addons/script.module.chardet/lib:/storage/.kodi/addons/script.module.dateutil/lib:/storage/.kodi/addons/script.module.idna/lib:/storage/.kodi/addons/script.module.metadatautils/lib:/storage/.kodi/addons/script.module.musicbrainz/lib:/storage/.kodi/addons/script.module.requests/lib:/storage/.kodi/addons/script.module.simplecache/lib:/storage/.kodi/addons/script.module.simplejson/lib:/storage/.kodi/addons/script.module.six/lib:/storage/.kodi/addons/script.module.thetvdb/lib:/storage/.kodi/addons/script.module.urllib3/lib:/usr/lib/python27.zip:/usr/lib/python2.7:/usr/lib/python2.7/plat-linux2:/usr/lib/python2.7/lib-tk:/usr/lib/python2.7/lib-old:/usr/lib/python2.7/lib-dynload:/usr/lib/python2.7/site-packages:/usr/lib/python2.7/site-packages/gtk-2.0
15:06:45.872 T:140362064582400   DEBUG: CPythonInvoker(17, /storage/.kodi/addons/script.skin.helper.service/plugin.py): entering source directory /storage/.kodi/addons/script.skin.helper.service
15:06:45.875 T:140362064582400   DEBUG: CPythonInvoker(17, /storage/.kodi/addons/script.skin.helper.service/plugin.py): instantiating addon using automatically obtained id of "script.skin.helper.service" dependent on version 2.13.0 of the xbmc.python api
15:06:45.877 T:140364906031232   DEBUG: [Warning] CGUITextureManager::GetTexturePath: could not find texture 'icons/logo.png'
15:06:45.877 T:140363440297728   DEBUG: Thread JobWorker start, auto delete: true
15:06:45.877 T:140364906031232   DEBUG: [Warning] CGUITextureManager::GetTexturePath: could not find texture 'views/other/panel_logo.png'
15:06:45.877 T:140363440297728   DEBUG: [Warning] CGUITextureManager::GetTexturePath: could not find texture 'icons/logo.png'
15:06:45.877 T:140363922634496   DEBUG: Thread JobWorker start, auto delete: true
15:06:45.877 T:140363440297728   DEBUG: [Warning] CGUITextureManager::GetTexturePath: could not find texture 'views/other/panel_logo.png'
15:06:45.878 T:140364906031232   DEBUG: CDirectoryProvider[plugin://script.skin.helper.service/?action=alphabet&reload=7]: refreshing..
15:06:45.878 T:140363922634496   DEBUG: Previous line repeats 1 times.
15:06:45.878 T:140363922634496   DEBUG: StartScript - calling plugin Skin Helper Service('plugin://script.skin.helper.service/','3','?action=alphabet&reload=7')
15:06:45.878 T:140363874395904   DEBUG: Thread LanguageInvoker start, auto delete: false
15:06:45.878 T:140363874395904    INFO: initializing python engine.
15:06:45.878 T:140363874395904   DEBUG: CPythonInvoker(19, /storage/.kodi/addons/script.skin.helper.service/plugin.py): start processing
15:06:46.013 T:140362064582400   DEBUG: Skin Helper Simplecache --> Initialized
15:06:46.013 T:140362064582400   DEBUG: Skin Helper Service --> plugin called with parameters: {u'action': u'alphabet'}
15:06:46.013 T:140363912148736   DEBUG: -->Python Interpreter Initialized<--
15:06:46.013 T:140363912148736   DEBUG: CPythonInvoker(18, /storage/.kodi/addons/script.skin.helper.service/plugin.py): the source file to load is "/storage/.kodi/addons/script.skin.helper.service/plugin.py"
15:06:46.014 T:140363912148736   DEBUG: CPythonInvoker(18, /storage/.kodi/addons/script.skin.helper.service/plugin.py): setting the Python path to /storage/.kodi/addons/script.skin.helper.service:/storage/.kodi/addons/script.module.arrow/lib:/storage/.kodi/addons/script.module.backports.functools_lru_cache/lib:/storage/.kodi/addons/script.module.beautifulsoup/lib:/storage/.kodi/addons/script.module.certifi/lib:/storage/.kodi/addons/script.module.chardet/lib:/storage/.kodi/addons/script.module.dateutil/lib:/storage/.kodi/addons/script.module.idna/lib:/storage/.kodi/addons/script.module.metadatautils/lib:/storage/.kodi/addons/script.module.musicbrainz/lib:/storage/.kodi/addons/script.module.requests/lib:/storage/.kodi/addons/script.module.simplecache/lib:/storage/.kodi/addons/script.module.simplejson/lib:/storage/.kodi/addons/script.module.six/lib:/storage/.kodi/addons/script.module.thetvdb/lib:/storage/.kodi/addons/script.module.urllib3/lib:/usr/lib/python27.zip:/usr/lib/python2.7:/usr/lib/python2.7/plat-linux2:/usr/lib/python2.7/lib-tk:/usr/lib/python2.7/lib-old:/usr/lib/python2.7/lib-dynload:/usr/lib/python2.7/site-packages:/usr/lib/python2.7/site-packages/gtk-2.0
15:06:46.014 T:140363912148736   DEBUG: CPythonInvoker(18, /storage/.kodi/addons/script.skin.helper.service/plugin.py): entering source directory /storage/.kodi/addons/script.skin.helper.service
15:06:46.017 T:140363912148736   DEBUG: CPythonInvoker(18, /storage/.kodi/addons/script.skin.helper.service/plugin.py): instantiating addon using automatically obtained id of "script.skin.helper.service" dependent on version 2.13.0 of the xbmc.python api
15:06:46.093 T:140364906031232   DEBUG: ------ Window Deinit (Custom_RSS.xml) ------
15:06:46.157 T:140363874395904   DEBUG: -->Python Interpreter Initialized<--
15:06:46.157 T:140363874395904   DEBUG: CPythonInvoker(19, /storage/.kodi/addons/script.skin.helper.service/plugin.py): the source file to load is "/storage/.kodi/addons/script.skin.helper.service/plugin.py"
15:06:46.158 T:140363874395904   DEBUG: CPythonInvoker(19, /storage/.kodi/addons/script.skin.helper.service/plugin.py): setting the Python path to /storage/.kodi/addons/script.skin.helper.service:/storage/.kodi/addons/script.module.arrow/lib:/storage/.kodi/addons/script.module.backports.functools_lru_cache/lib:/storage/.kodi/addons/script.module.beautifulsoup/lib:/storage/.kodi/addons/script.module.certifi/lib:/storage/.kodi/addons/script.module.chardet/lib:/storage/.kodi/addons/script.module.dateutil/lib:/storage/.kodi/addons/script.module.idna/lib:/storage/.kodi/addons/script.module.metadatautils/lib:/storage/.kodi/addons/script.module.musicbrainz/lib:/storage/.kodi/addons/script.module.requests/lib:/storage/.kodi/addons/script.module.simplecache/lib:/storage/.kodi/addons/script.module.simplejson/lib:/storage/.kodi/addons/script.module.six/lib:/storage/.kodi/addons/script.module.thetvdb/lib:/storage/.kodi/addons/script.module.urllib3/lib:/usr/lib/python27.zip:/usr/lib/python2.7:/usr/lib/python2.7/plat-linux2:/usr/lib/python2.7/lib-tk:/usr/lib/python2.7/lib-old:/usr/lib/python2.7/lib-dynload:/usr/lib/python2.7/site-packages:/usr/lib/python2.7/site-packages/gtk-2.0
15:06:46.158 T:140363874395904   DEBUG: CPythonInvoker(19, /storage/.kodi/addons/script.skin.helper.service/plugin.py): entering source directory /storage/.kodi/addons/script.skin.helper.service
15:06:46.158 T:140363912148736   DEBUG: Skin Helper Simplecache --> Initialized
15:06:46.158 T:140363912148736   DEBUG: Skin Helper Service --> plugin called with parameters: {u'action': u'alphabet'}
15:06:46.158 T:140363874395904   DEBUG: CPythonInvoker(19, /storage/.kodi/addons/script.skin.helper.service/plugin.py): instantiating addon using automatically obtained id of "script.skin.helper.service" dependent on version 2.13.0 of the xbmc.python api
15:06:46.301 T:140363874395904   DEBUG: Skin Helper Simplecache --> Initialized
15:06:46.301 T:140363874395904   DEBUG: Skin Helper Service --> plugin called with parameters: {u'action': u'alphabet', u'reload': u'7'}
15:06:46.347 T:140362064582400   DEBUG: Skin Helper Simplecache --> Closed
15:06:46.349 T:140362064582400    INFO: CPythonInvoker(17, /storage/.kodi/addons/script.skin.helper.service/plugin.py): script successfully run
15:06:46.368 T:140362064582400    INFO: Python script stopped
15:06:46.368 T:140362064582400   DEBUG: Thread LanguageInvoker 140362064582400 terminating
15:06:46.370 T:140362718885632   DEBUG: StartScript - calling plugin Skin Helper Service('plugin://script.skin.helper.service/','4','?action=alphabet&reload=7')
15:06:46.370 T:140362064582400   DEBUG: Thread LanguageInvoker start, auto delete: false
15:06:46.371 T:140362064582400    INFO: initializing python engine.
15:06:46.371 T:140362064582400   DEBUG: CPythonInvoker(20, /storage/.kodi/addons/script.skin.helper.service/plugin.py): start processing
15:06:46.380 T:140362064582400   DEBUG: -->Python Interpreter Initialized<--
15:06:46.380 T:140362064582400   DEBUG: CPythonInvoker(20, /storage/.kodi/addons/script.skin.helper.service/plugin.py): the source file to load is "/storage/.kodi/addons/script.skin.helper.service/plugin.py"
15:06:46.380 T:140362064582400   DEBUG: CPythonInvoker(20, /storage/.kodi/addons/script.skin.helper.service/plugin.py): setting the Python path to /storage/.kodi/addons/script.skin.helper.service:/storage/.kodi/addons/script.module.arrow/lib:/storage/.kodi/addons/script.module.backports.functools_lru_cache/lib:/storage/.kodi/addons/script.module.beautifulsoup/lib:/storage/.kodi/addons/script.module.certifi/lib:/storage/.kodi/addons/script.module.chardet/lib:/storage/.kodi/addons/script.module.dateutil/lib:/storage/.kodi/addons/script.module.idna/lib:/storage/.kodi/addons/script.module.metadatautils/lib:/storage/.kodi/addons/script.module.musicbrainz/lib:/storage/.kodi/addons/script.module.requests/lib:/storage/.kodi/addons/script.module.simplecache/lib:/storage/.kodi/addons/script.module.simplejson/lib:/storage/.kodi/addons/script.module.six/lib:/storage/.kodi/addons/script.module.thetvdb/lib:/storage/.kodi/addons/script.module.urllib3/lib:/usr/lib/python27.zip:/usr/lib/python2.7:/usr/lib/python2.7/plat-linux2:/usr/lib/python2.7/lib-tk:/usr/lib/python2.7/lib-old:/usr/lib/python2.7/lib-dynload:/usr/lib/python2.7/site-packages:/usr/lib/python2.7/site-packages/gtk-2.0
15:06:46.380 T:140362064582400   DEBUG: CPythonInvoker(20, /storage/.kodi/addons/script.skin.helper.service/plugin.py): entering source directory /storage/.kodi/addons/script.skin.helper.service
15:06:46.380 T:140362064582400   DEBUG: CPythonInvoker(20, /storage/.kodi/addons/script.skin.helper.service/plugin.py): instantiating addon using automatically obtained id of "script.skin.helper.service" dependent on version 2.13.0 of the xbmc.python api
15:06:46.412 T:140363912148736   DEBUG: Skin Helper Simplecache --> Closed
15:06:46.412 T:140363912148736    INFO: CPythonInvoker(18, /storage/.kodi/addons/script.skin.helper.service/plugin.py): script successfully run
15:06:46.416 T:140363912148736    INFO: Python script stopped
15:06:46.416 T:140363912148736   DEBUG: Thread LanguageInvoker 140363912148736 terminating
15:06:46.522 T:140362064582400   DEBUG: Skin Helper Simplecache --> Initialized
15:06:46.522 T:140362064582400   DEBUG: Skin Helper Service --> plugin called with parameters: {u'action': u'alphabet', u'reload': u'7'}
15:06:46.543 T:140363874395904   DEBUG: Skin Helper Simplecache --> Closed
15:06:46.544 T:140363874395904    INFO: CPythonInvoker(19, /storage/.kodi/addons/script.skin.helper.service/plugin.py): script successfully run
15:06:46.548 T:140363874395904    INFO: Python script stopped
15:06:46.548 T:140363874395904   DEBUG: Thread LanguageInvoker 140363874395904 terminating
15:06:46.560 T:140362064582400   DEBUG: Skin Helper Simplecache --> Closed
15:06:46.560 T:140362064582400    INFO: CPythonInvoker(20, /storage/.kodi/addons/script.skin.helper.service/plugin.py): script successfully run
15:06:46.565 T:140362064582400    INFO: Python script stopped
15:06:46.565 T:140362064582400   DEBUG: Thread LanguageInvoker 140362064582400 terminating
15:06:47.915 T:140364906031232   DEBUG: Keyboard: scancode: 0x74, sym: 0x0112, unicode: 0x0000, modifier: 0x0
15:06:47.915 T:140364906031232   DEBUG: OnKey: down (0xf081) pressed, action is Down
15:06:48.046 T:140364906031232   DEBUG: Keyboard: scancode: 0x74, sym: 0x0112, unicode: 0x0000, modifier: 0x0
15:06:48.080 T:140364906031232   DEBUG: Previous line repeats 1 times.
15:06:48.080 T:140364906031232   DEBUG: OnKey: down (0xf081) pressed, action is Down
15:06:48.229 T:140364906031232   DEBUG: Keyboard: scancode: 0x74, sym: 0x0112, unicode: 0x0000, modifier: 0x0
15:06:48.296 T:140364906031232   DEBUG: Previous line repeats 1 times.
15:06:48.296 T:140364906031232   DEBUG: OnKey: down (0xf081) pressed, action is Down
15:06:48.396 T:140364906031232   DEBUG: Keyboard: scancode: 0x74, sym: 0x0112, unicode: 0x0000, modifier: 0x0
15:06:48.807 T:140364906031232   DEBUG: Previous line repeats 1 times.
15:06:48.807 T:140364906031232   DEBUG: OnKey: down (0xf081) pressed, action is Down
15:06:48.949 T:140364906031232   DEBUG: Keyboard: scancode: 0x74, sym: 0x0112, unicode: 0x0000, modifier: 0x0
15:06:49.430 T:140364906031232   DEBUG: Keyboard: scancode: 0x24, sym: 0x000d, unicode: 0x000d, modifier: 0x0
15:06:49.546 T:140364906031232   DEBUG: OnKey: return (0xf00d) pressed, action is Select
15:06:49.548 T:140364906031232   DEBUG: Keyboard: scancode: 0x24, sym: 0x000d, unicode: 0x0000, modifier: 0x0
15:06:49.548 T:140363789686528   DEBUG: Thread LanguageInvoker start, auto delete: false
15:06:49.548 T:140363789686528    INFO: initializing python engine.
15:06:49.548 T:140363789686528   DEBUG: CPythonInvoker(21, /usr/share/kodi/addons/service.libreelec.settings/default.py): start processing
15:06:49.560 T:140363440297728   DEBUG: CAddonDatabase::SetLastUsed[service.libreelec.settings] took 12 ms
15:06:49.579 T:140363789686528   DEBUG: -->Python Interpreter Initialized<--
15:06:49.579 T:140363789686528   DEBUG: CPythonInvoker(21, /usr/share/kodi/addons/service.libreelec.settings/default.py): the source file to load is "/usr/share/kodi/addons/service.libreelec.settings/default.py"
15:06:49.579 T:140363789686528   DEBUG: CPythonInvoker(21, /usr/share/kodi/addons/service.libreelec.settings/default.py): setting the Python path to /usr/share/kodi/addons/service.libreelec.settings:/usr/lib/python27.zip:/usr/lib/python2.7:/usr/lib/python2.7/plat-linux2:/usr/lib/python2.7/lib-tk:/usr/lib/python2.7/lib-old:/usr/lib/python2.7/lib-dynload:/usr/lib/python2.7/site-packages:/usr/lib/python2.7/site-packages/gtk-2.0
15:06:49.579 T:140363789686528   DEBUG: CPythonInvoker(21, /usr/share/kodi/addons/service.libreelec.settings/default.py): entering source directory /usr/share/kodi/addons/service.libreelec.settings
15:06:49.579 T:140363789686528   DEBUG: CPythonInvoker(21, /usr/share/kodi/addons/service.libreelec.settings/default.py): instantiating addon using automatically obtained id of "service.libreelec.settings" dependent on version 2.1.0 of the xbmc.python api
15:06:49.583 T:140363789686528    INFO: CPythonInvoker(21, /usr/share/kodi/addons/service.libreelec.settings/default.py): script successfully run
15:06:49.633 T:140363789686528    INFO: Python script stopped
15:06:49.633 T:140363789686528   DEBUG: Thread LanguageInvoker 140363789686528 terminating
15:06:49.633 T:140361652115200    INFO: ## LibreELEC Addon ## _service_::run ## MESSAGE:'openConfigurationWindow'
15:06:49.633 T:140361652115200    INFO: ## LibreELEC Addon ## _service_::run ## WAITING:
15:06:49.643 T:140364906031232   DEBUG: ------ Window Init (/storage/.kodi/addons/skin.paragon/720p/service-LibreELEC-Settings-mainWindow.xml) ------
15:06:49.643 T:140364906031232    INFO: Loading skin file: /storage/.kodi/addons/skin.paragon/720p/service-LibreELEC-Settings-mainWindow.xml, load type: LOAD_ON_GUI_INIT
15:06:49.647 T:140364906031232   DEBUG: CGUIMediaWindow::GetDirectory ()
15:06:49.647 T:140364906031232   DEBUG:   ParentPath = []
15:06:49.651 T:140364906031232   ERROR: Control 1000 in window 13003 has been asked to focus, but it can't
15:06:49.700 T:140364906031232   DEBUG: Activating window ID: 10138
15:06:49.700 T:140364906031232   DEBUG: ------ Window Init (DialogBusy.xml) ------
15:06:49.777 T:140364906031232   DEBUG: ------ Window Deinit (DialogBusy.xml) ------
15:06:50.411 T:140362039404288   ERROR: [PTV Shutdown Timer] Checking schedule 'Bedtime'
15:06:50.411 T:140362039404288   ERROR: [PTV Shutdown Timer] Current time: 15:06
15:06:50.411 T:140362039404288   ERROR: [PTV Shutdown Timer] Shutdown time: 0:15
15:06:50.411 T:140362039404288   ERROR: [PTV Shutdown Timer] Minutes from midnight - Current: 906, Shutdown: 15
15:06:50.411 T:140362039404288   ERROR: [PTV Shutdown Timer] Time match (within window): False
15:06:50.411 T:140362039404288   ERROR: [PTV Shutdown Timer] Current day index: 6
15:06:50.411 T:140362039404288   ERROR: [PTV Shutdown Timer] Day match: False
15:06:50.411 T:140362039404288   ERROR: [PTV Shutdown Timer] Shutdown should trigger: False (Action: 1)
15:06:50.411 T:140362039404288   ERROR: [PTV Shutdown Timer] Checking schedule 'Late Night'
15:06:50.411 T:140362039404288   ERROR: [PTV Shutdown Timer] Current time: 15:06
15:06:50.411 T:140362039404288   ERROR: [PTV Shutdown Timer] Shutdown time: 3:30
15:06:50.411 T:140362039404288   ERROR: [PTV Shutdown Timer] Minutes from midnight - Current: 906, Shutdown: 210
15:06:50.411 T:140362039404288   ERROR: [PTV Shutdown Timer] Time match (within window): False
15:06:50.411 T:140362039404288   ERROR: [PTV Shutdown Timer] Current day index: 6
15:06:50.411 T:140362039404288   ERROR: [PTV Shutdown Timer] Day match: True
15:06:50.411 T:140362039404288   ERROR: [PTV Shutdown Timer] Shutdown should trigger: False (Action: 1)
15:06:50.865 T:140364906031232   DEBUG: Keyboard: scancode: 0x74, sym: 0x0112, unicode: 0x0000, modifier: 0x0
15:06:50.866 T:140364906031232   DEBUG: OnKey: down (0xf081) pressed, action is Down
15:06:50.913 T:140364906031232   DEBUG: Activating window ID: 10138
15:06:50.913 T:140364906031232   DEBUG: ------ Window Init (DialogBusy.xml) ------
15:06:50.927 T:140364906031232   DEBUG: ------ Window Deinit (DialogBusy.xml) ------
15:06:50.983 T:140364906031232   DEBUG: Keyboard: scancode: 0x74, sym: 0x0112, unicode: 0x0000, modifier: 0x0
15:06:51.049 T:140364906031232   DEBUG: Previous line repeats 1 times.
15:06:51.049 T:140364906031232   DEBUG: OnKey: down (0xf081) pressed, action is Down
15:06:51.100 T:140364906031232   DEBUG: Activating window ID: 10138
15:06:51.100 T:140364906031232   DEBUG: ------ Window Init (DialogBusy.xml) ------
15:06:51.116 T:140364906031232   DEBUG: ------ Window Deinit (DialogBusy.xml) ------
15:06:51.183 T:140364906031232   DEBUG: Keyboard: scancode: 0x74, sym: 0x0112, unicode: 0x0000, modifier: 0x0
15:06:52.716 T:140364906031232   DEBUG: Keyboard: scancode: 0x6f, sym: 0x0111, unicode: 0x0000, modifier: 0x0
15:06:52.716 T:140364906031232   DEBUG: OnKey: up (0xf080) pressed, action is Up
15:06:52.762 T:140364906031232   DEBUG: Activating window ID: 10138
15:06:52.762 T:140364906031232   DEBUG: ------ Window Init (DialogBusy.xml) ------
15:06:52.815 T:140364906031232   DEBUG: ------ Window Deinit (DialogBusy.xml) ------
15:06:52.899 T:140364906031232   DEBUG: Keyboard: scancode: 0x6f, sym: 0x0111, unicode: 0x0000, modifier: 0x0
15:06:53.455 T:140362031011584  NOTICE: [PTV Preset Timer] DEBUG: Today is Sunday (weekday=6)
15:06:53.455 T:140362031011584  NOTICE: [PTV Preset Timer] DEBUG: Setting name: SundayPreset
15:06:53.455 T:140362031011584  NOTICE: [PTV Preset Timer] DEBUG: Raw preset value: '3' (int: 3)
15:06:53.455 T:140362031011584  NOTICE: [PTV Preset Timer] DEBUG: Available presets: ['Alpha', 'Omega', 'Delta', 'Epsilon', 'Gamma', 'Sigma', 'Omicron', 'Theta', 'Lambda']
15:06:53.455 T:140362031011584  NOTICE: [PTV Preset Timer] Today's preset for Sunday: Delta (index=2)
15:06:57.382 T:140364906031232   DEBUG: Keyboard: scancode: 0x74, sym: 0x0112, unicode: 0x0000, modifier: 0x0
15:06:57.382 T:140364906031232   DEBUG: OnKey: down (0xf081) pressed, action is Down
15:06:57.432 T:140364906031232   DEBUG: Activating window ID: 10138
15:06:57.432 T:140364906031232   DEBUG: ------ Window Init (DialogBusy.xml) ------
15:06:57.449 T:140364906031232   DEBUG: ------ Window Deinit (DialogBusy.xml) ------
15:06:57.531 T:140364906031232   DEBUG: Keyboard: scancode: 0x74, sym: 0x0112, unicode: 0x0000, modifier: 0x0
15:06:58.266 T:140364906031232   DEBUG: Keyboard: scancode: 0x6f, sym: 0x0111, unicode: 0x0000, modifier: 0x0
15:06:58.266 T:140364906031232   DEBUG: OnKey: up (0xf080) pressed, action is Up
15:06:58.312 T:140364906031232   DEBUG: Activating window ID: 10138
15:06:58.312 T:140364906031232   DEBUG: ------ Window Init (DialogBusy.xml) ------
15:06:58.327 T:140364906031232   DEBUG: ------ Window Deinit (DialogBusy.xml) ------
15:06:58.432 T:140364906031232   DEBUG: Keyboard: scancode: 0x6f, sym: 0x0111, unicode: 0x0000, modifier: 0x0
15:06:58.866 T:140364906031232   DEBUG: Keyboard: scancode: 0x72, sym: 0x0113, unicode: 0x0000, modifier: 0x0
15:06:58.866 T:140364906031232   DEBUG: OnKey: right (0xf083) pressed, action is Right
15:06:59.034 T:140364906031232   DEBUG: Keyboard: scancode: 0x72, sym: 0x0113, unicode: 0x0000, modifier: 0x0
15:06:59.683 T:140364906031232   DEBUG: Keyboard: scancode: 0x74, sym: 0x0112, unicode: 0x0000, modifier: 0x0
15:06:59.683 T:140364906031232   DEBUG: OnKey: down (0xf081) pressed, action is Down
15:06:59.797 T:140364906031232   DEBUG: Keyboard: scancode: 0x74, sym: 0x0112, unicode: 0x0000, modifier: 0x0
15:07:00.412 T:140362039404288   ERROR: [PTV Shutdown Timer] Checking schedule 'Bedtime'
15:07:00.412 T:140362039404288   ERROR: [PTV Shutdown Timer] Current time: 15:07
15:07:00.412 T:140362039404288   ERROR: [PTV Shutdown Timer] Shutdown time: 0:15
15:07:00.412 T:140362039404288   ERROR: [PTV Shutdown Timer] Minutes from midnight - Current: 907, Shutdown: 15
15:07:00.412 T:140362039404288   ERROR: [PTV Shutdown Timer] Time match (within window): False
15:07:00.412 T:140362039404288   ERROR: [PTV Shutdown Timer] Current day index: 6
15:07:00.412 T:140362039404288   ERROR: [PTV Shutdown Timer] Day match: False
15:07:00.412 T:140362039404288   ERROR: [PTV Shutdown Timer] Shutdown should trigger: False (Action: 1)
15:07:00.412 T:140362039404288   ERROR: [PTV Shutdown Timer] Checking schedule 'Late Night'
15:07:00.412 T:140362039404288   ERROR: [PTV Shutdown Timer] Current time: 15:07
15:07:00.413 T:140362039404288   ERROR: [PTV Shutdown Timer] Shutdown time: 3:30
15:07:00.413 T:140362039404288   ERROR: [PTV Shutdown Timer] Minutes from midnight - Current: 907, Shutdown: 210
15:07:00.413 T:140362039404288   ERROR: [PTV Shutdown Timer] Time match (within window): False
15:07:00.413 T:140362039404288   ERROR: [PTV Shutdown Timer] Current day index: 6
15:07:00.413 T:140362039404288   ERROR: [PTV Shutdown Timer] Day match: True
15:07:00.413 T:140362039404288   ERROR: [PTV Shutdown Timer] Shutdown should trigger: False (Action: 1)
15:07:00.499 T:140364906031232   DEBUG: Keyboard: scancode: 0x74, sym: 0x0112, unicode: 0x0000, modifier: 0x0
15:07:00.500 T:140364906031232   DEBUG: OnKey: down (0xf081) pressed, action is Down
15:07:00.634 T:140364906031232   DEBUG: Keyboard: scancode: 0x74, sym: 0x0112, unicode: 0x0000, modifier: 0x0
15:07:01.049 T:140364906031232   DEBUG: Previous line repeats 1 times.
15:07:01.049 T:140364906031232   DEBUG: OnKey: down (0xf081) pressed, action is Down
15:07:01.196 T:140364906031232   DEBUG: Keyboard: scancode: 0x74, sym: 0x0112, unicode: 0x0000, modifier: 0x0
15:07:01.682 T:140364906031232   DEBUG: Previous line repeats 1 times.
15:07:01.682 T:140364906031232   DEBUG: OnKey: down (0xf081) pressed, action is Down
15:07:01.833 T:140364906031232   DEBUG: Keyboard: scancode: 0x74, sym: 0x0112, unicode: 0x0000, modifier: 0x0
15:07:02.166 T:140364906031232   DEBUG: Previous line repeats 1 times.
15:07:02.166 T:140364906031232   DEBUG: OnKey: down (0xf081) pressed, action is Down
15:07:02.316 T:140364906031232   DEBUG: Keyboard: scancode: 0x74, sym: 0x0112, unicode: 0x0000, modifier: 0x0
15:07:03.148 T:140364906031232   DEBUG: Previous line repeats 1 times.
15:07:03.148 T:140364906031232   DEBUG: OnKey: down (0xf081) pressed, action is Down
15:07:03.315 T:140364906031232   DEBUG: Keyboard: scancode: 0x74, sym: 0x0112, unicode: 0x0000, modifier: 0x0
15:07:03.456 T:140362031011584  NOTICE: [PTV Preset Timer] DEBUG: Today is Sunday (weekday=6)
15:07:03.456 T:140362031011584  NOTICE: [PTV Preset Timer] DEBUG: Setting name: SundayPreset
15:07:03.456 T:140362031011584  NOTICE: [PTV Preset Timer] DEBUG: Raw preset value: '3' (int: 3)
15:07:03.456 T:140362031011584  NOTICE: [PTV Preset Timer] DEBUG: Available presets: ['Alpha', 'Omega', 'Delta', 'Epsilon', 'Gamma', 'Sigma', 'Omicron', 'Theta', 'Lambda']
15:07:03.456 T:140362031011584  NOTICE: [PTV Preset Timer] Today's preset for Sunday: Delta (index=2)
15:07:04.014 T:140364906031232   DEBUG: Keyboard: scancode: 0x71, sym: 0x0114, unicode: 0x0000, modifier: 0x0
15:07:04.015 T:140364906031232   DEBUG: OnKey: left (0xf082) pressed, action is Left
15:07:04.148 T:140364906031232   DEBUG: Keyboard: scancode: 0x71, sym: 0x0114, unicode: 0x0000, modifier: 0x0
15:07:04.868 T:140364906031232   DEBUG: Previous line repeats 1 times.
15:07:04.868 T:140364906031232   DEBUG: OnKey: left (0xf082) pressed, action is Left
15:07:05.081 T:140364906031232   DEBUG: Keyboard: scancode: 0x71, sym: 0x0114, unicode: 0x0000, modifier: 0x0
15:07:05.398 T:140364906031232   DEBUG: Keyboard: scancode: 0x74, sym: 0x0112, unicode: 0x0000, modifier: 0x0
15:07:05.398 T:140364906031232   DEBUG: OnKey: down (0xf081) pressed, action is Down
15:07:05.551 T:140364906031232   DEBUG: Keyboard: scancode: 0x74, sym: 0x0112, unicode: 0x0000, modifier: 0x0
15:07:06.282 T:140364906031232   DEBUG: Keyboard: scancode: 0x71, sym: 0x0114, unicode: 0x0000, modifier: 0x0
15:07:06.282 T:140364906031232   DEBUG: OnKey: left (0xf082) pressed, action is Left
15:07:06.465 T:140364906031232   DEBUG: Keyboard: scancode: 0x71, sym: 0x0114, unicode: 0x0000, modifier: 0x0
15:07:06.999 T:140364906031232   DEBUG: Keyboard: scancode: 0x6f, sym: 0x0111, unicode: 0x0000, modifier: 0x0
15:07:07.000 T:140364906031232   DEBUG: OnKey: up (0xf080) pressed, action is Up
15:07:07.200 T:140364906031232   DEBUG: Keyboard: scancode: 0x6f, sym: 0x0111, unicode: 0x0000, modifier: 0x0
15:07:08.616 T:140364906031232   DEBUG: Keyboard: scancode: 0x74, sym: 0x0112, unicode: 0x0000, modifier: 0x0
15:07:08.616 T:140364906031232   DEBUG: OnKey: down (0xf081) pressed, action is Down
15:07:08.666 T:140364906031232   DEBUG: Activating window ID: 10138
15:07:08.666 T:140364906031232   DEBUG: ------ Window Init (DialogBusy.xml) ------
15:07:08.745 T:140364906031232   DEBUG: ------ Window Deinit (DialogBusy.xml) ------
15:07:08.763 T:140364906031232   DEBUG: Keyboard: scancode: 0x74, sym: 0x0112, unicode: 0x0000, modifier: 0x0
15:07:09.816 T:140364906031232   DEBUG: Previous line repeats 1 times.
15:07:09.816 T:140364906031232   DEBUG: OnKey: down (0xf081) pressed, action is Down
15:07:09.864 T:140364906031232   DEBUG: Activating window ID: 10138
15:07:09.864 T:140364906031232   DEBUG: ------ Window Init (DialogBusy.xml) ------
15:07:09.879 T:140364906031232   DEBUG: ------ Window Deinit (DialogBusy.xml) ------
15:07:09.964 T:140364906031232   DEBUG: Keyboard: scancode: 0x74, sym: 0x0112, unicode: 0x0000, modifier: 0x0
15:07:10.414 T:140362039404288   ERROR: [PTV Shutdown Timer] Checking schedule 'Bedtime'
15:07:10.415 T:140362039404288   ERROR: [PTV Shutdown Timer] Current time: 15:07
15:07:10.415 T:140362039404288   ERROR: [PTV Shutdown Timer] Shutdown time: 0:15
15:07:10.415 T:140362039404288   ERROR: [PTV Shutdown Timer] Minutes from midnight - Current: 907, Shutdown: 15
15:07:10.415 T:140362039404288   ERROR: [PTV Shutdown Timer] Time match (within window): False
15:07:10.415 T:140362039404288   ERROR: [PTV Shutdown Timer] Current day index: 6
15:07:10.415 T:140362039404288   ERROR: [PTV Shutdown Timer] Day match: False
15:07:10.415 T:140362039404288   ERROR: [PTV Shutdown Timer] Shutdown should trigger: False (Action: 1)
15:07:10.415 T:140362039404288   ERROR: [PTV Shutdown Timer] Checking schedule 'Late Night'
15:07:10.415 T:140362039404288   ERROR: [PTV Shutdown Timer] Current time: 15:07
15:07:10.415 T:140362039404288   ERROR: [PTV Shutdown Timer] Shutdown time: 3:30
15:07:10.416 T:140362039404288   ERROR: [PTV Shutdown Timer] Minutes from midnight - Current: 907, Shutdown: 210
15:07:10.416 T:140362039404288   ERROR: [PTV Shutdown Timer] Time match (within window): False
15:07:10.416 T:140362039404288   ERROR: [PTV Shutdown Timer] Current day index: 6
15:07:10.416 T:140362039404288   ERROR: [PTV Shutdown Timer] Day match: True
15:07:10.416 T:140362039404288   ERROR: [PTV Shutdown Timer] Shutdown should trigger: False (Action: 1)
15:07:10.944 T:140364906031232   DEBUG: Keyboard: scancode: 0x74, sym: 0x0112, unicode: 0x0000, modifier: 0x0
15:07:10.944 T:140364906031232   DEBUG: OnKey: down (0xf081) pressed, action is Down
15:07:11.107 T:140364906031232   DEBUG: Keyboard: scancode: 0x74, sym: 0x0112, unicode: 0x0000, modifier: 0x0
15:07:13.457 T:140362031011584  NOTICE: [PTV Preset Timer] DEBUG: Today is Sunday (weekday=6)
15:07:13.457 T:140362031011584  NOTICE: [PTV Preset Timer] DEBUG: Setting name: SundayPreset
15:07:13.457 T:140362031011584  NOTICE: [PTV Preset Timer] DEBUG: Raw preset value: '3' (int: 3)
15:07:13.457 T:140362031011584  NOTICE: [PTV Preset Timer] DEBUG: Available presets: ['Alpha', 'Omega', 'Delta', 'Epsilon', 'Gamma', 'Sigma', 'Omicron', 'Theta', 'Lambda']
15:07:13.457 T:140362031011584  NOTICE: [PTV Preset Timer] Today's preset for Sunday: Delta (index=2)
15:07:15.049 T:140364906031232   DEBUG: Keyboard: scancode: 0x74, sym: 0x0112, unicode: 0x0000, modifier: 0x0
15:07:15.050 T:140364906031232   DEBUG: OnKey: down (0xf081) pressed, action is Down
15:07:15.098 T:140363789686528   ERROR: EXCEPTION: Non-Existent Control 1301
15:07:15.098 T:140363789686528   ERROR: ## LibreELEC Addon ## bluetooth::menu_connections ## ERROR: (RuntimeError('Non-Existent Control 1301',))
15:07:15.099 T:140363789686528   ERROR: Traceback (most recent call last):
                                              File "/home/chewitt/LibreELEC.82-images/build.LibreELEC-Generic.x86_64-8.2.5/LibreELEC-settings-0768930/.install_pkg/usr/share/kodi/addons/service.libreelec.settings/resources/lib/modules/bluetooth.py", line 416, in menu_connections
                                            RuntimeError: Non-Existent Control 1301
15:07:15.232 T:140364906031232   DEBUG: Keyboard: scancode: 0x74, sym: 0x0112, unicode: 0x0000, modifier: 0x0
15:07:18.332 T:140364906031232   DEBUG: Keyboard: scancode: 0x6f, sym: 0x0111, unicode: 0x0000, modifier: 0x0
15:07:18.333 T:140364906031232   DEBUG: OnKey: up (0xf080) pressed, action is Up
15:07:18.483 T:140364906031232   DEBUG: Keyboard: scancode: 0x6f, sym: 0x0111, unicode: 0x0000, modifier: 0x0
15:07:19.183 T:140364906031232   DEBUG: Keyboard: scancode: 0x74, sym: 0x0112, unicode: 0x0000, modifier: 0x0
15:07:19.183 T:140364906031232   DEBUG: OnKey: down (0xf081) pressed, action is Down
15:07:19.219 T:140363789686528   ERROR: EXCEPTION: Non-Existent Control 1301
15:07:19.219 T:140363789686528   ERROR: ## LibreELEC Addon ## bluetooth::menu_connections ## ERROR: (RuntimeError('Non-Existent Control 1301',))
15:07:19.220 T:140363789686528   ERROR: Traceback (most recent call last):
                                              File "/home/chewitt/LibreELEC.82-images/build.LibreELEC-Generic.x86_64-8.2.5/LibreELEC-settings-0768930/.install_pkg/usr/share/kodi/addons/service.libreelec.settings/resources/lib/modules/bluetooth.py", line 416, in menu_connections
                                            RuntimeError: Non-Existent Control 1301
15:07:19.315 T:140364906031232   DEBUG: Keyboard: scancode: 0x74, sym: 0x0112, unicode: 0x0000, modifier: 0x0
15:07:19.560 T:140363440297728   DEBUG: Thread JobWorker 140363440297728 terminating (autodelete)
15:07:19.560 T:140364887099136   DEBUG: Thread JobWorker 140364887099136 terminating (autodelete)
15:07:19.560 T:140363922634496   DEBUG: Thread JobWorker 140363922634496 terminating (autodelete)
15:07:19.561 T:140362718885632   DEBUG: Thread JobWorker 140362718885632 terminating (autodelete)
15:07:19.932 T:140364906031232   DEBUG: Keyboard: scancode: 0x74, sym: 0x0112, unicode: 0x0000, modifier: 0x0
15:07:19.932 T:140364906031232   DEBUG: OnKey: down (0xf081) pressed, action is Down
15:07:20.100 T:140364906031232   DEBUG: Keyboard: scancode: 0x74, sym: 0x0112, unicode: 0x0000, modifier: 0x0
15:07:20.416 T:140362039404288   ERROR: [PTV Shutdown Timer] Checking schedule 'Bedtime'
15:07:20.416 T:140362039404288   ERROR: [PTV Shutdown Timer] Current time: 15:07
15:07:20.416 T:140362039404288   ERROR: [PTV Shutdown Timer] Shutdown time: 0:15
15:07:20.416 T:140362039404288   ERROR: [PTV Shutdown Timer] Minutes from midnight - Current: 907, Shutdown: 15
15:07:20.416 T:140362039404288   ERROR: [PTV Shutdown Timer] Time match (within window): False
15:07:20.416 T:140362039404288   ERROR: [PTV Shutdown Timer] Current day index: 6
15:07:20.416 T:140362039404288   ERROR: [PTV Shutdown Timer] Day match: False
15:07:20.416 T:140362039404288   ERROR: [PTV Shutdown Timer] Shutdown should trigger: False (Action: 1)
15:07:20.416 T:140362039404288   ERROR: [PTV Shutdown Timer] Checking schedule 'Late Night'
15:07:20.416 T:140362039404288   ERROR: [PTV Shutdown Timer] Current time: 15:07
15:07:20.416 T:140362039404288   ERROR: [PTV Shutdown Timer] Shutdown time: 3:30
15:07:20.416 T:140362039404288   ERROR: [PTV Shutdown Timer] Minutes from midnight - Current: 907, Shutdown: 210
15:07:20.416 T:140362039404288   ERROR: [PTV Shutdown Timer] Time match (within window): False
15:07:20.416 T:140362039404288   ERROR: [PTV Shutdown Timer] Current day index: 6
15:07:20.416 T:140362039404288   ERROR: [PTV Shutdown Timer] Day match: True
15:07:20.416 T:140362039404288   ERROR: [PTV Shutdown Timer] Shutdown should trigger: False (Action: 1)
15:07:21.917 T:140364906031232   DEBUG: Keyboard: scancode: 0x6f, sym: 0x0111, unicode: 0x0000, modifier: 0x0
15:07:21.918 T:140364906031232   DEBUG: OnKey: up (0xf080) pressed, action is Up
15:07:21.946 T:140363789686528   ERROR: EXCEPTION: Non-Existent Control 1301
15:07:21.946 T:140363789686528   ERROR: ## LibreELEC Addon ## bluetooth::menu_connections ## ERROR: (RuntimeError('Non-Existent Control 1301',))
15:07:21.946 T:140363789686528   ERROR: Traceback (most recent call last):
                                              File "/home/chewitt/LibreELEC.82-images/build.LibreELEC-Generic.x86_64-8.2.5/LibreELEC-settings-0768930/.install_pkg/usr/share/kodi/addons/service.libreelec.settings/resources/lib/modules/bluetooth.py", line 416, in menu_connections
                                            RuntimeError: Non-Existent Control 1301
15:07:22.080 T:140364906031232   DEBUG: Keyboard: scancode: 0x6f, sym: 0x0111, unicode: 0x0000, modifier: 0x0
15:07:22.264 T:140364906031232   DEBUG: Previous line repeats 1 times.
15:07:22.264 T:140364906031232   DEBUG: OnKey: up (0xf080) pressed, action is Up
15:07:22.433 T:140364906031232   DEBUG: Keyboard: scancode: 0x6f, sym: 0x0111, unicode: 0x0000, modifier: 0x0
15:07:22.500 T:140364906031232   DEBUG: Previous line repeats 1 times.
15:07:22.500 T:140364906031232   DEBUG: OnKey: up (0xf080) pressed, action is Up
15:07:22.546 T:140364906031232   DEBUG: Activating window ID: 10138
15:07:22.546 T:140364906031232   DEBUG: ------ Window Init (DialogBusy.xml) ------
15:07:22.614 T:140364906031232   DEBUG: ------ Window Deinit (DialogBusy.xml) ------
15:07:22.682 T:140364906031232   DEBUG: Keyboard: scancode: 0x6f, sym: 0x0111, unicode: 0x0000, modifier: 0x0
15:07:23.199 T:140364906031232   DEBUG: Previous line repeats 1 times.
15:07:23.199 T:140364906031232   DEBUG: OnKey: up (0xf080) pressed, action is Up
15:07:23.250 T:140364906031232   DEBUG: Activating window ID: 10138
15:07:23.250 T:140364906031232   DEBUG: ------ Window Init (DialogBusy.xml) ------
15:07:23.298 T:140364906031232   DEBUG: ------ Window Deinit (DialogBusy.xml) ------
15:07:23.366 T:140364906031232   DEBUG: Keyboard: scancode: 0x6f, sym: 0x0111, unicode: 0x0000, modifier: 0x0
15:07:23.459 T:140362031011584  NOTICE: [PTV Preset Timer] DEBUG: Today is Sunday (weekday=6)
15:07:23.459 T:140362031011584  NOTICE: [PTV Preset Timer] DEBUG: Setting name: SundayPreset
15:07:23.459 T:140362031011584  NOTICE: [PTV Preset Timer] DEBUG: Raw preset value: '3' (int: 3)
15:07:23.459 T:140362031011584  NOTICE: [PTV Preset Timer] DEBUG: Available presets: ['Alpha', 'Omega', 'Delta', 'Epsilon', 'Gamma', 'Sigma', 'Omicron', 'Theta', 'Lambda']
15:07:23.459 T:140362031011584  NOTICE: [PTV Preset Timer] Today's preset for Sunday: Delta (index=2)
15:07:24.099 T:140364906031232   DEBUG: Keyboard: scancode: 0x74, sym: 0x0112, unicode: 0x0000, modifier: 0x0
15:07:24.100 T:140364906031232   DEBUG: OnKey: down (0xf081) pressed, action is Down
15:07:24.133 T:140364906031232   DEBUG: Activating window ID: 10138
15:07:24.133 T:140364906031232   DEBUG: ------ Window Init (DialogBusy.xml) ------
15:07:24.149 T:140364906031232   DEBUG: ------ Window Deinit (DialogBusy.xml) ------
15:07:24.232 T:140364906031232   DEBUG: Keyboard: scancode: 0x74, sym: 0x0112, unicode: 0x0000, modifier: 0x0
15:07:25.266 T:140364906031232   DEBUG: Keyboard: scancode: 0x6f, sym: 0x0111, unicode: 0x0000, modifier: 0x0
15:07:25.266 T:140364906031232   DEBUG: OnKey: up (0xf080) pressed, action is Up
15:07:25.317 T:140364906031232   DEBUG: Activating window ID: 10138
15:07:25.317 T:140364906031232   DEBUG: ------ Window Init (DialogBusy.xml) ------
15:07:25.329 T:140364906031232   DEBUG: ------ Window Deinit (DialogBusy.xml) ------
15:07:25.483 T:140364906031232   DEBUG: Keyboard: scancode: 0x6f, sym: 0x0111, unicode: 0x0000, modifier: 0x0
15:07:30.418 T:140362039404288   ERROR: [PTV Shutdown Timer] Checking schedule 'Bedtime'
15:07:30.418 T:140362039404288   ERROR: [PTV Shutdown Timer] Current time: 15:07
15:07:30.418 T:140362039404288   ERROR: [PTV Shutdown Timer] Shutdown time: 0:15
15:07:30.418 T:140362039404288   ERROR: [PTV Shutdown Timer] Minutes from midnight - Current: 907, Shutdown: 15
15:07:30.418 T:140362039404288   ERROR: [PTV Shutdown Timer] Time match (within window): False
15:07:30.418 T:140362039404288   ERROR: [PTV Shutdown Timer] Current day index: 6
15:07:30.418 T:140362039404288   ERROR: [PTV Shutdown Timer] Day match: False
15:07:30.418 T:140362039404288   ERROR: [PTV Shutdown Timer] Shutdown should trigger: False (Action: 1)
