15:05:39.957 T:140363574945536   DEBUG: CPythonInvoker(7, /usr/share/kodi/addons/service.libreelec.settings/service.py): start processing
15:05:39.957 T:140362911819520   DEBUG: Thread LanguageInvoker start, auto delete: false
15:05:39.957 T:140362047796992   DEBUG: Previous line repeats 1 times.
15:05:39.957 T:140362047796992    INFO: initializing python engine.
15:05:39.957 T:140364906031232  NOTICE: initialize done
15:05:39.957 T:140362911819520    INFO: initializing python engine.
15:05:39.957 T:140362047796992    INFO: Previous line repeats 1 times.
15:05:39.957 T:140362047796992   DEBUG: CPythonInvoker(8, /storage/.kodi/addons/script.common.plugin.cache/resources/lib/entry_point.py): start processing
15:05:39.958 T:140364906031232  NOTICE: Running the application...
15:05:39.958 T:140362911819520   DEBUG: CPythonInvoker(9, /storage/.kodi/addons/script.service.alarmclock/default.py): start processing
15:05:39.958 T:140362206668544   DEBUG: CPythonInvoker(10, /storage/.kodi/addons/script.paragontv/service.py): start processing
15:05:39.958 T:140364906031232   DEBUG: no profile autoexec.py (/storage/.kodi/userdata/autoexec.py) found, skipping
15:05:39.987 T:140363574945536   DEBUG: -->Python Interpreter Initialized<--
15:05:39.987 T:140363574945536   DEBUG: CPythonInvoker(7, /usr/share/kodi/addons/service.libreelec.settings/service.py): the source file to load is "/usr/share/kodi/addons/service.libreelec.settings/service.py"
15:05:39.988 T:140363574945536   DEBUG: CPythonInvoker(7, /usr/share/kodi/addons/service.libreelec.settings/service.py): setting the Python path to /usr/share/kodi/addons/service.libreelec.settings:/usr/lib/python27.zip:/usr/lib/python2.7:/usr/lib/python2.7/plat-linux2:/usr/lib/python2.7/lib-tk:/usr/lib/python2.7/lib-old:/usr/lib/python2.7/lib-dynload:/usr/lib/python2.7/site-packages:/usr/lib/python2.7/site-packages/gtk-2.0
15:05:39.988 T:140363574945536   DEBUG: CPythonInvoker(7, /usr/share/kodi/addons/service.libreelec.settings/service.py): entering source directory /usr/share/kodi/addons/service.libreelec.settings
15:05:39.988 T:140363574945536   DEBUG: CPythonInvoker(7, /usr/share/kodi/addons/service.libreelec.settings/service.py): instantiating addon using automatically obtained id of "service.libreelec.settings" dependent on version 2.1.0 of the xbmc.python api
15:05:40.003 T:140362911819520   DEBUG: -->Python Interpreter Initialized<--
15:05:40.003 T:140362911819520   DEBUG: CPythonInvoker(9, /storage/.kodi/addons/script.service.alarmclock/default.py): the source file to load is "/storage/.kodi/addons/script.service.alarmclock/default.py"
15:05:40.029 T:140363574945536   DEBUG: ## LibreELEC Addon ## 8.2.0
15:05:40.030 T:140362911819520   DEBUG: CPythonInvoker(9, /storage/.kodi/addons/script.service.alarmclock/default.py): setting the Python path to /storage/.kodi/addons/script.service.alarmclock:/usr/lib/python27.zip:/usr/lib/python2.7:/usr/lib/python2.7/plat-linux2:/usr/lib/python2.7/lib-tk:/usr/lib/python2.7/lib-old:/usr/lib/python2.7/lib-dynload:/usr/lib/python2.7/site-packages:/usr/lib/python2.7/site-packages/gtk-2.0
15:05:40.030 T:140362911819520   DEBUG: CPythonInvoker(9, /storage/.kodi/addons/script.service.alarmclock/default.py): entering source directory /storage/.kodi/addons/script.service.alarmclock
15:05:40.030 T:140362206668544   DEBUG: -->Python Interpreter Initialized<--
15:05:40.030 T:140362206668544   DEBUG: CPythonInvoker(10, /storage/.kodi/addons/script.paragontv/service.py): the source file to load is "/storage/.kodi/addons/script.paragontv/service.py"
15:05:40.030 T:140362911819520   DEBUG: CPythonInvoker(9, /storage/.kodi/addons/script.service.alarmclock/default.py): instantiating addon using automatically obtained id of "script.service.alarmclock" dependent on version 2.1.0 of the xbmc.python api
15:05:40.036 T:140362206668544   DEBUG: CPythonInvoker(10, /storage/.kodi/addons/script.paragontv/service.py): setting the Python path to /storage/.kodi/addons/script.paragontv:/usr/share/kodi/addons/script.module.pil/lib:/usr/lib/python27.zip:/usr/lib/python2.7:/usr/lib/python2.7/plat-linux2:/usr/lib/python2.7/lib-tk:/usr/lib/python2.7/lib-old:/usr/lib/python2.7/lib-dynload:/usr/lib/python2.7/site-packages:/usr/lib/python2.7/site-packages/gtk-2.0
15:05:40.036 T:140362206668544   DEBUG: CPythonInvoker(10, /storage/.kodi/addons/script.paragontv/service.py): entering source directory /storage/.kodi/addons/script.paragontv
15:05:40.036 T:140362206668544   DEBUG: CPythonInvoker(10, /storage/.kodi/addons/script.paragontv/service.py): instantiating addon using automatically obtained id of "script.paragontv" dependent on version 2.14.0 of the xbmc.python api
15:05:40.038 T:140362047796992   DEBUG: -->Python Interpreter Initialized<--
15:05:40.038 T:140362047796992   DEBUG: CPythonInvoker(8, /storage/.kodi/addons/script.common.plugin.cache/resources/lib/entry_point.py): the source file to load is "/storage/.kodi/addons/script.common.plugin.cache/resources/lib/entry_point.py"
15:05:40.038 T:140362047796992   DEBUG: CPythonInvoker(8, /storage/.kodi/addons/script.common.plugin.cache/resources/lib/entry_point.py): setting the Python path to /storage/.kodi/addons/script.common.plugin.cache/resources/lib:/usr/lib/python27.zip:/usr/lib/python2.7:/usr/lib/python2.7/plat-linux2:/usr/lib/python2.7/lib-tk:/usr/lib/python2.7/lib-old:/usr/lib/python2.7/lib-dynload:/usr/lib/python2.7/site-packages:/usr/lib/python2.7/site-packages/gtk-2.0
15:05:40.038 T:140362047796992   DEBUG: CPythonInvoker(8, /storage/.kodi/addons/script.common.plugin.cache/resources/lib/entry_point.py): entering source directory /storage/.kodi/addons/script.common.plugin.cache/resources/lib
15:05:40.039 T:140362047796992   DEBUG: CPythonInvoker(8, /storage/.kodi/addons/script.common.plugin.cache/resources/lib/entry_point.py): instantiating addon using automatically obtained id of "script.common.plugin.cache" dependent on version 2.24.0 of the xbmc.python api
15:05:40.072 T:140362206668544   DEBUG: script.paragontv-Paragon TV-Paragon TV Service Started
15:05:40.073 T:140362206668544   DEBUG: script.paragontv-Paragon TV-Version: 2.4.4
15:05:40.073 T:140362056189696   DEBUG: script.paragontv-Paragon TV-Settings monitor started
15:05:40.075 T:140362206668544   DEBUG: script.paragontv-Paragon TV-Starting Maintenance Timer Service
15:05:40.075 T:140362206668544   DEBUG: script.paragontv-Paragon TV-Starting Startup Timer Service
15:05:40.077 T:140362206668544   DEBUG: script.paragontv-Paragon TV-Starting Shutdown Scheduler Service
15:05:40.077 T:140362206668544  NOTICE: script.paragontv-Paragon TV-Starting Preset System Timer Service
15:05:40.104 T:140362197223168   DEBUG: Thread LanguageInvoker start, auto delete: false
15:05:40.104 T:140362197223168   DEBUG: Previous line repeats 1 times.
15:05:40.104 T:140362197223168    INFO: initializing python engine.
15:05:40.105 T:140362197223168    INFO: Previous line repeats 1 times.
15:05:40.105 T:140362197223168   DEBUG: CPythonInvoker(11, /storage/.kodi/addons/script.paragontv/resources/lib/ptv_maintenance_timer.py): start processing
15:05:40.105 T:140362039404288   DEBUG: Thread LanguageInvoker start, auto delete: false
15:05:40.105 T:140362188830464   DEBUG: CPythonInvoker(12, /storage/.kodi/addons/script.paragontv/resources/lib/ptv_startup_timer.py): start processing
15:05:40.105 T:140362039404288    INFO: initializing python engine.
15:05:40.105 T:140362039404288   DEBUG: CPythonInvoker(13, /storage/.kodi/addons/script.paragontv/resources/lib/ptv_shutdown_timer.py): start processing
15:05:40.105 T:140362031011584   DEBUG: Thread LanguageInvoker start, auto delete: false
15:05:40.105 T:140362031011584    INFO: initializing python engine.
15:05:40.105 T:140362031011584   DEBUG: CPythonInvoker(14, /storage/.kodi/addons/script.paragontv/resources/lib/ptv_preset_timer.py): start processing
15:05:40.112 T:140362911819520   DEBUG: events fetched: []
15:05:40.112 T:140362911819520   DEBUG: Starting alarm clock..
15:05:40.143 T:140362039404288   DEBUG: -->Python Interpreter Initialized<--
15:05:40.143 T:140362039404288   DEBUG: CPythonInvoker(13, /storage/.kodi/addons/script.paragontv/resources/lib/ptv_shutdown_timer.py): the source file to load is "/storage/.kodi/addons/script.paragontv/resources/lib/ptv_shutdown_timer.py"
15:05:40.143 T:140362039404288 WARNING: CPythonInvoker(13): Script invoked without an addon. Adding all addon modules installed to python path as fallback. This behaviour will be removed in future version.
15:05:40.146 T:140364906031232   DEBUG: Activating window ID: 10000
15:05:40.146 T:140364906031232   DEBUG: ------ Window Deinit (Startup.xml) ------
15:05:40.146 T:140364906031232   DEBUG: ------ Window Init (Home.xml) ------
15:05:40.146 T:140364906031232    INFO: Loading skin file: Home.xml, load type: KEEP_IN_MEMORY
15:05:40.146 T:140364906031232 WARNING: Skin has invalid include:
15:05:40.148 T:140362197223168 WARNING: Previous line repeats 10 times.
15:05:40.148 T:140362197223168   DEBUG: -->Python Interpreter Initialized<--
15:05:40.148 T:140364906031232 WARNING: Skin has invalid include:
15:05:40.148 T:140364906031232 WARNING: Skin has invalid include: TopHomeMenu
15:05:40.148 T:140362197223168   DEBUG: CPythonInvoker(11, /storage/.kodi/addons/script.paragontv/resources/lib/ptv_maintenance_timer.py): the source file to load is "/storage/.kodi/addons/script.paragontv/resources/lib/ptv_maintenance_timer.py"
15:05:40.148 T:140364906031232 WARNING: Skin has invalid include:
15:05:40.148 T:140362197223168 WARNING: CPythonInvoker(11): Script invoked without an addon. Adding all addon modules installed to python path as fallback. This behaviour will be removed in future version.
15:05:40.148 T:140364906031232 WARNING: Skin has invalid include: TopHomeMenu
15:05:40.151 T:140361812932352   DEBUG: [StorageClient-2.6.1] Service loaded, starting server ...
15:05:40.151 T:140362039404288   DEBUG: CPythonInvoker(13, /storage/.kodi/addons/script.paragontv/resources/lib/ptv_shutdown_timer.py): setting the Python path to /storage/.kodi/addons/script.paragontv/resources/lib:/usr/share/kodi/addons/script.module.pil/lib:/storage/.kodi/addons/script.module.simplejson/lib:/storage/.kodi/addons/script.module.autocompletion/lib:/storage/.kodi/addons/script.module.certifi/lib:/storage/.kodi/addons/script.module.chardet/lib:/storage/.kodi/addons/script.module.idna/lib:/storage/.kodi/addons/script.module.urllib3/lib:/storage/.kodi/addons/script.module.requests/lib:/storage/.kodi/addons/script.module.addon.signals/lib:/storage/.kodi/addons/script.module.youtube.dl/lib:/storage/.kodi/addons/script.module.kodi65/lib:/storage/.kodi/addons/script.module.routing/lib:/storage/.kodi/addons/script.module.backports.functools_lru_cache/lib:/storage/.kodi/addons/script.module.six/lib:/storage/.kodi/addons/script.module.dateutil/lib:/storage/.kodi/addons/script.module.arrow/lib:/storage/.kodi/addons/script.module.beautifulsoup/lib:/storage/.kodi/addons/script.module.musicbrainz/lib:/storage/.kodi/addons/script.module.simplecache/lib:/storage/.kodi/addons/script.module.thetvdb/lib:/storage/.kodi/addons/script.module.metadatautils/lib:/storage/.kodi/addons/script.module.unidecode/lib:/storage/.kodi/addons/script.common.plugin.cache/resources/lib/storage_server/:/storage/.kodi/addons/script.module.future/libs:/storage/.kodi/addons/plugin.video.youtube/resources/lib/:/storage/.kodi/addons/script.module.buggalo/lib:/storage/.kodi/addons/script.module.feedparser/lib:/storage/.kodi/addons/script.module.addon.common/lib:/storage/.kodi/addons/script.module.myconnpy/lib:/storage/.kodi/addons/script.module.metahandler/lib:/storage/.kodi/addons/script.module.pyfscache/lib:/storage/.kodi/addons/script.module.parsedom/lib:/storage/.kodi/addons/script.module.simple.downloader/lib:/storage/.kodi/addons/script.module.t0mm0.common/lib:/storage/.kodi/addons/script.module.urlresolver/lib:/storage/.kodi/addons/script.module.simpleplugin3/libs:/usr/lib/python27.zip:/usr/lib/python2.7:/usr/lib/python2.7/plat-linux2:/usr/lib/python2.7/lib-tk:/usr/lib/python2.7/lib-old:/usr/lib/python2.7/lib-dynload:/usr/lib/python2.7/site-packages:/usr/lib/python2.7/site-packages/gtk-2.0
15:05:40.151 T:140362039404288   DEBUG: CPythonInvoker(13, /storage/.kodi/addons/script.paragontv/resources/lib/ptv_shutdown_timer.py): entering source directory /storage/.kodi/addons/script.paragontv/resources/lib
15:05:40.152 T:140364906031232 WARNING: Skin has invalid include: skinshortcuts-template-widget
15:05:40.162 T:140362197223168   DEBUG: CPythonInvoker(11, /storage/.kodi/addons/script.paragontv/resources/lib/ptv_maintenance_timer.py): setting the Python path to /storage/.kodi/addons/script.paragontv/resources/lib:/usr/share/kodi/addons/script.module.pil/lib:/storage/.kodi/addons/script.module.simplejson/lib:/storage/.kodi/addons/script.module.autocompletion/lib:/storage/.kodi/addons/script.module.certifi/lib:/storage/.kodi/addons/script.module.chardet/lib:/storage/.kodi/addons/script.module.idna/lib:/storage/.kodi/addons/script.module.urllib3/lib:/storage/.kodi/addons/script.module.requests/lib:/storage/.kodi/addons/script.module.addon.signals/lib:/storage/.kodi/addons/script.module.youtube.dl/lib:/storage/.kodi/addons/script.module.kodi65/lib:/storage/.kodi/addons/script.module.routing/lib:/storage/.kodi/addons/script.module.backports.functools_lru_cache/lib:/storage/.kodi/addons/script.module.six/lib:/storage/.kodi/addons/script.module.dateutil/lib:/storage/.kodi/addons/script.module.arrow/lib:/storage/.kodi/addons/script.module.beautifulsoup/lib:/storage/.kodi/addons/script.module.musicbrainz/lib:/storage/.kodi/addons/script.module.simplecache/lib:/storage/.kodi/addons/script.module.thetvdb/lib:/storage/.kodi/addons/script.module.metadatautils/lib:/storage/.kodi/addons/script.module.unidecode/lib:/storage/.kodi/addons/script.common.plugin.cache/resources/lib/storage_server/:/storage/.kodi/addons/script.module.future/libs:/storage/.kodi/addons/plugin.video.youtube/resources/lib/:/storage/.kodi/addons/script.module.buggalo/lib:/storage/.kodi/addons/script.module.feedparser/lib:/storage/.kodi/addons/script.module.addon.common/lib:/storage/.kodi/addons/script.module.myconnpy/lib:/storage/.kodi/addons/script.module.metahandler/lib:/storage/.kodi/addons/script.module.pyfscache/lib:/storage/.kodi/addons/script.module.parsedom/lib:/storage/.kodi/addons/script.module.simple.downloader/lib:/storage/.kodi/addons/script.module.t0mm0.common/lib:/storage/.kodi/addons/script.module.urlresolver/lib:/storage/.kodi/addons/script.module.simpleplugin3/libs:/usr/lib/python27.zip:/usr/lib/python2.7:/usr/lib/python2.7/plat-linux2:/usr/lib/python2.7/lib-tk:/usr/lib/python2.7/lib-old:/usr/lib/python2.7/lib-dynload:/usr/lib/python2.7/site-packages:/usr/lib/python2.7/site-packages/gtk-2.0
15:05:40.162 T:140362197223168   DEBUG: CPythonInvoker(11, /storage/.kodi/addons/script.paragontv/resources/lib/ptv_maintenance_timer.py): entering source directory /storage/.kodi/addons/script.paragontv/resources/lib
15:05:40.178 T:140361804539648   DEBUG: Thread Timer start, auto delete: false
15:05:40.180 T:140361796146944   DEBUG: Thread LanguageInvoker start, auto delete: false
15:05:40.180 T:140361796146944    INFO: initializing python engine.
15:05:40.180 T:140361796146944   DEBUG: CPythonInvoker(15, /storage/.kodi/addons/script.skinshortcuts/default.py): start processing
15:05:40.180 T:140364906031232   DEBUG: started alarm with name: clear
15:05:40.180 T:140362718885632   DEBUG: CRecentlyAddedJob::UpdateMusic() - Running RecentlyAdded home screen update
15:05:40.184 T:140362718885632   DEBUG: GetRecentlyAddedAlbumSongs() query: SELECT songview.*, songartistview.* FROM (SELECT idAlbum FROM album ORDER BY idAlbum DESC LIMIT 10) AS recentalbums JOIN songview ON songview.idAlbum = recentalbums.idAlbum JOIN songartistview ON songview.idSong = songartistview.idSong ORDER BY songview.idAlbum DESC, songview.idSong, songartistview.idRole, songartistview.iOrder
15:05:40.187 T:140362188830464   DEBUG: -->Python Interpreter Initialized<--
15:05:40.187 T:140362188830464   DEBUG: CPythonInvoker(12, /storage/.kodi/addons/script.paragontv/resources/lib/ptv_startup_timer.py): the source file to load is "/storage/.kodi/addons/script.paragontv/resources/lib/ptv_startup_timer.py"
15:05:40.187 T:140362188830464 WARNING: CPythonInvoker(12): Script invoked without an addon. Adding all addon modules installed to python path as fallback. This behaviour will be removed in future version.
15:05:40.195 T:140362718885632   DEBUG: GetRecentlyAddedAlbums query: SELECT albumview.*, albumartistview.* FROM (SELECT idAlbum FROM album WHERE strAlbum != '' ORDER BY idAlbum DESC LIMIT 10) AS recentalbums JOIN albumview ON albumview.idAlbum = recentalbums.idAlbum JOIN albumartistview ON albumview.idAlbum = albumartistview.idAlbum ORDER BY albumview.idAlbum desc, albumartistview.iOrder
15:05:40.230 T:140364906031232   DEBUG: ------ Window Init (Custom_Overlay.xml) ------
15:05:40.230 T:140364906031232    INFO: Loading skin file: Custom_Overlay.xml, load type: KEEP_IN_MEMORY
15:05:40.239 T:140364906031232   DEBUG: ------ Window Init (Custom_RSS.xml) ------
15:05:40.239 T:140364906031232    INFO: Loading skin file: Custom_RSS.xml, load type: KEEP_IN_MEMORY
15:05:40.240 T:140364906031232   DEBUG: ------ Window Init (Custom_Refresh.xml) ------
15:05:40.240 T:140364906031232    INFO: Loading skin file: Custom_Refresh.xml, load type: KEEP_IN_MEMORY
15:05:40.240 T:140362718885632   DEBUG: CRecentlyAddedJob::UpdateVideos() - Running RecentlyAdded home screen update
15:05:40.272 T:140362718885632   DEBUG: RunQuery took 27 ms for 10 items query: select * from movie_view  ORDER BY dateAdded desc, idMovie desc LIMIT 10
15:05:40.355 T:140364906031232   DEBUG: ------ Window Deinit (Custom_Refresh.xml) ------
15:05:40.358 T:140362188830464   DEBUG: CPythonInvoker(12, /storage/.kodi/addons/script.paragontv/resources/lib/ptv_startup_timer.py): setting the Python path to /storage/.kodi/addons/script.paragontv/resources/lib:/usr/share/kodi/addons/script.module.pil/lib:/storage/.kodi/addons/script.module.simplejson/lib:/storage/.kodi/addons/script.module.autocompletion/lib:/storage/.kodi/addons/script.module.certifi/lib:/storage/.kodi/addons/script.module.chardet/lib:/storage/.kodi/addons/script.module.idna/lib:/storage/.kodi/addons/script.module.urllib3/lib:/storage/.kodi/addons/script.module.requests/lib:/storage/.kodi/addons/script.module.addon.signals/lib:/storage/.kodi/addons/script.module.youtube.dl/lib:/storage/.kodi/addons/script.module.kodi65/lib:/storage/.kodi/addons/script.module.routing/lib:/storage/.kodi/addons/script.module.backports.functools_lru_cache/lib:/storage/.kodi/addons/script.module.six/lib:/storage/.kodi/addons/script.module.dateutil/lib:/storage/.kodi/addons/script.module.arrow/lib:/storage/.kodi/addons/script.module.beautifulsoup/lib:/storage/.kodi/addons/script.module.musicbrainz/lib:/storage/.kodi/addons/script.module.simplecache/lib:/storage/.kodi/addons/script.module.thetvdb/lib:/storage/.kodi/addons/script.module.metadatautils/lib:/storage/.kodi/addons/script.module.unidecode/lib:/storage/.kodi/addons/script.common.plugin.cache/resources/lib/storage_server/:/storage/.kodi/addons/script.module.future/libs:/storage/.kodi/addons/plugin.video.youtube/resources/lib/:/storage/.kodi/addons/script.module.buggalo/lib:/storage/.kodi/addons/script.module.feedparser/lib:/storage/.kodi/addons/script.module.addon.common/lib:/storage/.kodi/addons/script.module.myconnpy/lib:/storage/.kodi/addons/script.module.metahandler/lib:/storage/.kodi/addons/script.module.pyfscache/lib:/storage/.kodi/addons/script.module.parsedom/lib:/storage/.kodi/addons/script.module.simple.downloader/lib:/storage/.kodi/addons/script.module.t0mm0.common/lib:/storage/.kodi/addons/script.module.urlresolver/lib:/storage/.kodi/addons/script.module.simpleplugin3/libs:/usr/lib/python27.zip:/usr/lib/python2.7:/usr/lib/python2.7/plat-linux2:/usr/lib/python2.7/lib-tk:/usr/lib/python2.7/lib-old:/usr/lib/python2.7/lib-dynload:/usr/lib/python2.7/site-packages:/usr/lib/python2.7/site-packages/gtk-2.0
15:05:40.358 T:140362188830464   DEBUG: CPythonInvoker(12, /storage/.kodi/addons/script.paragontv/resources/lib/ptv_startup_timer.py): entering source directory /storage/.kodi/addons/script.paragontv/resources/lib
15:05:40.361 T:140362031011584   DEBUG: -->Python Interpreter Initialized<--
15:05:40.361 T:140362031011584   DEBUG: CPythonInvoker(14, /storage/.kodi/addons/script.paragontv/resources/lib/ptv_preset_timer.py): the source file to load is "/storage/.kodi/addons/script.paragontv/resources/lib/ptv_preset_timer.py"
15:05:40.361 T:140362031011584 WARNING: CPythonInvoker(14): Script invoked without an addon. Adding all addon modules installed to python path as fallback. This behaviour will be removed in future version.
15:05:40.365 T:140362197223168   ERROR: [PTV Maintenance Timer] Starting PTV Maintenance Timer
15:05:40.366 T:140362188830464   ERROR: [PTV Startup Timer] Starting PTV Startup Timer
15:05:40.366 T:140362031011584   DEBUG: CPythonInvoker(14, /storage/.kodi/addons/script.paragontv/resources/lib/ptv_preset_timer.py): setting the Python path to /storage/.kodi/addons/script.paragontv/resources/lib:/usr/share/kodi/addons/script.module.pil/lib:/storage/.kodi/addons/script.module.simplejson/lib:/storage/.kodi/addons/script.module.autocompletion/lib:/storage/.kodi/addons/script.module.certifi/lib:/storage/.kodi/addons/script.module.chardet/lib:/storage/.kodi/addons/script.module.idna/lib:/storage/.kodi/addons/script.module.urllib3/lib:/storage/.kodi/addons/script.module.requests/lib:/storage/.kodi/addons/script.module.addon.signals/lib:/storage/.kodi/addons/script.module.youtube.dl/lib:/storage/.kodi/addons/script.module.kodi65/lib:/storage/.kodi/addons/script.module.routing/lib:/storage/.kodi/addons/script.module.backports.functools_lru_cache/lib:/storage/.kodi/addons/script.module.six/lib:/storage/.kodi/addons/script.module.dateutil/lib:/storage/.kodi/addons/script.module.arrow/lib:/storage/.kodi/addons/script.module.beautifulsoup/lib:/storage/.kodi/addons/script.module.musicbrainz/lib:/storage/.kodi/addons/script.module.simplecache/lib:/storage/.kodi/addons/script.module.thetvdb/lib:/storage/.kodi/addons/script.module.metadatautils/lib:/storage/.kodi/addons/script.module.unidecode/lib:/storage/.kodi/addons/script.common.plugin.cache/resources/lib/storage_server/:/storage/.kodi/addons/script.module.future/libs:/storage/.kodi/addons/plugin.video.youtube/resources/lib/:/storage/.kodi/addons/script.module.buggalo/lib:/storage/.kodi/addons/script.module.feedparser/lib:/storage/.kodi/addons/script.module.addon.common/lib:/storage/.kodi/addons/script.module.myconnpy/lib:/storage/.kodi/addons/script.module.metahandler/lib:/storage/.kodi/addons/script.module.pyfscache/lib:/storage/.kodi/addons/script.module.parsedom/lib:/storage/.kodi/addons/script.module.simple.downloader/lib:/storage/.kodi/addons/script.module.t0mm0.common/lib:/storage/.kodi/addons/script.module.urlresolver/lib:/storage/.kodi/addons/script.module.simpleplugin3/libs:/usr/lib/python27.zip:/usr/lib/python2.7:/usr/lib/python2.7/plat-linux2:/usr/lib/python2.7/lib-tk:/usr/lib/python2.7/lib-old:/usr/lib/python2.7/lib-dynload:/usr/lib/python2.7/site-packages:/usr/lib/python2.7/site-packages/gtk-2.0
15:05:40.366 T:140362031011584   DEBUG: CPythonInvoker(14, /storage/.kodi/addons/script.paragontv/resources/lib/ptv_preset_timer.py): entering source directory /storage/.kodi/addons/script.paragontv/resources/lib
15:05:40.389 T:140362039404288   ERROR: [PTV Shutdown Timer] Starting PTV Shutdown Timer
15:05:40.397 T:140364906031232   DEBUG: ------ Window Init (DialogNotification.xml) ------
15:05:40.402 T:140362039404288   ERROR: [PTV Shutdown Timer] Checking schedule 'Bedtime'
15:05:40.402 T:140362039404288   ERROR: [PTV Shutdown Timer] Current time: 15:05
15:05:40.402 T:140362039404288   ERROR: [PTV Shutdown Timer] Shutdown time: 0:15
15:05:40.402 T:140362039404288   ERROR: [PTV Shutdown Timer] Minutes from midnight - Current: 905, Shutdown: 15
15:05:40.402 T:140362039404288   ERROR: [PTV Shutdown Timer] Time match (within window): False
15:05:40.402 T:140362039404288   ERROR: [PTV Shutdown Timer] Current day index: 6
15:05:40.402 T:140362039404288   ERROR: [PTV Shutdown Timer] Day match: False
15:05:40.402 T:140362039404288   ERROR: [PTV Shutdown Timer] Shutdown should trigger: False (Action: 1)
15:05:40.402 T:140362039404288   ERROR: [PTV Shutdown Timer] Checking schedule 'Late Night'
15:05:40.402 T:140362039404288   ERROR: [PTV Shutdown Timer] Current time: 15:05
15:05:40.402 T:140362039404288   ERROR: [PTV Shutdown Timer] Shutdown time: 3:30
15:05:40.402 T:140362039404288   ERROR: [PTV Shutdown Timer] Minutes from midnight - Current: 905, Shutdown: 210
15:05:40.402 T:140362039404288   ERROR: [PTV Shutdown Timer] Time match (within window): False
15:05:40.402 T:140362039404288   ERROR: [PTV Shutdown Timer] Current day index: 6
15:05:40.402 T:140362039404288   ERROR: [PTV Shutdown Timer] Day match: True
15:05:40.402 T:140362039404288   ERROR: [PTV Shutdown Timer] Shutdown should trigger: False (Action: 1)
15:05:40.407 T:140361796146944   DEBUG: -->Python Interpreter Initialized<--
15:05:40.407 T:140361796146944   DEBUG: CPythonInvoker(15, /storage/.kodi/addons/script.skinshortcuts/default.py): the source file to load is "/storage/.kodi/addons/script.skinshortcuts/default.py"
15:05:40.407 T:140361796146944   DEBUG: CPythonInvoker(15, /storage/.kodi/addons/script.skinshortcuts/default.py): setting the Python path to /storage/.kodi/addons/script.skinshortcuts:/storage/.kodi/addons/script.module.simplejson/lib:/storage/.kodi/addons/script.module.unidecode/lib:/usr/lib/python27.zip:/usr/lib/python2.7:/usr/lib/python2.7/plat-linux2:/usr/lib/python2.7/lib-tk:/usr/lib/python2.7/lib-old:/usr/lib/python2.7/lib-dynload:/usr/lib/python2.7/site-packages:/usr/lib/python2.7/site-packages/gtk-2.0
15:05:40.407 T:140361796146944   DEBUG: CPythonInvoker(15, /storage/.kodi/addons/script.skinshortcuts/default.py): entering source directory /storage/.kodi/addons/script.skinshortcuts
15:05:40.407 T:140361796146944   DEBUG: CPythonInvoker(15, /storage/.kodi/addons/script.skinshortcuts/default.py): instantiating addon using automatically obtained id of "script.skinshortcuts" dependent on version 2.20.0 of the xbmc.python api
15:05:40.413 T:140362031011584  NOTICE: [PTV Preset Timer] PTV Preset Refresh Timer (9-Phase Consolidated System) initialized
15:05:40.413 T:140362031011584  NOTICE: [PTV Preset Timer] Starting PTV Preset Refresh Timer (9-Phase Consolidated System)
15:05:40.442 T:140362031011584  NOTICE: [PTV Preset Timer] DEBUG: Today is Sunday (weekday=6)
15:05:40.442 T:140362031011584  NOTICE: [PTV Preset Timer] DEBUG: Setting name: SundayPreset
15:05:40.442 T:140362031011584  NOTICE: [PTV Preset Timer] DEBUG: Raw preset value: '3' (int: 3)
15:05:40.442 T:140362031011584  NOTICE: [PTV Preset Timer] DEBUG: Available presets: ['Alpha', 'Omega', 'Delta', 'Epsilon', 'Gamma', 'Sigma', 'Omicron', 'Theta', 'Lambda']
15:05:40.442 T:140362031011584  NOTICE: [PTV Preset Timer] Today's preset for Sunday: Delta (index=2)
15:05:40.494 T:140361796146944    INFO: CPythonInvoker(15, /storage/.kodi/addons/script.skinshortcuts/default.py): script successfully run
15:05:40.505 T:140361804539648   DEBUG: Thread Timer 140361804539648 terminating
15:05:40.506 T:140361707058944   DEBUG: Thread Timer start, auto delete: false
15:05:40.508 T:140361707058944   DEBUG: Thread Timer 140361707058944 terminating
15:05:40.508 T:140361804539648   DEBUG: Thread Timer start, auto delete: false
15:05:40.510 T:140364906031232   DEBUG: LogindUPowerSyscall - Received unknown signal NameAcquired
15:05:40.546 T:140361796146944    INFO: Python script stopped
15:05:40.546 T:140361796146944   DEBUG: Thread LanguageInvoker 140361796146944 terminating
15:05:40.632 T:140362718885632   DEBUG: RunQuery took 352 ms for 10 items query: select * from episode_view  ORDER BY dateAdded desc, idEpisode desc LIMIT 10
15:05:40.638 T:140363440297728   DEBUG: DoWork - trying to extract thumb from video file nfs://10.0.0.39/mnt/user/TELEVISION/Unhappily Ever After/Season 5/05x09 - Smart and Stupid.avi
15:05:40.638 T:140363440297728   DEBUG: SECTION:LoadDLL(libnfs.so.8)
15:05:40.638 T:140363440297728   DEBUG: Loading: libnfs.so.8
15:05:40.648 T:140362718885632   DEBUG: RunQuery took 1 ms for 0 items query: select * from musicvideo_view  ORDER BY dateAdded desc, idMVideo desc LIMIT 10
15:05:40.650 T:140362718885632   DEBUG: CRecentlyAddedJob::UpdateTotal() - Running RecentlyAdded home screen update
15:05:40.651 T:140362718885632   DEBUG: GetArtistsByWhere query: SELECT COUNT(DISTINCT artistview.idArtist) FROM artistview  WHERE (EXISTS (SELECT 1 FROM album_artist WHERE album_artist.idArtist = artistview.idArtist)) AND (artistview.strArtist != '')
15:05:40.666 T:140363440297728   DEBUG: NFS: Context for 10.0.0.39/mnt/user/TELEVISION not open - get a new context.
15:05:40.704 T:140363440297728   DEBUG: NFS: Connected to server 10.0.0.39 and export /mnt/user/TELEVISION
15:05:40.704 T:140363440297728   DEBUG: NFS: chunks: r/w 1048576/1048576
15:05:40.711 T:140363440297728    INFO: CNFSFile::Open: Unable to open file : 'mnt/user/TELEVISION/Unhappily Ever After/Season 5/05x09 - Smart and Stupid.avi'  error : 'open call failed with "NFS: Lookup of /Unhappily Ever After/Season 5/05x09 - Smart and Stupid.avi failed with NFS3ERR_NOENT(-2)"'
15:05:40.711 T:140363440297728   ERROR: InputStream: Error opening, nfs://10.0.0.39/mnt/user/TELEVISION/Unhappily Ever After/Season 5/05x09 - Smart and Stupid.avi
15:05:40.814 T:140361796146944   DEBUG: Skin Helper Service --> Started Background worker...
15:05:40.859 T:140361796146944   DEBUG: CFavourites::Load - no system favourites found, skipping
15:05:40.919 T:140361796146944   DEBUG: RunQuery took 19 ms for 226 items query: select * from movie_view  JOIN sets ON movie_view.idSet = sets.idSet ORDER BY sets.idSet
15:05:40.973 T:140361796146944   DEBUG: RunQuery took 4 ms for 8 items query: select * from movie_view  JOIN sets ON movie_view.idSet = sets.idSet WHERE sets.idSet=113 ORDER BY sets.idSet
15:05:40.981 T:140361796146944   DEBUG: RunQuery took 3 ms for 8 items query: select * from movie_view  WHERE movie_view.idSet = 113
15:05:40.993 T:140361796146944   DEBUG: RunQuery took 5 ms for 1 items query: select * from movie_view  JOIN sets ON movie_view.idSet = sets.idSet WHERE sets.idSet=114 ORDER BY sets.idSet
15:05:41.000 T:140361796146944   DEBUG: RunQuery took 3 ms for 1 items query: select * from movie_view  WHERE movie_view.idSet = 114
15:05:41.009 T:140361804539648   DEBUG: Thread Timer 140361804539648 terminating
15:05:41.010 T:140361796146944   DEBUG: RunQuery took 4 ms for 1 items query: select * from movie_view  JOIN sets ON movie_view.idSet = sets.idSet WHERE sets.idSet=115 ORDER BY sets.idSet
15:05:41.016 T:140361796146944   DEBUG: RunQuery took 3 ms for 1 items query: select * from movie_view  WHERE movie_view.idSet = 115
15:05:41.025 T:140361796146944   DEBUG: RunQuery took 4 ms for 1 items query: select * from movie_view  JOIN sets ON movie_view.idSet = sets.idSet WHERE sets.idSet=116 ORDER BY sets.idSet
15:05:41.030 T:140361796146944   DEBUG: RunQuery took 3 ms for 1 items query: select * from movie_view  WHERE movie_view.idSet = 116
15:05:41.040 T:140361796146944   DEBUG: RunQuery took 3 ms for 2 items query: select * from movie_view  JOIN sets ON movie_view.idSet = sets.idSet WHERE sets.idSet=117 ORDER BY sets.idSet
15:05:41.045 T:140361796146944   DEBUG: RunQuery took 2 ms for 2 items query: select * from movie_view  WHERE movie_view.idSet = 117
15:05:41.052 T:140361796146944   DEBUG: RunQuery took 2 ms for 1 items query: select * from movie_view  JOIN sets ON movie_view.idSet = sets.idSet WHERE sets.idSet=118 ORDER BY sets.idSet
15:05:41.057 T:140361796146944   DEBUG: RunQuery took 2 ms for 1 items query: select * from movie_view  WHERE movie_view.idSet = 118
15:05:41.072 T:140361796146944   DEBUG: RunQuery took 5 ms for 1 items query: select * from movie_view  JOIN sets ON movie_view.idSet = sets.idSet WHERE sets.idSet=119 ORDER BY sets.idSet
15:05:41.079 T:140361796146944   DEBUG: RunQuery took 3 ms for 1 items query: select * from movie_view  WHERE movie_view.idSet = 119
15:05:41.092 T:140361796146944   DEBUG: RunQuery took 5 ms for 2 items query: select * from movie_view  JOIN sets ON movie_view.idSet = sets.idSet WHERE sets.idSet=120 ORDER BY sets.idSet
15:05:41.099 T:140361796146944   DEBUG: RunQuery took 3 ms for 2 items query: select * from movie_view  WHERE movie_view.idSet = 120
15:05:41.109 T:140361796146944   DEBUG: RunQuery took 4 ms for 2 items query: select * from movie_view  JOIN sets ON movie_view.idSet = sets.idSet WHERE sets.idSet=121 ORDER BY sets.idSet
15:05:41.115 T:140361796146944   DEBUG: RunQuery took 3 ms for 2 items query: select * from movie_view  WHERE movie_view.idSet = 121
15:05:41.124 T:140361796146944   DEBUG: RunQuery took 4 ms for 2 items query: select * from movie_view  JOIN sets ON movie_view.idSet = sets.idSet WHERE sets.idSet=122 ORDER BY sets.idSet
15:05:41.129 T:140361796146944   DEBUG: RunQuery took 2 ms for 2 items query: select * from movie_view  WHERE movie_view.idSet = 122
15:05:41.136 T:140361796146944   DEBUG: RunQuery took 3 ms for 2 items query: select * from movie_view  JOIN sets ON movie_view.idSet = sets.idSet WHERE sets.idSet=123 ORDER BY sets.idSet
15:05:41.141 T:140361796146944   DEBUG: RunQuery took 2 ms for 2 items query: select * from movie_view  WHERE movie_view.idSet = 123
15:05:41.149 T:140361796146944   DEBUG: RunQuery took 4 ms for 1 items query: select * from movie_view  JOIN sets ON movie_view.idSet = sets.idSet WHERE sets.idSet=124 ORDER BY sets.idSet
15:05:41.154 T:140361796146944   DEBUG: RunQuery took 2 ms for 1 items query: select * from movie_view  WHERE movie_view.idSet = 124
15:05:41.163 T:140361796146944   DEBUG: RunQuery took 4 ms for 3 items query: select * from movie_view  JOIN sets ON movie_view.idSet = sets.idSet WHERE sets.idSet=125 ORDER BY sets.idSet
15:05:41.170 T:140361796146944   DEBUG: RunQuery took 3 ms for 3 items query: select * from movie_view  WHERE movie_view.idSet = 125
15:05:41.177 T:140361796146944   DEBUG: RunQuery took 3 ms for 2 items query: select * from movie_view  JOIN sets ON movie_view.idSet = sets.idSet WHERE sets.idSet=126 ORDER BY sets.idSet
15:05:41.182 T:140361796146944   DEBUG: RunQuery took 2 ms for 2 items query: select * from movie_view  WHERE movie_view.idSet = 126
15:05:41.191 T:140361796146944   DEBUG: RunQuery took 5 ms for 4 items query: select * from movie_view  JOIN sets ON movie_view.idSet = sets.idSet WHERE sets.idSet=127 ORDER BY sets.idSet
15:05:41.197 T:140361796146944   DEBUG: RunQuery took 3 ms for 4 items query: select * from movie_view  WHERE movie_view.idSet = 127
15:05:41.205 T:140361796146944   DEBUG: RunQuery took 3 ms for 2 items query: select * from movie_view  JOIN sets ON movie_view.idSet = sets.idSet WHERE sets.idSet=128 ORDER BY sets.idSet
15:05:41.210 T:140361796146944   DEBUG: RunQuery took 3 ms for 2 items query: select * from movie_view  WHERE movie_view.idSet = 128
15:05:41.219 T:140361796146944   DEBUG: RunQuery took 4 ms for 2 items query: select * from movie_view  JOIN sets ON movie_view.idSet = sets.idSet WHERE sets.idSet=129 ORDER BY sets.idSet
15:05:41.225 T:140361796146944   DEBUG: RunQuery took 4 ms for 2 items query: select * from movie_view  WHERE movie_view.idSet = 129
15:05:41.233 T:140361796146944   DEBUG: RunQuery took 4 ms for 2 items query: select * from movie_view  JOIN sets ON movie_view.idSet = sets.idSet WHERE sets.idSet=130 ORDER BY sets.idSet
15:05:41.240 T:140361796146944   DEBUG: RunQuery took 3 ms for 2 items query: select * from movie_view  WHERE movie_view.idSet = 130
15:05:41.250 T:140361796146944   DEBUG: RunQuery took 5 ms for 2 items query: select * from movie_view  JOIN sets ON movie_view.idSet = sets.idSet WHERE sets.idSet=131 ORDER BY sets.idSet
15:05:41.255 T:140361796146944   DEBUG: RunQuery took 3 ms for 2 items query: select * from movie_view  WHERE movie_view.idSet = 131
15:05:41.261 T:140361796146944   DEBUG: RunQuery took 2 ms for 1 items query: select * from movie_view  JOIN sets ON movie_view.idSet = sets.idSet WHERE sets.idSet=132 ORDER BY sets.idSet
15:05:41.267 T:140361796146944   DEBUG: RunQuery took 3 ms for 1 items query: select * from movie_view  WHERE movie_view.idSet = 132
15:05:41.275 T:140361796146944   DEBUG: RunQuery took 4 ms for 4 items query: select * from movie_view  JOIN sets ON movie_view.idSet = sets.idSet WHERE sets.idSet=133 ORDER BY sets.idSet
15:05:41.282 T:140361796146944   DEBUG: RunQuery took 4 ms for 4 items query: select * from movie_view  WHERE movie_view.idSet = 133
15:05:41.290 T:140361796146944   DEBUG: RunQuery took 3 ms for 5 items query: select * from movie_view  JOIN sets ON movie_view.idSet = sets.idSet WHERE sets.idSet=135 ORDER BY sets.idSet
15:05:41.296 T:140361796146944   DEBUG: RunQuery took 3 ms for 5 items query: select * from movie_view  WHERE movie_view.idSet = 135
15:05:41.305 T:140361796146944   DEBUG: RunQuery took 4 ms for 2 items query: select * from movie_view  JOIN sets ON movie_view.idSet = sets.idSet WHERE sets.idSet=136 ORDER BY sets.idSet
15:05:41.310 T:140361796146944   DEBUG: RunQuery took 3 ms for 2 items query: select * from movie_view  WHERE movie_view.idSet = 136
15:05:41.319 T:140361796146944   DEBUG: RunQuery took 3 ms for 1 items query: select * from movie_view  JOIN sets ON movie_view.idSet = sets.idSet WHERE sets.idSet=137 ORDER BY sets.idSet
15:05:41.324 T:140361796146944   DEBUG: RunQuery took 3 ms for 1 items query: select * from movie_view  WHERE movie_view.idSet = 137
15:05:41.333 T:140361796146944   DEBUG: RunQuery took 4 ms for 1 items query: select * from movie_view  JOIN sets ON movie_view.idSet = sets.idSet WHERE sets.idSet=138 ORDER BY sets.idSet
15:05:41.338 T:140361796146944   DEBUG: RunQuery took 3 ms for 1 items query: select * from movie_view  WHERE movie_view.idSet = 138
15:05:41.345 T:140361796146944   DEBUG: RunQuery took 3 ms for 3 items query: select * from movie_view  JOIN sets ON movie_view.idSet = sets.idSet WHERE sets.idSet=139 ORDER BY sets.idSet
15:05:41.350 T:140361796146944   DEBUG: RunQuery took 3 ms for 3 items query: select * from movie_view  WHERE movie_view.idSet = 139
15:05:41.359 T:140361796146944   DEBUG: RunQuery took 5 ms for 4 items query: select * from movie_view  JOIN sets ON movie_view.idSet = sets.idSet WHERE sets.idSet=140 ORDER BY sets.idSet
15:05:41.366 T:140361796146944   DEBUG: RunQuery took 4 ms for 4 items query: select * from movie_view  WHERE movie_view.idSet = 140
15:05:41.374 T:140361796146944   DEBUG: RunQuery took 3 ms for 1 items query: select * from movie_view  JOIN sets ON movie_view.idSet = sets.idSet WHERE sets.idSet=141 ORDER BY sets.idSet
15:05:41.379 T:140361796146944   DEBUG: RunQuery took 2 ms for 1 items query: select * from movie_view  WHERE movie_view.idSet = 141
15:05:41.386 T:140361796146944   DEBUG: RunQuery took 3 ms for 1 items query: select * from movie_view  JOIN sets ON movie_view.idSet = sets.idSet WHERE sets.idSet=142 ORDER BY sets.idSet
15:05:41.391 T:140361796146944   DEBUG: RunQuery took 3 ms for 1 items query: select * from movie_view  WHERE movie_view.idSet = 142
15:05:41.399 T:140361796146944   DEBUG: RunQuery took 3 ms for 2 items query: select * from movie_view  JOIN sets ON movie_view.idSet = sets.idSet WHERE sets.idSet=143 ORDER BY sets.idSet
15:05:41.406 T:140361796146944   DEBUG: RunQuery took 2 ms for 2 items query: select * from movie_view  WHERE movie_view.idSet = 143
15:05:41.414 T:140361796146944   DEBUG: RunQuery took 3 ms for 4 items query: select * from movie_view  JOIN sets ON movie_view.idSet = sets.idSet WHERE sets.idSet=144 ORDER BY sets.idSet
15:05:41.420 T:140361796146944   DEBUG: RunQuery took 2 ms for 4 items query: select * from movie_view  WHERE movie_view.idSet = 144
15:05:41.429 T:140361796146944   DEBUG: RunQuery took 4 ms for 2 items query: select * from movie_view  JOIN sets ON movie_view.idSet = sets.idSet WHERE sets.idSet=145 ORDER BY sets.idSet
15:05:41.433 T:140361796146944   DEBUG: RunQuery took 3 ms for 2 items query: select * from movie_view  WHERE movie_view.idSet = 145
15:05:41.442 T:140361796146944   DEBUG: RunQuery took 4 ms for 1 items query: select * from movie_view  JOIN sets ON movie_view.idSet = sets.idSet WHERE sets.idSet=146 ORDER BY sets.idSet
15:05:41.448 T:140361796146944   DEBUG: RunQuery took 3 ms for 1 items query: select * from movie_view  WHERE movie_view.idSet = 146
15:05:41.456 T:140361796146944   DEBUG: RunQuery took 3 ms for 2 items query: select * from movie_view  JOIN sets ON movie_view.idSet = sets.idSet WHERE sets.idSet=147 ORDER BY sets.idSet
15:05:41.461 T:140361796146944   DEBUG: RunQuery took 2 ms for 2 items query: select * from movie_view  WHERE movie_view.idSet = 147
15:05:41.468 T:140361796146944   DEBUG: RunQuery took 2 ms for 1 items query: select * from movie_view  JOIN sets ON movie_view.idSet = sets.idSet WHERE sets.idSet=148 ORDER BY sets.idSet
15:05:41.473 T:140361796146944   DEBUG: RunQuery took 2 ms for 1 items query: select * from movie_view  WHERE movie_view.idSet = 148
15:05:41.481 T:140361796146944   DEBUG: RunQuery took 4 ms for 4 items query: select * from movie_view  JOIN sets ON movie_view.idSet = sets.idSet WHERE sets.idSet=149 ORDER BY sets.idSet
15:05:41.488 T:140361796146944   DEBUG: RunQuery took 4 ms for 4 items query: select * from movie_view  WHERE movie_view.idSet = 149
15:05:41.496 T:140361796146944   DEBUG: RunQuery took 4 ms for 3 items query: select * from movie_view  JOIN sets ON movie_view.idSet = sets.idSet WHERE sets.idSet=150 ORDER BY sets.idSet
15:05:41.502 T:140361796146944   DEBUG: RunQuery took 4 ms for 3 items query: select * from movie_view  WHERE movie_view.idSet = 150
15:05:41.509 T:140361796146944   DEBUG: RunQuery took 2 ms for 1 items query: select * from movie_view  JOIN sets ON movie_view.idSet = sets.idSet WHERE sets.idSet=151 ORDER BY sets.idSet
15:05:41.514 T:140361796146944   DEBUG: RunQuery took 2 ms for 1 items query: select * from movie_view  WHERE movie_view.idSet = 151
15:05:41.521 T:140361796146944   DEBUG: RunQuery took 3 ms for 1 items query: select * from movie_view  JOIN sets ON movie_view.idSet = sets.idSet WHERE sets.idSet=152 ORDER BY sets.idSet
15:05:41.528 T:140361796146944   DEBUG: RunQuery took 4 ms for 1 items query: select * from movie_view  WHERE movie_view.idSet = 152
15:05:41.536 T:140361796146944   DEBUG: RunQuery took 3 ms for 1 items query: select * from movie_view  JOIN sets ON movie_view.idSet = sets.idSet WHERE sets.idSet=153 ORDER BY sets.idSet
15:05:41.542 T:140361796146944   DEBUG: RunQuery took 2 ms for 1 items query: select * from movie_view  WHERE movie_view.idSet = 153
15:05:41.549 T:140361796146944   DEBUG: RunQuery took 3 ms for 1 items query: select * from movie_view  JOIN sets ON movie_view.idSet = sets.idSet WHERE sets.idSet=154 ORDER BY sets.idSet
15:05:41.553 T:140361796146944   DEBUG: RunQuery took 2 ms for 1 items query: select * from movie_view  WHERE movie_view.idSet = 154
15:05:41.560 T:140361796146944   DEBUG: RunQuery took 3 ms for 2 items query: select * from movie_view  JOIN sets ON movie_view.idSet = sets.idSet WHERE sets.idSet=155 ORDER BY sets.idSet
15:05:41.565 T:140361796146944   DEBUG: RunQuery took 3 ms for 2 items query: select * from movie_view  WHERE movie_view.idSet = 155
15:05:41.573 T:140361796146944   DEBUG: RunQuery took 3 ms for 7 items query: select * from movie_view  JOIN sets ON movie_view.idSet = sets.idSet WHERE sets.idSet=157 ORDER BY sets.idSet
15:05:41.579 T:140361796146944   DEBUG: RunQuery took 3 ms for 7 items query: select * from movie_view  WHERE movie_view.idSet = 157
15:05:41.587 T:140361796146944   DEBUG: RunQuery took 2 ms for 1 items query: select * from movie_view  JOIN sets ON movie_view.idSet = sets.idSet WHERE sets.idSet=158 ORDER BY sets.idSet
15:05:41.592 T:140361796146944   DEBUG: RunQuery took 2 ms for 1 items query: select * from movie_view  WHERE movie_view.idSet = 158
15:05:41.600 T:140361796146944   DEBUG: RunQuery took 4 ms for 2 items query: select * from movie_view  JOIN sets ON movie_view.idSet = sets.idSet WHERE sets.idSet=159 ORDER BY sets.idSet
15:05:41.605 T:140361796146944   DEBUG: RunQuery took 3 ms for 2 items query: select * from movie_view  WHERE movie_view.idSet = 159
15:05:41.614 T:140361796146944   DEBUG: RunQuery took 4 ms for 1 items query: select * from movie_view  JOIN sets ON movie_view.idSet = sets.idSet WHERE sets.idSet=160 ORDER BY sets.idSet
15:05:41.620 T:140361796146944   DEBUG: RunQuery took 3 ms for 1 items query: select * from movie_view  WHERE movie_view.idSet = 160
15:05:41.629 T:140361796146944   DEBUG: RunQuery took 4 ms for 1 items query: select * from movie_view  JOIN sets ON movie_view.idSet = sets.idSet WHERE sets.idSet=161 ORDER BY sets.idSet
15:05:41.634 T:140361796146944   DEBUG: RunQuery took 3 ms for 1 items query: select * from movie_view  WHERE movie_view.idSet = 161
15:05:41.640 T:140361796146944   DEBUG: RunQuery took 2 ms for 3 items query: select * from movie_view  JOIN sets ON movie_view.idSet = sets.idSet WHERE sets.idSet=162 ORDER BY sets.idSet
15:05:41.645 T:140361796146944   DEBUG: RunQuery took 2 ms for 3 items query: select * from movie_view  WHERE movie_view.idSet = 162
15:05:41.653 T:140361796146944   DEBUG: RunQuery took 3 ms for 1 items query: select * from movie_view  JOIN sets ON movie_view.idSet = sets.idSet WHERE sets.idSet=163 ORDER BY sets.idSet
15:05:41.659 T:140361796146944   DEBUG: RunQuery took 2 ms for 1 items query: select * from movie_view  WHERE movie_view.idSet = 163
15:05:41.668 T:140361796146944   DEBUG: RunQuery took 4 ms for 1 items query: select * from movie_view  JOIN sets ON movie_view.idSet = sets.idSet WHERE sets.idSet=164 ORDER BY sets.idSet
15:05:41.674 T:140361796146944   DEBUG: RunQuery took 3 ms for 1 items query: select * from movie_view  WHERE movie_view.idSet = 164
15:05:41.681 T:140361796146944   DEBUG: RunQuery took 3 ms for 4 items query: select * from movie_view  JOIN sets ON movie_view.idSet = sets.idSet WHERE sets.idSet=165 ORDER BY sets.idSet
15:05:41.686 T:140361796146944   DEBUG: RunQuery took 2 ms for 4 items query: select * from movie_view  WHERE movie_view.idSet = 165
15:05:41.694 T:140361796146944   DEBUG: RunQuery took 3 ms for 1 items query: select * from movie_view  JOIN sets ON movie_view.idSet = sets.idSet WHERE sets.idSet=166 ORDER BY sets.idSet
15:05:41.700 T:140361796146944   DEBUG: RunQuery took 3 ms for 1 items query: select * from movie_view  WHERE movie_view.idSet = 166
15:05:41.708 T:140361796146944   DEBUG: RunQuery took 3 ms for 4 items query: select * from movie_view  JOIN sets ON movie_view.idSet = sets.idSet WHERE sets.idSet=167 ORDER BY sets.idSet
15:05:41.713 T:140361796146944   DEBUG: RunQuery took 2 ms for 4 items query: select * from movie_view  WHERE movie_view.idSet = 167
15:05:41.720 T:140361796146944   DEBUG: RunQuery took 3 ms for 1 items query: select * from movie_view  JOIN sets ON movie_view.idSet = sets.idSet WHERE sets.idSet=168 ORDER BY sets.idSet
15:05:41.725 T:140361796146944   DEBUG: RunQuery took 2 ms for 1 items query: select * from movie_view  WHERE movie_view.idSet = 168
15:05:41.732 T:140361796146944   DEBUG: RunQuery took 3 ms for 1 items query: select * from movie_view  JOIN sets ON movie_view.idSet = sets.idSet WHERE sets.idSet=170 ORDER BY sets.idSet
15:05:41.737 T:140361796146944   DEBUG: RunQuery took 2 ms for 1 items query: select * from movie_view  WHERE movie_view.idSet = 170
15:05:41.746 T:140361796146944   DEBUG: RunQuery took 4 ms for 1 items query: select * from movie_view  JOIN sets ON movie_view.idSet = sets.idSet WHERE sets.idSet=171 ORDER BY sets.idSet
15:05:41.753 T:140361796146944   DEBUG: RunQuery took 4 ms for 1 items query: select * from movie_view  WHERE movie_view.idSet = 171
15:05:41.759 T:140361796146944   DEBUG: RunQuery took 2 ms for 1 items query: select * from movie_view  JOIN sets ON movie_view.idSet = sets.idSet WHERE sets.idSet=172 ORDER BY sets.idSet
15:05:41.763 T:140361796146944   DEBUG: RunQuery took 3 ms for 1 items query: select * from movie_view  WHERE movie_view.idSet = 172
15:05:41.772 T:140361796146944   DEBUG: RunQuery took 4 ms for 2 items query: select * from movie_view  JOIN sets ON movie_view.idSet = sets.idSet WHERE sets.idSet=173 ORDER BY sets.idSet
15:05:41.777 T:140361796146944   DEBUG: RunQuery took 3 ms for 2 items query: select * from movie_view  WHERE movie_view.idSet = 173
15:05:41.784 T:140361796146944   DEBUG: RunQuery took 3 ms for 1 items query: select * from movie_view  JOIN sets ON movie_view.idSet = sets.idSet WHERE sets.idSet=175 ORDER BY sets.idSet
15:05:41.790 T:140361796146944   DEBUG: RunQuery took 3 ms for 1 items query: select * from movie_view  WHERE movie_view.idSet = 175
15:05:41.798 T:140361796146944   DEBUG: RunQuery took 4 ms for 6 items query: select * from movie_view  JOIN sets ON movie_view.idSet = sets.idSet WHERE sets.idSet=176 ORDER BY sets.idSet
15:05:41.804 T:140361796146944   DEBUG: RunQuery took 3 ms for 6 items query: select * from movie_view  WHERE movie_view.idSet = 176
15:05:41.811 T:140361796146944   DEBUG: RunQuery took 3 ms for 1 items query: select * from movie_view  JOIN sets ON movie_view.idSet = sets.idSet WHERE sets.idSet=177 ORDER BY sets.idSet
15:05:41.818 T:140361796146944   DEBUG: RunQuery took 3 ms for 1 items query: select * from movie_view  WHERE movie_view.idSet = 177
15:05:41.827 T:140361796146944   DEBUG: RunQuery took 4 ms for 1 items query: select * from movie_view  JOIN sets ON movie_view.idSet = sets.idSet WHERE sets.idSet=178 ORDER BY sets.idSet
